rewrite (?i)^/css/atrules/@charset$ /css/atrules/charset break;
rewrite (?i)^/css/atrules/@font-face$ /css/atrules/font-face break;
rewrite (?i)^/css/atrules/@import$ /css/atrules/import break;
rewrite (?i)^/css/atrules/@keyframes$ /css/atrules/keyframes break;
rewrite (?i)^/css/atrules/@media$ /css/atrules/media break;
rewrite (?i)^/css/atrules/@namespace$ /css/atrules/namespace break;
rewrite (?i)^/css/atrules/@page$ /css/atrules/page break;
rewrite (?i)^/css/atrules/@region$ /css/atrules/region break;
rewrite (?i)^/css/atrules/@supports$ /css/atrules/supports break;
rewrite (?i)^/css/atrules/@viewport$ /css/atrules/viewport break;
rewrite (?i)^/css/functions/matrix\(\)$ /css/functions/matrix break;
rewrite (?i)^/css/functions/rotate\(\)$ /css/functions/rotate break;
rewrite (?i)^/css/functions/rotate3d\(\)$ /css/functions/rotate3d break;
rewrite (?i)^/css/functions/rotateX\(\)$ /css/functions/rotateX break;
rewrite (?i)^/css/functions/rotateY\(\)$ /css/functions/rotateY break;
rewrite (?i)^/css/functions/rotateZ\(\)$ /css/functions/rotateZ break;
rewrite (?i)^/css/functions/scale\(\)$ /css/functions/scale break;
rewrite (?i)^/css/functions/scale3d\(\)$ /css/functions/scale3d break;
rewrite (?i)^/css/functions/scaleX\(\)$ /css/functions/scaleX break;
rewrite (?i)^/css/functions/scaleY\(\)$ /css/functions/scaleY break;
rewrite (?i)^/css/functions/scaleZ\(\)$ /css/functions/scaleZ break;
rewrite (?i)^/css/functions/skew\(\)$ /css/functions/skew break;
rewrite (?i)^/css/functions/skewX\(\)$ /css/functions/skewX break;
rewrite (?i)^/css/functions/skewY\(\)$ /css/functions/skewY break;
rewrite (?i)^/css/functions/translate\(\)$ /css/functions/translate break;
rewrite (?i)^/css/functions/translate3d\(\)$ /css/functions/translate3d break;
rewrite (?i)^/css/functions/translateX\(\)$ /css/functions/translateX break;
rewrite (?i)^/css/functions/translateY\(\)$ /css/functions/translateY break;
rewrite (?i)^/css/functions/translateZ\(\)$ /css/functions/translateZ break;
rewrite (?i)^/css/functions/url\(\)$ /css/functions/url break;
rewrite (?i)^/css/selectors/pseudo-classes/\:-ms-input-placeholder$ /css/selectors/pseudo-classes/-ms-input-placeholder break;
rewrite (?i)^/css/selectors/pseudo-classes/\:active$ /css/selectors/pseudo-classes/active break;
rewrite (?i)^/css/selectors/pseudo-classes/\:checked$ /css/selectors/pseudo-classes/checked break;
rewrite (?i)^/css/selectors/pseudo-classes/\:disabled$ /css/selectors/pseudo-classes/disabled break;
rewrite (?i)^/css/selectors/pseudo-classes/\:empty$ /css/selectors/pseudo-classes/empty break;
rewrite (?i)^/css/selectors/pseudo-classes/\:enabled$ /css/selectors/pseudo-classes/enabled break;
rewrite (?i)^/css/selectors/pseudo-classes/\:first-child$ /css/selectors/pseudo-classes/first-child break;
rewrite (?i)^/css/selectors/pseudo-classes/\:first-of-type$ /css/selectors/pseudo-classes/first-of-type break;
rewrite (?i)^/css/selectors/pseudo-classes/\:focus$ /css/selectors/pseudo-classes/focus break;
rewrite (?i)^/css/selectors/pseudo-classes/\:hover$ /css/selectors/pseudo-classes/hover break;
rewrite (?i)^/css/selectors/pseudo-classes/\:in-range$ /css/selectors/pseudo-classes/in-range break;
rewrite (?i)^/css/selectors/pseudo-classes/\:indeterminate$ /css/selectors/pseudo-classes/indeterminate break;
rewrite (?i)^/css/selectors/pseudo-classes/\:invalid$ /css/selectors/pseudo-classes/invalid break;
rewrite (?i)^/css/selectors/pseudo-classes/\:lang\(c\)$ /css/selectors/pseudo-classes/lang break;
rewrite (?i)^/css/selectors/pseudo-classes/\:last-child$ /css/selectors/pseudo-classes/last-child break;
rewrite (?i)^/css/selectors/pseudo-classes/\:last-of-type$ /css/selectors/pseudo-classes/last-of-type break;
rewrite (?i)^/css/selectors/pseudo-classes/\:link$ /css/selectors/pseudo-classes/link break;
rewrite (?i)^/css/selectors/pseudo-classes/\:not$ /css/selectors/pseudo-classes/not break;
rewrite (?i)^/css/selectors/pseudo-classes/\:nth-child\(n\)$ /css/selectors/pseudo-classes/nth-child break;
rewrite (?i)^/css/selectors/pseudo-classes/\:nth-last-child\(n\)$ /css/selectors/pseudo-classes/nth-last-child break;
rewrite (?i)^/css/selectors/pseudo-classes/\:nth-last-of-type\(n\)$ /css/selectors/pseudo-classes/nth-last-of-type break;
rewrite (?i)^/css/selectors/pseudo-classes/\:nth-of-type\(n\)$ /css/selectors/pseudo-classes/nth-of-type break;
rewrite (?i)^/css/selectors/pseudo-classes/\:only-child$ /css/selectors/pseudo-classes/only-child break;
rewrite (?i)^/css/selectors/pseudo-classes/\:only-of-type$ /css/selectors/pseudo-classes/only-of-type break;
rewrite (?i)^/css/selectors/pseudo-classes/\:optional$ /css/selectors/pseudo-classes/optional break;
rewrite (?i)^/css/selectors/pseudo-classes/\:required$ /css/selectors/pseudo-classes/required break;
rewrite (?i)^/css/selectors/pseudo-classes/\:root$ /css/selectors/pseudo-classes/root break;
rewrite (?i)^/css/selectors/pseudo-classes/\:target$ /css/selectors/pseudo-classes/target break;
rewrite (?i)^/css/selectors/pseudo-classes/\:valid$ /css/selectors/pseudo-classes/valid break;
rewrite (?i)^/css/selectors/pseudo-classes/\:visited$ /css/selectors/pseudo-classes/visited break;
rewrite (?i)^/css/selectors/pseudo-elements/\:\:after$ /css/selectors/pseudo-elements/after break;
rewrite (?i)^/css/selectors/pseudo-elements/\:\:before$ /css/selectors/pseudo-elements/before break;
rewrite (?i)^/css/selectors/pseudo-elements/\:\:first-letter$ /css/selectors/pseudo-elements/first-letter break;
rewrite (?i)^/css/selectors/pseudo-elements/\:\:first-line$ /css/selectors/pseudo-elements/first-line break;
rewrite (?i)^/css/selectors/pseudo-elements/\:\:region$ /css/selectors/pseudo-elements/region break;
rewrite (?i)^/css/selectors/pseudo-elements/\:\:selection$ /css/selectors/pseudo-elements/selection break;
rewrite (?i)^/css/syntax/!important$ /css/syntax/important break;
rewrite (?i)^/html/attributes/max\(HTMLProgressElement\)$ /html/attributes/maxHTMLProgressElement break;
rewrite (?i)^/html/elements/!DOCTYPE$ /html/elements/DOCTYPE break;
rewrite (?i)^/html/elements/!DOCTYPE/ja$ /html/elements/DOCTYPE/ja break;
rewrite (?i)^/Accept$ /http/headers/Accept break;
rewrite (?i)^/apis/css-regions/NamedFlow/regionlayoutupdate$ /apis/css-regions/NamedFlow/regionfragmentchange break;
rewrite (?i)^/apis/indexeddb/IDBCuror/update$ /apis/indexeddb/IDBCursor/update break;
rewrite (?i)^/apis/pointerevents/PointerEvent$ /dom/objects/PointerEvent break;
rewrite (?i)^/apis/timing/methods/requestAnimationFrame$ /dom/Window/requestAnimationFrame break;
rewrite (?i)^/apis/timing/properties/domContentLoadedEventEnd$ /apis/navigation_timing/PerformanceTiming/domContentLoadedEventEnd break;
rewrite (?i)^/apis/webrtc/objects/MediaStream/properties/videoTracks$ /apis/webrtc/MediaStream/videoTracks break;
rewrite (?i)^/apis/webrtc/objects/MediaStreamTrack$ /apis/webrtc/MediaStreamTrack break;
rewrite (?i)^/apis/webrtc/objects/MediaStreamTrack/events/ended$ /apis/webrtc/MediaStreamTrack/ended break;
rewrite (?i)^/apis/webrtc/objects/MediaStreamTrack/events/muted$ /apis/webrtc/MediaStreamTrack/muted break;
rewrite (?i)^/apis/webrtc/objects/MediaStreamTrack/events/unmuted$ /apis/webrtc/MediaStreamTrack/unmuted break;
rewrite (?i)^/apis/webrtc/objects/MediaStreamTrack/properties/enabled$ /apis/webrtc/MediaStreamTrack/enabled break;
rewrite (?i)^/apis/webrtc/objects/MediaStreamTrack/properties/kind$ /apis/webrtc/MediaStreamTrack/kind break;
rewrite (?i)^/apis/webrtc/objects/MediaStreamTrack/properties/label$ /apis/webrtc/MediaStreamTrack/label break;
rewrite (?i)^/apis/webrtc/objects/MediaStreamTrack/properties/onended$ /apis/webrtc/MediaStreamTrack/onended break;
rewrite (?i)^/apis/webrtc/objects/MediaStreamTrack/properties/onmute$ /apis/webrtc/MediaStreamTrack/onmute break;
rewrite (?i)^/apis/webrtc/objects/MediaStreamTrack/properties/readyState$ /apis/webrtc/MediaStreamTrack/readyState break;
rewrite (?i)^/apis/webrtc/objects/MediaStreamTrackList$ /apis/webrtc/MediaStreamTrackList break;
rewrite (?i)^/apis/webrtc/objects/MediaStreamTrackList/events/addtrack$ /apis/webrtc/MediaStreamTrackList/addtrack break;
rewrite (?i)^/apis/webrtc/objects/MediaStreamTrackList/events/removetrack$ /apis/webrtc/MediaStreamTrackList/removetrack break;
rewrite (?i)^/apis/webrtc/objects/MediaStreamTrackList/methods/add$ /apis/webrtc/MediaStreamTrackList/add break;
rewrite (?i)^/apis/webrtc/objects/MediaStreamTrackList/methods/item$ /apis/webrtc/MediaStreamTrackList/item break;
rewrite (?i)^/apis/webrtc/objects/MediaStreamTrackList/methods/remove$ /apis/webrtc/MediaStreamTrackList/remove break;
rewrite (?i)^/apis/webrtc/objects/MediaStreamTrackList/properties/length$ /apis/webrtc/MediaStreamTrackList/length break;
rewrite (?i)^/apis/webrtc/objects/MediaStreamTrackList/properties/onaddtrack$ /apis/webrtc/MediaStreamTrackList/onaddtrack break;
rewrite (?i)^/apis/webrtc/objects/MediaStreamTrackList/properties/onremovetrack$ /apis/webrtc/MediaStreamTrackList/onremovetrack break;
rewrite (?i)^/apis/websockets/CloseEvent$ /apis/websocket/CloseEvent break;
rewrite (?i)^/apis/websockets/CloseEvent/code$ /apis/websocket/CloseEvent/code break;
rewrite (?i)^/apis/websockets/CloseEvent/reason$ /apis/websocket/CloseEvent/reason break;
rewrite (?i)^/apis/websockets/CloseEvent/wasClean$ /apis/websocket/CloseEvent/wasClean break;
rewrite (?i)^/apis/websockets/MessageEvent$ /apis/websocket/MessageEvent break;
rewrite (?i)^/apis/websockets/MessageEvent/data$ /apis/websocket/MessageEvent/data break;
rewrite (?i)^/A(\ |_)Quick(\ |_)Start(\ |_)to(\ |_)getting(\ |_)started(\ |_)contributing(\ |_)to(\ |_)Web(\ |_)Platform.org$ /WPD/Quick_Start break;
rewrite (?i)^/bdi$ /html/elements/bdi break;
rewrite (?i)^/border-image$ /css/properties/border-image break;
rewrite (?i)^/canvas$ /html/elements/canvas break;
rewrite (?i)^/concepts/localisation$ /concepts/internationalization break;
rewrite (?i)^/concepts/PointerEvents$ /concepts/Pointer_Events break;
rewrite (?i)^/concepts/proprietary-ie-techniques$ /concepts/proprietary_internet_explorer_techniques break;
rewrite (?i)^/cross-fade$ /css/functions/cross-fade break;
rewrite (?i)^/css/atrules/-ms-viewport$ /css/atrules/viewport break;
rewrite (?i)^/css/cross-fade$ /css/functions/cross-fade break;
rewrite (?i)^/css/cssom/CSSRegionStyleRule$ /OLDcss/cssom/CSSRegionStyleRule break;
rewrite (?i)^/css/cssom/CSSRule/CSSRule$ /css/cssom/CSSRule break;
rewrite (?i)^/css/cssom/methods/removeImport$ /css/cssom/styleSheet/removeImport break;
rewrite (?i)^/css/cssom/methods/removeProperty$ /css/cssom/CSSStyleDeclaration/removeProperty break;
rewrite (?i)^/css/cssom/methods/removeRule$ /css/cssom/styleSheet/removeRule break;
rewrite (?i)^/css/cssom/methods/setProperty$ /css/cssom/CSSStyleDeclaration/setProperty break;
rewrite (?i)^/css/cssom/NamedFlow$ /apis/css-regions/NamedFlow break;
rewrite (?i)^/css/cssom/NamedFlow/firstEmptyRegionIndex$ /apis/css-regions/NamedFlow/firstEmptyRegionIndex break;
rewrite (?i)^/css/cssom/NamedFlow/getContent$ /apis/css-regions/NamedFlow/getContent break;
rewrite (?i)^/css/cssom/NamedFlow/getNamedFlows$ /apis/css-regions/NamedFlow/getNamedFlows break;
rewrite (?i)^/css/cssom/NamedFlow/getRegions$ /apis/css-regions/NamedFlow/getRegions break;
rewrite (?i)^/css/cssom/NamedFlow/getRegionsByContent$ /apis/css-regions/NamedFlow/getRegionsByContent break;
rewrite (?i)^/css/cssom/NamedFlow/name$ /apis/css-regions/NamedFlow/name break;
rewrite (?i)^/css/cssom/NamedFlow/overset$ /apis/css-regions/NamedFlow/overset break;
rewrite (?i)^/css/cssom/NamedFlow/regionlayoutupdate$ /apis/css-regions/NamedFlow/regionlayoutupdate break;
rewrite (?i)^/css/cssom/Region$ /apis/css-regions/Region break;
rewrite (?i)^/css/cssom/Region/getComputedRegionStyle$ /apis/css-regions/Region/getComputedRegionStyle break;
rewrite (?i)^/css/cssom/Region/getRegionFlowRanges$ /apis/css-regions/Region/getRegionFlowRanges break;
rewrite (?i)^/css/cssom/Region/regionOverset$ /apis/css-regions/Region/regionOverset break;
rewrite (?i)^/css/flexbox$ /css/properties/flex break;
rewrite (?i)^/css/functions/transition-timing-function$ /css/properties/transition-timing-function break;
rewrite (?i)^/css/linear-gradient$ /css/functions/linear-gradient break;
rewrite (?i)^/css/properties/-ms-block-progression$ /css/properties/block-progression break;
rewrite (?i)^/css/properties/-ms-box-align$ /css/properties/box-align break;
rewrite (?i)^/css/properties/-ms-box-direction$ /css/properties/box-direction break;
rewrite (?i)^/css/properties/-ms-box-flex$ /css/properties/box-flex break;
rewrite (?i)^/css/properties/-ms-box-line-progression$ /css/properties/box-line-progression break;
rewrite (?i)^/css/properties/-ms-box-lines$ /css/properties/box-lines break;
rewrite (?i)^/css/properties/-ms-box-ordinal-group$ /css/properties/box-ordinal-group break;
rewrite (?i)^/css/properties/-ms-box-pack$ /css/properties/box-pack break;
rewrite (?i)^/css/properties/-ms-content-zoom-factor$ /css/properties/msContentZoomFactor break;
rewrite (?i)^/css/properties/-ms-flex-align$ /css/properties/flex-align break;
rewrite (?i)^/css/properties/-ms-flex-item-align$ /css/properties/flex-item-align break;
rewrite (?i)^/css/properties/-ms-flex-line-pack$ /css/properties/flex-line-pack break;
rewrite (?i)^/css/properties/-ms-flex-order$ /css/properties/flex-order break;
rewrite (?i)^/css/properties/-ms-flex-pack$ /css/properties/justify-content break;
rewrite (?i)^/css/properties/-ms-linear-gradient$ /css/functions/linear-gradient break;
rewrite (?i)^/css/properties/animation/animation$ /css/properties/animation break;
rewrite (?i)^/css/properties/box-align$ /css/properties/align-items break;
rewrite (?i)^/css/properties/flex-align$ /css/properties/align-items break;
rewrite (?i)^/css/properties/flex-item-align$ /css/properties/align-self break;
rewrite (?i)^/css/properties/flex-line-pack$ /css/properties/align-content break;
rewrite (?i)^/css/properties/flex-order$ /css/properties/order break;
rewrite (?i)^/css/properties/flex-pack$ /css/properties/justify-content break;
rewrite (?i)^/css/properties/foo$ /css/properties/grid-row break;
rewrite (?i)^/css/properties/mask-border-image$ /css/properties/mask-border break;
rewrite (?i)^/css/properties/mask-box-image$ /css/properties/mask-border-image break;
rewrite (?i)^/css/properties/mask-box-image-outset$ /css/properties/mask-border-outset break;
rewrite (?i)^/css/properties/mask-box-image-repeat$ /css/properties/mask-border-repeat break;
rewrite (?i)^/css/properties/mask-box-image-slice$ /css/properties/mask-border-slice break;
rewrite (?i)^/css/properties/mask-box-image-source$ /css/properties/mask-border-source break;
rewrite (?i)^/css/properties/mask-box-image-width$ /css/properties/mask-border-width break;
rewrite (?i)^/css/properties/mask-source-type$ /css/properties/mask-mode break;
rewrite (?i)^/css/properties/ms-block-progression$ /css/properties/-ms-block-progression break;
rewrite (?i)^/css/properties/ms-box-align$ /css/properties/-ms-box-align break;
rewrite (?i)^/css/properties/ms-box-direction$ /css/properties/-ms-box-direction break;
rewrite (?i)^/css/properties/ms-box-flex$ /css/properties/-ms-box-flex break;
rewrite (?i)^/css/properties/ms-box-line-progression$ /css/properties/-ms-box-line-progression break;
rewrite (?i)^/css/properties/ms-box-lines$ /css/properties/-ms-box-lines break;
rewrite (?i)^/css/properties/ms-box-ordinal-group$ /css/properties/-ms-box-ordinal-group break;
rewrite (?i)^/css/properties/ms-box-orient$ /css/properties/-ms-box-orient break;
rewrite (?i)^/css/properties/ms-box-pack$ /css/properties/-ms-box-pack break;
rewrite (?i)^/css/properties/ms-content-zoom-chaining$ /css/properties/-ms-content-zoom-chaining break;
rewrite (?i)^/css/properties/ms-content-zoom-factor$ /css/properties/msContentZoomFactor break;
rewrite (?i)^/css/properties/ms-content-zoom-limit$ /css/properties/-ms-content-zoom-limit break;
rewrite (?i)^/css/properties/ms-content-zoom-limit-max$ /css/properties/-ms-content-zoom-limit-max break;
rewrite (?i)^/css/properties/ms-content-zoom-limit-min$ /css/properties/-ms-content-zoom-limit-min break;
rewrite (?i)^/css/properties/ms-content-zoom-snap$ /css/properties/-ms-content-zoom-snap break;
rewrite (?i)^/css/properties/ms-content-zoom-snap-points$ /css/properties/-ms-content-zoom-snap-points break;
rewrite (?i)^/css/properties/ms-content-zoom-snap-type$ /css/properties/-ms-content-zoom-snap-type break;
rewrite (?i)^/css/properties/ms-content-zooming$ /css/properties/-ms-content-zooming break;
rewrite (?i)^/css/properties/ms-flex$ /css/properties/-ms-flex break;
rewrite (?i)^/css/properties/ms-flex-align$ /css/properties/-ms-flex-align break;
rewrite (?i)^/css/properties/ms-flex-direction$ /css/properties/-ms-flex-direction break;
rewrite (?i)^/css/properties/ms-flex-flow$ /css/properties/-ms-flex-flow break;
rewrite (?i)^/css/properties/ms-flex-item-align$ /css/properties/-ms-flex-item-align break;
rewrite (?i)^/css/properties/ms-flex-line-pack$ /css/properties/-ms-flex-line-pack break;
rewrite (?i)^/css/properties/ms-flex-order$ /css/properties/-ms-flex-order break;
rewrite (?i)^/css/properties/ms-flex-pack$ /css/properties/-ms-flex-pack break;
rewrite (?i)^/css/properties/ms-flex-wrap$ /css/properties/-ms-flex-wrap break;
rewrite (?i)^/css/properties/ms-grid-column$ /css/properties/grid-column break;
rewrite (?i)^/css/properties/ms-grid-column-span$ /css/properties/grid-column-span break;
rewrite (?i)^/css/properties/ms-hyphenate-limit-lines$ /css/properties/hyphenate-limit-lines break;
rewrite (?i)^/css/properties/ms-hyphens$ /css/properties/hyphens break;
rewrite (?i)^/css/properties/ms-touch-action$ /css/properties/-ms-touch-action break;
rewrite (?i)^/css/properties/region-break-after$ /css/properties/break-after break;
rewrite (?i)^/css/properties/region-break-before$ /css/properties/break-before break;
rewrite (?i)^/css/properties/region-break-inside$ /css/properties/break-inside break;
rewrite (?i)^/css/properties/region-overflow$ /css/properties/region-fragment break;
rewrite (?i)^/css/properties/region-verflow$ /css/properties/region-overflow break;
rewrite (?i)^/css/radial-gradient$ /css/functions/radial-gradient break;
rewrite (?i)^/css/repeating-linear-gradient$ /css/functions/repeating-linear-gradient break;
rewrite (?i)^/css/repeating-radial-gradient$ /css/functions/repeating-radial-gradient break;
rewrite (?i)^/css/selectors/-ms-scrollbar-shadow-color$ /css/properties/-ms-scrollbar-shadow-color break;
rewrite (?i)^/css/selectors/border-image$ /css/properties/border-image break;
rewrite (?i)^/css/selectors/cursor$ /css/properties/cursor break;
rewrite (?i)^/css/selectors/outline$ /css/properties/outline break;
rewrite (?i)^/css/selectors/outline-color$ /css/properties/outline-color break;
rewrite (?i)^/css/selectors/outline-style$ /css/properties/outline-style break;
rewrite (?i)^/css/selectors/outline-width$ /css/properties/outline-width break;
rewrite (?i)^/css/selectors/user-select$ /css/properties/user-select break;
rewrite (?i)^/css/selectors/zoom$ /css/properties/zoom break;
rewrite (?i)^/css/text/word-spacing/word-spacing$ /css/properties/word-spacing break;
rewrite (?i)^/css/Training$ /css/tutorials break;
rewrite (?i)^/css/transforms$ /css/properties/transform break;
rewrite (?i)^/css/transforms/transform$ /css/properties/transform break;
rewrite (?i)^/css/tutorials/css-regions$ /tutorials/css-regions break;
rewrite (?i)^/css/units/color$ /css/data_types/color break;
rewrite (?i)^/css/units/text$ /css/data_types/text break;
rewrite (?i)^/data$ /html/elements/data break;
rewrite (?i)^/dom/events/DOMContentLoaded$ /dom/Event/DOMContentLoaded break;
rewrite (?i)^/dom/events/load$ /dom/Element/load break;
rewrite (?i)^/dom/images$ /dom/Image break;
rewrite (?i)^/dom/object/PointerEvent/pointercancel$ /dom/objects/PointerEvent/pointercancel break;
rewrite (?i)^/html/elements/applets$ /html/elements/applet break;
rewrite (?i)^/html/elements/comment$ /html/elements/html_comment_data-type break;
rewrite (?i)^/html/elements/dl-test$ /html/elements/dl break;
rewrite (?i)^/http$ /concepts/protocols/http break;
rewrite (?i)^/ImageCapture$ /apis/image_capture/ImageCapture break;
rewrite (?i)^/js/objects/parseFloat$ /javascript/functions/parseFloat break;
rewrite (?i)^/js/objects/parseInt$ /javascript/functions/parseInt break;
rewrite (?i)^/keygen$ /html/elements/keygen break;
rewrite (?i)^/mask-composite$ /css/properties/mask-composite break;
rewrite (?i)^/rb$ /html/elements/rb break;
rewrite (?i)^/rp$ /html/elements/rp break;
rewrite (?i)^/rtc$ /html/elements/rtc break;
rewrite (?i)^/svg/elements/feColorMix$ /svg/elements/feColorMatrix break;
rewrite (?i)^/svg/elements/feFuncGelement$ /svg/elements/feFuncG break;
rewrite (?i)^/svg/elements/patterrn$ /svg/elements/pattern break;
rewrite (?i)^/tutorial/JavaScript-Statements$ /tutorials/javascript_statements break;
rewrite (?i)^/tutorials/google-chrome-frame$ /tutorials/google_chrome_frame break;
rewrite (?i)^/tutorials/JavaScript-About$ /tutorials/javascript_about break;
rewrite (?i)^/tutorials/Mobile$ /tutorials/mobile_optimization_best_practices break;