rewrite (?i)^/apis/indexedDB$ /apis/indexeddb break;
rewrite (?i)^/beginners$ /Beginners break;
rewrite (?i)^/beginners/advanced$ /Beginners/advanced break;
rewrite (?i)^/beginners/css$ /Beginners/css break;
rewrite (?i)^/beginners/es$ /Beginners/es break;
rewrite (?i)^/beginners/glossary$ /Beginners/glossary break;
rewrite (?i)^/beginners/html$ /Beginners/html break;
rewrite (?i)^/beginners/ja$ /Beginners/ja break;
rewrite (?i)^/beginners/javascript$ /Beginners/javascript break;
rewrite (?i)^/beginners/ko$ /Beginners/ko break;
rewrite (?i)^/beginners/planning$ /Beginners/planning break;
rewrite (?i)^/beginners/programming$ /Beginners/programming break;
rewrite (?i)^/beginners/pt-br$ /Beginners/pt-br break;
rewrite (?i)^/beginners/tr$ /Beginners/tr break;
rewrite (?i)^/beginners/zh$ /Beginners/zh break;
rewrite (?i)^/concepts/accessibility/POUR$ /concepts/accessibility/pour break;
rewrite (?i)^/concepts/internet(\ |_)and(\ |_)web/About(\ |_)proxy(\ |_)based(\ |_)browsers$ /concepts/Internet_and_Web/About_proxy_based_browsers break;
rewrite (?i)^/concepts/programming/javascript/LiveConnect$ /concepts/programming/javascript/liveconnect break;
rewrite (?i)^/css/Mediaqueries$ /css/mediaqueries break;
rewrite (?i)^/css/Namespaces$ /css/namespaces break;
rewrite (?i)^/css/Properties/color$ /css/properties/color break;
rewrite (?i)^/css/Properties/opacity$ /css/properties/opacity break;
rewrite (?i)^/css/selectors/Type$ /css/selectors/type break;
rewrite (?i)^/html/attributes/dateTime$ /html/attributes/datetime break;
rewrite (?i)^/html/attributes/longDesc$ /html/attributes/longdesc break;
rewrite (?i)^/html/attributes/readOnly$ /html/attributes/readonly break;
rewrite (?i)^/tutorials/Closures$ /tutorials/closures break;
rewrite (?i)^/tutorials/Forms$ /tutorials/forms break;
rewrite (?i)^/tutorials/Location$ /tutorials/location break;
rewrite (?i)^/tutorials/Offline$ /tutorials/offline break;