rewrite (?i)^/apis/indexedDB$ /apis/indexeddb permanent;
rewrite (?i)^/beginners$ /Beginners permanent;
rewrite (?i)^/beginners/advanced$ /Beginners/advanced permanent;
rewrite (?i)^/beginners/css$ /Beginners/css permanent;
rewrite (?i)^/beginners/es$ /Beginners/es permanent;
rewrite (?i)^/beginners/glossary$ /Beginners/glossary permanent;
rewrite (?i)^/beginners/html$ /Beginners/html permanent;
rewrite (?i)^/beginners/ja$ /Beginners/ja permanent;
rewrite (?i)^/beginners/javascript$ /Beginners/javascript permanent;
rewrite (?i)^/beginners/ko$ /Beginners/ko permanent;
rewrite (?i)^/beginners/planning$ /Beginners/planning permanent;
rewrite (?i)^/beginners/programming$ /Beginners/programming permanent;
rewrite (?i)^/beginners/pt-br$ /Beginners/pt-br permanent;
rewrite (?i)^/beginners/tr$ /Beginners/tr permanent;
rewrite (?i)^/beginners/zh$ /Beginners/zh permanent;
rewrite (?i)^/concepts/accessibility/POUR$ /concepts/accessibility/pour permanent;
rewrite (?i)^/concepts/internet(\ |_)and(\ |_)web/About(\ |_)proxy(\ |_)based(\ |_)browsers$ /concepts/Internet_and_Web/About_proxy_based_browsers permanent;
rewrite (?i)^/concepts/programming/javascript/LiveConnect$ /concepts/programming/javascript/liveconnect permanent;
rewrite (?i)^/css/Mediaqueries$ /css/mediaqueries permanent;
rewrite (?i)^/css/Namespaces$ /css/namespaces permanent;
rewrite (?i)^/css/Properties/color$ /css/properties/color permanent;
rewrite (?i)^/css/Properties/opacity$ /css/properties/opacity permanent;
rewrite (?i)^/css/selectors/Type$ /css/selectors/type permanent;
rewrite (?i)^/html/attributes/dateTime$ /html/attributes/datetime permanent;
rewrite (?i)^/html/attributes/longDesc$ /html/attributes/longdesc permanent;
rewrite (?i)^/html/attributes/readOnly$ /html/attributes/readonly permanent;
rewrite (?i)^/tutorials/Closures$ /tutorials/closures permanent;
rewrite (?i)^/tutorials/Forms$ /tutorials/forms permanent;
rewrite (?i)^/tutorials/Location$ /tutorials/location permanent;
rewrite (?i)^/tutorials/Offline$ /tutorials/offline permanent;