# Most likely OK to ignore, but good enough to check if adresses here works
rewrite (?i)^/CSS/Selectors/pseudo-classes/\:target$ /CSS/Selectors/pseudo-classes/target break;
rewrite (?i)^/beginners/crash(\ |_)course$ /Beginners/crash_course break;
rewrite (?i)^/beginners/the(\ |_)beginning$ /Beginners/the_beginning break;
rewrite (?i)^/concepts/Color(\ |_)theory$ /concepts/color_theory break;
rewrite (?i)^/concepts/Design(\ |_)theory$ /concepts/design_theory break;
rewrite (?i)^/concepts/Information(\ |_)architecture$ /concepts/information_architecture break;
rewrite (?i)^/concepts/internet(\ |_)and(\ |_)web$ /concepts/Internet_and_Web break;
rewrite (?i)^/concepts/internet(\ |_)and(\ |_)web/About(\ |_)HTML5(\ |_)hybrid(\ |_)applications$ /concepts/Internet_and_Web/About_HTML5_hybrid_applications break;
rewrite (?i)^/concepts/Internet(\ |_)and(\ |_)Web/About(\ |_)proxy(\ |_)based(\ |_)browsers$ /concepts/Internet_and_Web/proxy_based_browsers break;
rewrite (?i)^/concepts/internet(\ |_)and(\ |_)web/how(\ |_)browsers(\ |_)work$ /concepts/Internet_and_Web/how_browsers_work break;
rewrite (?i)^/concepts/Internet(\ |_)and(\ |_)web/how(\ |_)does(\ |_)the(\ |_)internet(\ |_)work$ /concepts/Internet_and_Web/How_does_the_Internet_Work break;
rewrite (?i)^/concepts/internet(\ |_)and(\ |_)web/how(\ |_)does(\ |_)the(\ |_)internet(\ |_)work$ /concepts/Internet_and_Web/How_does_the_Internet_Work break;
rewrite (?i)^/concepts/internet(\ |_)and(\ |_)web/How(\ |_)does(\ |_)the(\ |_)Internet(\ |_)Work$ /concepts/Internet_and_Web/How_does_the_Internet_Work break;
rewrite (?i)^/concepts/internet(\ |_)and(\ |_)web/how(\ |_)does(\ |_)the(\ |_)internet(\ |_)work/es$ /concepts/Internet_and_Web/How_does_the_Internet_Work/es break;
rewrite (?i)^/concepts/internet(\ |_)and(\ |_)web/how(\ |_)does(\ |_)the(\ |_)internet(\ |_)work/ja$ /concepts/Internet_and_Web/How_does_the_Internet_Work/ja break;
rewrite (?i)^/concepts/internet(\ |_)and(\ |_)web/html5(\ |_)hybrid(\ |_)applications$ /concepts/Internet_and_Web/html5_hybrid_applications break;
rewrite (?i)^/concepts/internet(\ |_)and(\ |_)web/html5(\ |_)hybrid(\ |_)applications/concepts/mobile(\ |_)tools$ /concepts/Internet_and_Web/html5_hybrid_applications/concepts/mobile_tools break;
rewrite (?i)^/concepts/internet(\ |_)and(\ |_)web/mime(\ |_)types$ /concepts/Internet_and_Web/mime_types break;
rewrite (?i)^/concepts/internet(\ |_)and(\ |_)web/OAuth$ /concepts/Internet_and_Web/OAuth break;
rewrite (?i)^/concepts/internet(\ |_)and(\ |_)web/proxy(\ |_)based(\ |_)browsers$ /concepts/Internet_and_Web/proxy_based_browsers break;
rewrite (?i)^/concepts/Internet(\ |_)and(\ |_)Web/the(\ |_)history(\ |_)of(\ |_)the(\ |_)web$ /concepts/Internet_and_Web/The_History_of_the_Web break;
rewrite (?i)^/concepts/Internet(\ |_)and(\ |_)web/the(\ |_)history(\ |_)of(\ |_)the(\ |_)web$ /concepts/Internet_and_Web/The_History_of_the_Web break;
rewrite (?i)^/concepts/internet(\ |_)and(\ |_)web/the(\ |_)history(\ |_)of(\ |_)the(\ |_)web$ /concepts/Internet_and_Web/The_History_of_the_Web break;
rewrite (?i)^/concepts/internet(\ |_)and(\ |_)web/The(\ |_)History(\ |_)of(\ |_)the(\ |_)Web$ /concepts/Internet_and_Web/The_History_of_the_Web break;
rewrite (?i)^/concepts/internet(\ |_)and(\ |_)web/the(\ |_)history(\ |_)of(\ |_)the(\ |_)web/es$ /concepts/Internet_and_Web/The_History_of_the_Web/es break;
rewrite (?i)^/concepts/internet(\ |_)and(\ |_)web/the(\ |_)history(\ |_)of(\ |_)the(\ |_)web/ja$ /concepts/Internet_and_Web/The_History_of_the_Web/ja break;
rewrite (?i)^/concepts/internet(\ |_)and(\ |_)web/the(\ |_)history(\ |_)of(\ |_)the(\ |_)web/tr$ /concepts/Internet_and_Web/The_History_of_the_Web/tr break;
rewrite (?i)^/concepts/Internet(\ |_)and(\ |_)web/the(\ |_)web(\ |_)standards(\ |_)model$ /concepts/Internet_and_Web/the_web_standards_model break;
rewrite (?i)^/concepts/Internet(\ |_)and(\ |_)Web/the(\ |_)web(\ |_)standards(\ |_)model$ /concepts/Internet_and_Web/The_Web_Standards_Model break;
rewrite (?i)^/concepts/internet(\ |_)and(\ |_)web/The(\ |_)Web(\ |_)Standards(\ |_)Model$ /concepts/Internet_and_Web/The_Web_Standards_Model break;
rewrite (?i)^/concepts/internet(\ |_)and(\ |_)web/the(\ |_)web(\ |_)standards(\ |_)model$ /concepts/Internet_and_Web/the_web_standards_model break;
rewrite (?i)^/concepts/internet(\ |_)and(\ |_)web/the(\ |_)web(\ |_)standards(\ |_)model/ja$ /concepts/Internet_and_Web/the_web_standards_model/ja break;
rewrite (?i)^/concepts/Internet(\ |_)and(\ |_)Web/the(\ |_)web(\ |_)standards(\ |_)model/ja$ /concepts/Internet_and_Web/The_Web_Standards_Model/ja break;
rewrite (?i)^/concepts/internet(\ |_)and(\ |_)web/The(\ |_)Web(\ |_)Standards(\ |_)Model/ja$ /concepts/Internet_and_Web/The_Web_Standards_Model/ja break;
rewrite (?i)^/concepts/internet(\ |_)and(\ |_)web/webrtc$ /concepts/Internet_and_Web/webrtc break;
rewrite (?i)^/concepts/programming/Programming(\ |_)basics$ /concepts/programming/programming_basics break;
rewrite (?i)^/concepts/programming/The(\ |_)principles(\ |_)of(\ |_)unobtrusive(\ |_)JavaScript$ /concepts/programming/the_principles_of_unobtrusive_javascript break;
rewrite (?i)^/concepts/programming/The(\ |_)purpose(\ |_)of(\ |_)JavaScript$ /concepts/programming/the_purpose_of_javascript break;
rewrite (?i)^/concepts/programming/Variables(\ |_)in(\ |_)JavaScript$ /concepts/programming/variables_in_javascript break;
rewrite (?i)^/concepts/Web(\ |_)typography$ /concepts/web_typography break;
rewrite (?i)^/concepts/Wireframing(\ |_)a(\ |_)site$ /concepts/wireframing_a_site break;
rewrite (?i)^/tutorials/Absolute(\ |_)and(\ |_)fixed(\ |_)positioning$ /tutorials/absolute_and_fixed_positioning break;
rewrite (?i)^/tutorials/Animation(\ |_)in(\ |_)JavaScript$ /tutorials/animation_in_javascript break;
rewrite (?i)^/tutorials/Animations(\ |_)in(\ |_)SVG$ /tutorials/animations_in_svg break;
rewrite (?i)^/tutorials/Audio(\ |_)and(\ |_)video$ /tutorials/audio_and_video break;
rewrite (?i)^/tutorials/Basic(\ |_)shapes$ /tutorials/basic_shapes break;
rewrite (?i)^/tutorials/Box(\ |_)model$ /tutorials/box_model break;
rewrite (?i)^/tutorials/Building(\ |_)SVG(\ |_)paths$ /tutorials/building_svg_paths break;
rewrite (?i)^/tutorials/Building(\ |_)web(\ |_)apps$ /tutorials/building_web_apps break;
rewrite (?i)^/tutorials/Building(\ |_)web(\ |_)games$ /tutorials/building_web_games break;
rewrite (?i)^/tutorials/Creating(\ |_)and(\ |_)modifying(\ |_)HTML$ /tutorials/creating_and_modifying_html break;
rewrite (?i)^/tutorials/Creating(\ |_)basic(\ |_)navigation(\ |_)menus$ /tutorials/creating_basic_navigation_menus break;
rewrite (?i)^/tutorials/CSS(\ |_)text(\ |_)quick(\ |_)start$ /tutorials/css_text_quick_start break;
rewrite (?i)^/tutorials/Debugging(\ |_)CSS$ /tutorials/debugging_css break;
rewrite (?i)^/tutorials/Events(\ |_)in(\ |_)JavaScript$ /tutorials/events_in_javascript break;
rewrite (?i)^/tutorials/External(\ |_)content(\ |_)in(\ |_)SVG$ /tutorials/external_content_in_svg break;
rewrite (?i)^/tutorials/Fills(\ |_)and(\ |_)strokes(\ |_)in(\ |_)SVG$ /tutorials/fills_and_strokes_in_svg break;
rewrite (?i)^/tutorials/Floats(\ |_)and(\ |_)clearing$ /tutorials/floats_and_clearing break;
rewrite (?i)^/tutorials/Generated(\ |_)content$ /tutorials/generated_content break;
rewrite (?i)^/tutorials/Getting(\ |_)your(\ |_)content(\ |_)online$ /tutorials/Getting_Your_Content_Online break;
rewrite (?i)^/tutorials/getting(\ |_)your(\ |_)content(\ |_)online$ /tutorials/Getting_Your_Content_Online break;
rewrite (?i)^/tutorials/Graceful(\ |_)degradation(\ |_)versus(\ |_)progressive(\ |_)enhancement$ /tutorials/graceful_degradation_versus_progressive_enhancement break;
rewrite (?i)^/tutorials/JavaScript(\ |_)best(\ |_)practices$ /tutorials/javascript_best_practices break;
rewrite (?i)^/tutorials/JavaScript(\ |_)for(\ |_)mobile/Best(\ |_)practices(\ |_)when(\ |_)writing(\ |_)for(\ |_)mobile$ /tutorials/JavaScript_for_mobile/best_practices_when_writing_for_mobile break;
rewrite (?i)^/tutorials/JavaScript(\ |_)functions$ /tutorials/javascript_functions break;
rewrite (?i)^/tutorials/Layout(\ |_)fundamentals$ /tutorials/layout_fundamentals break;
rewrite (?i)^/tutorials/Making(\ |_)CSS(\ |_)easier(\ |_)to(\ |_)read$ /tutorials/making_css_easier_to_read break;
rewrite (?i)^/tutorials/Manipulating(\ |_)CSS(\ |_)with(\ |_)JavaScript$ /tutorials/manipulating_css_with_javascript break;
rewrite (?i)^/tutorials/Media(\ |_)queries$ /tutorials/media_queries break;
rewrite (?i)^/tutorials/Objects(\ |_)in(\ |_)JavaScript$ /tutorials/objects_in_javascript break;
rewrite (?i)^/tutorials/Optimizing(\ |_)CSS$ /tutorials/optimizing_css break;
rewrite (?i)^/tutorials/Position(\ |_)and(\ |_)transformation$ /tutorials/position_and_transformation break;
rewrite (?i)^/tutorials/Responsive(\ |_)layouts$ /tutorials/responsive_layouts break;
rewrite (?i)^/tutorials/Scripting(\ |_)SVG$ /tutorials/scripting_svg break;
rewrite (?i)^/tutorials/State(\ |_)in(\ |_)CSS$ /tutorials/state_in_css break;
rewrite (?i)^/tutorials/Static(\ |_)and(\ |_)relative(\ |_)positioning$ /tutorials/static_and_relative_positioning break;
rewrite (?i)^/tutorials/Styling(\ |_)lists(\ |_)and(\ |_)links$ /tutorials/styling_lists_and_links break;
rewrite (?i)^/tutorials/Styling(\ |_)SVG(\ |_)with(\ |_)CSS$ /tutorials/styling_svg_with_css break;
rewrite (?i)^/tutorials/SVG(\ |_)clipping(\ |_)and(\ |_)masking$ /tutorials/svg_clipping_and_masking break;
rewrite (?i)^/tutorials/SVG(\ |_)filters$ /tutorials/svg_filters break;
rewrite (?i)^/tutorials/SVG(\ |_)fonts$ /tutorials/svg_fonts break;
rewrite (?i)^/tutorials/SVG(\ |_)gradients$ /tutorials/svg_gradients break;
rewrite (?i)^/tutorials/SVG(\ |_)image(\ |_)element$ /tutorials/svg_image_element break;
rewrite (?i)^/tutorials/SVG(\ |_)introduction$ /tutorials/svg_introduction break;
rewrite (?i)^/tutorials/SVG(\ |_)links$ /tutorials/svg_links break;
rewrite (?i)^/tutorials/SVG(\ |_)pattern(\ |_)fills$ /tutorials/svg_pattern_fills break;
rewrite (?i)^/tutorials/SVG(\ |_)syntax(\ |_)and(\ |_)deployment$ /tutorials/svg_syntax_and_deployment break;
rewrite (?i)^/tutorials/Table(\ |_)styling(\ |_)basics$ /tutorials/table_styling_basics break;
rewrite (?i)^/tutorials/the(\ |_)basics(\ |_)of(\ |_)html$ /guides/the_basics_of_html break;
rewrite (?i)^/tutorials/Traversing(\ |_)the(\ |_)DOM$ /tutorials/traversing_the_dom break;
rewrite (?i)^/tutorials/Using(\ |_)text(\ |_)in(\ |_)SVG$ /tutorials/using_text_in_svg break;
rewrite (?i)^/tutorials/Using(\ |_)Web(\ |_)Audio$ /tutorials/using_web_audio break;
rewrite (?i)^/tutorials/Your(\ |_)first(\ |_)look(\ |_)at(\ |_)JavaScript$ /tutorials/your_first_look_at_javascript break;