# Most likely OK to ignore, but good enough to check if adresses here works
rewrite (?i)^/absolute(\ |_)unit$ /absolute_unit break;
rewrite (?i)^/accessibility(\ |_)article(\ |_)ideas$ /accessibility_article_ideas break;
rewrite (?i)^/Accessibility(\ |_)basics$ /Accessibility_basics break;
rewrite (?i)^/Accessibility(\ |_)testing$ /Accessibility_testing break;
rewrite (?i)^/apis/ambient(\ |_)light$ /apis/ambient_light break;
rewrite (?i)^/apis/battery(\ |_)status$ /apis/battery_status break;
rewrite (?i)^/apis/battery(\ |_)status/BatteryManager$ /apis/battery_status/BatteryManager break;
rewrite (?i)^/apis/battery(\ |_)status/BatteryManager/charging$ /apis/battery_status/BatteryManager/charging break;
rewrite (?i)^/apis/battery(\ |_)status/BatteryManager/chargingchange$ /apis/battery_status/BatteryManager/chargingchange break;
rewrite (?i)^/apis/battery(\ |_)status/BatteryManager/chargingTime$ /apis/battery_status/BatteryManager/chargingTime break;
rewrite (?i)^/apis/battery(\ |_)status/BatteryManager/chargingtimechange$ /apis/battery_status/BatteryManager/chargingtimechange break;
rewrite (?i)^/apis/battery(\ |_)status/BatteryManager/dischargingTime$ /apis/battery_status/BatteryManager/dischargingTime break;
rewrite (?i)^/apis/battery(\ |_)status/BatteryManager/dischargingtimechange$ /apis/battery_status/BatteryManager/dischargingtimechange break;
rewrite (?i)^/apis/battery(\ |_)status/BatteryManager/level$ /apis/battery_status/BatteryManager/level break;
rewrite (?i)^/apis/battery(\ |_)status/BatteryManager/levelchange$ /apis/battery_status/BatteryManager/levelchange break;
rewrite (?i)^/apis/battery(\ |_)status/BatteryManager/onchargingchange$ /apis/battery_status/BatteryManager/onchargingchange break;
rewrite (?i)^/apis/battery(\ |_)status/BatteryManager/onchargingtimechange$ /apis/battery_status/BatteryManager/onchargingtimechange break;
rewrite (?i)^/apis/battery(\ |_)status/BatteryManager/ondischargingtimechange$ /apis/battery_status/BatteryManager/ondischargingtimechange break;
rewrite (?i)^/apis/battery(\ |_)status/BatteryManager/onlevelchange$ /apis/battery_status/BatteryManager/onlevelchange break;
rewrite (?i)^/apis/battery(\ |_)status/NavigatorBattery$ /apis/battery_status/NavigatorBattery break;
rewrite (?i)^/apis/battery(\ |_)status/NavigatorBattery/battery$ /apis/battery_status/NavigatorBattery/battery break;
rewrite (?i)^/apis/device(\ |_)orientation$ /apis/device_orientation break;
rewrite (?i)^/apis/file(\ |_)api$ /apis/file_api break;
rewrite (?i)^/apis/image(\ |_)capture$ /apis/image_capture break;
rewrite (?i)^/apis/image(\ |_)capture/ImageCapture$ /apis/image_capture/ImageCapture break;
rewrite (?i)^/apis/image(\ |_)capture/ImageCapture/getFrame$ /apis/image_capture/ImageCapture/getFrame break;
rewrite (?i)^/apis/image(\ |_)capture/ImageCapture/onerror$ /apis/image_capture/ImageCapture/onerror break;
rewrite (?i)^/apis/image(\ |_)capture/ImageCapture/onframegrab$ /apis/image_capture/ImageCapture/onframegrab break;
rewrite (?i)^/apis/image(\ |_)capture/ImageCapture/onphoto$ /apis/image_capture/ImageCapture/onphoto break;
rewrite (?i)^/apis/image(\ |_)capture/ImageCapture/onphotosettingschange$ /apis/image_capture/ImageCapture/onphotosettingschange break;
rewrite (?i)^/apis/image(\ |_)capture/ImageCapture/photoSettingsOptions$ /apis/image_capture/ImageCapture/photoSettingsOptions break;
rewrite (?i)^/apis/image(\ |_)capture/ImageCapture/setOptions$ /apis/image_capture/ImageCapture/setOptions break;
rewrite (?i)^/apis/image(\ |_)capture/ImageCapture/takePhoto$ /apis/image_capture/ImageCapture/takePhoto break;
rewrite (?i)^/apis/image(\ |_)capture/ImageCapture/videoStreamTrack$ /apis/image_capture/ImageCapture/videoStreamTrack break;
rewrite (?i)^/apis/image(\ |_)capture/PhotoSettings$ /apis/image_capture/PhotoSettings break;
rewrite (?i)^/apis/image(\ |_)capture/PhotoSettings/autoExposureMode$ /apis/image_capture/PhotoSettings/autoExposureMode break;
rewrite (?i)^/apis/image(\ |_)capture/PhotoSettings/autoWhiteBalanceMode$ /apis/image_capture/PhotoSettings/autoWhiteBalanceMode break;
rewrite (?i)^/apis/image(\ |_)capture/PhotoSettings/brightness$ /apis/image_capture/PhotoSettings/brightness break;
rewrite (?i)^/apis/image(\ |_)capture/PhotoSettings/contrast$ /apis/image_capture/PhotoSettings/contrast break;
rewrite (?i)^/apis/image(\ |_)capture/PhotoSettings/exposureCompensation$ /apis/image_capture/PhotoSettings/exposureCompensation break;
rewrite (?i)^/apis/image(\ |_)capture/PhotoSettings/imageHeight$ /apis/image_capture/PhotoSettings/imageHeight break;
rewrite (?i)^/apis/image(\ |_)capture/PhotoSettings/imageWidth$ /apis/image_capture/PhotoSettings/imageWidth break;
rewrite (?i)^/apis/image(\ |_)capture/PhotoSettings/iso$ /apis/image_capture/PhotoSettings/iso break;
rewrite (?i)^/apis/image(\ |_)capture/PhotoSettings/redEyeReduction$ /apis/image_capture/PhotoSettings/redEyeReduction break;
rewrite (?i)^/apis/image(\ |_)capture/PhotoSettings/saturation$ /apis/image_capture/PhotoSettings/saturation break;
rewrite (?i)^/apis/image(\ |_)capture/PhotoSettings/sharpness$ /apis/image_capture/PhotoSettings/sharpness break;
rewrite (?i)^/apis/image(\ |_)capture/PhotoSettings/whiteBalanceMode$ /apis/image_capture/PhotoSettings/whiteBalanceMode break;
rewrite (?i)^/apis/image(\ |_)capture/PhotoSettingsOptions$ /apis/image_capture/PhotoSettingsOptions break;
rewrite (?i)^/apis/media(\ |_)capture(\ |_)and(\ |_)streams$ /apis/media_capture_and_streams break;
rewrite (?i)^/apis/media(\ |_)capture(\ |_)and(\ |_)streams/ended$ /apis/media_capture_and_streams/ended break;
rewrite (?i)^/apis/media(\ |_)capture(\ |_)and(\ |_)streams/MediaStream$ /apis/media_capture_and_streams/MediaStream break;
rewrite (?i)^/apis/media(\ |_)capture(\ |_)and(\ |_)streams/MediaStream/addtrack$ /apis/media_capture_and_streams/MediaStream/addtrack break;
rewrite (?i)^/apis/media(\ |_)capture(\ |_)and(\ |_)streams/MediaStream/ended$ /apis/media_capture_and_streams/MediaStream/ended break;
rewrite (?i)^/apis/media(\ |_)capture(\ |_)and(\ |_)streams/MediaStream/id$ /apis/media_capture_and_streams/MediaStream/id break;
rewrite (?i)^/apis/media(\ |_)capture(\ |_)and(\ |_)streams/MediaStream/onaddtrack$ /apis/media_capture_and_streams/MediaStream/onaddtrack break;
rewrite (?i)^/apis/media(\ |_)capture(\ |_)and(\ |_)streams/MediaStream/onended$ /apis/media_capture_and_streams/MediaStream/onended break;
rewrite (?i)^/apis/media(\ |_)capture(\ |_)and(\ |_)streams/MediaStream/onremovetrack$ /apis/media_capture_and_streams/MediaStream/onremovetrack break;
rewrite (?i)^/apis/media(\ |_)capture(\ |_)and(\ |_)streams/MediaStream/removetrack$ /apis/media_capture_and_streams/MediaStream/removetrack break;
rewrite (?i)^/apis/media(\ |_)capture(\ |_)and(\ |_)streams/MediaStreamTrack$ /apis/media_capture_and_streams/MediaStreamTrack break;
rewrite (?i)^/apis/media(\ |_)capture(\ |_)and(\ |_)streams/MediaStreamTrack/applyConstraints$ /apis/media_capture_and_streams/MediaStreamTrack/applyConstraints break;
rewrite (?i)^/apis/media(\ |_)capture(\ |_)and(\ |_)streams/MediaStreamTrack/capabilities$ /apis/media_capture_and_streams/MediaStreamTrack/capabilities break;
rewrite (?i)^/apis/media(\ |_)capture(\ |_)and(\ |_)streams/MediaStreamTrack/clone$ /apis/media_capture_and_streams/MediaStreamTrack/clone break;
rewrite (?i)^/apis/media(\ |_)capture(\ |_)and(\ |_)streams/MediaStreamTrack/constraints$ /apis/media_capture_and_streams/MediaStreamTrack/constraints break;
rewrite (?i)^/apis/media(\ |_)capture(\ |_)and(\ |_)streams/MediaStreamTrack/enabled$ /apis/media_capture_and_streams/MediaStreamTrack/enabled break;
rewrite (?i)^/apis/media(\ |_)capture(\ |_)and(\ |_)streams/MediaStreamTrack/id$ /apis/media_capture_and_streams/MediaStreamTrack/id break;
rewrite (?i)^/apis/media(\ |_)capture(\ |_)and(\ |_)streams/MediaStreamTrack/kind$ /apis/media_capture_and_streams/MediaStreamTrack/kind break;
rewrite (?i)^/apis/media(\ |_)capture(\ |_)and(\ |_)streams/MediaStreamTrack/label$ /apis/media_capture_and_streams/MediaStreamTrack/label break;
rewrite (?i)^/apis/media(\ |_)capture(\ |_)and(\ |_)streams/MediaStreamTrack/mute$ /apis/media_capture_and_streams/MediaStreamTrack/mute break;
rewrite (?i)^/apis/media(\ |_)capture(\ |_)and(\ |_)streams/MediaStreamTrack/muted$ /apis/media_capture_and_streams/MediaStreamTrack/muted break;
rewrite (?i)^/apis/media(\ |_)capture(\ |_)and(\ |_)streams/MediaStreamTrack/onended$ /apis/media_capture_and_streams/MediaStreamTrack/onended break;
rewrite (?i)^/apis/media(\ |_)capture(\ |_)and(\ |_)streams/MediaStreamTrack/onmute$ /apis/media_capture_and_streams/MediaStreamTrack/onmute break;
rewrite (?i)^/apis/media(\ |_)capture(\ |_)and(\ |_)streams/MediaStreamTrack/onoverconstrained$ /apis/media_capture_and_streams/MediaStreamTrack/onoverconstrained break;
rewrite (?i)^/apis/media(\ |_)capture(\ |_)and(\ |_)streams/MediaStreamTrack/onstarted$ /apis/media_capture_and_streams/MediaStreamTrack/onstarted break;
rewrite (?i)^/apis/media(\ |_)capture(\ |_)and(\ |_)streams/MediaStreamTrack/onunmute$ /apis/media_capture_and_streams/MediaStreamTrack/onunmute break;
rewrite (?i)^/apis/media(\ |_)capture(\ |_)and(\ |_)streams/MediaStreamTrack/overconstrained$ /apis/media_capture_and_streams/MediaStreamTrack/overconstrained break;
rewrite (?i)^/apis/media(\ |_)capture(\ |_)and(\ |_)streams/MediaStreamTrack/readonly$ /apis/media_capture_and_streams/MediaStreamTrack/readonly break;
rewrite (?i)^/apis/media(\ |_)capture(\ |_)and(\ |_)streams/MediaStreamTrack/readyState$ /apis/media_capture_and_streams/MediaStreamTrack/readyState break;
rewrite (?i)^/apis/media(\ |_)capture(\ |_)and(\ |_)streams/MediaStreamTrack/remote$ /apis/media_capture_and_streams/MediaStreamTrack/remote break;
rewrite (?i)^/apis/media(\ |_)capture(\ |_)and(\ |_)streams/MediaStreamTrack/started$ /apis/media_capture_and_streams/MediaStreamTrack/started break;
rewrite (?i)^/apis/media(\ |_)capture(\ |_)and(\ |_)streams/MediaStreamTrack/states$ /apis/media_capture_and_streams/MediaStreamTrack/states break;
rewrite (?i)^/apis/media(\ |_)capture(\ |_)and(\ |_)streams/MediaStreamTrack/stop$ /apis/media_capture_and_streams/MediaStreamTrack/stop break;
rewrite (?i)^/apis/media(\ |_)capture(\ |_)and(\ |_)streams/MediaStreamTrack/unmute$ /apis/media_capture_and_streams/MediaStreamTrack/unmute break;
rewrite (?i)^/apis/media(\ |_)recorder$ /apis/media_recorder break;
rewrite (?i)^/apis/media(\ |_)recorder/MediaRecorder$ /apis/media_recorder/MediaRecorder break;
rewrite (?i)^/apis/media(\ |_)source(\ |_)extensions$ /apis/media_source_extensions break;
rewrite (?i)^/apis/media(\ |_)source(\ |_)extensions/MediaSource$ /apis/media_source_extensions/MediaSource break;
rewrite (?i)^/apis/media(\ |_)source(\ |_)extensions/MediaSource/addSourceBuffer$ /apis/media_source_extensions/MediaSource/addSourceBuffer break;
rewrite (?i)^/apis/media(\ |_)source(\ |_)extensions/MediaSource/appendBuffer$ /apis/media_source_extensions/MediaSource/appendBuffer break;
rewrite (?i)^/apis/media(\ |_)source(\ |_)extensions/MediaSource/endOfStream$ /apis/media_source_extensions/MediaSource/endOfStream break;
rewrite (?i)^/apis/media(\ |_)source(\ |_)extensions/VideoPlaybackQuality$ /apis/media_source_extensions/VideoPlaybackQuality break;
rewrite (?i)^/apis/media(\ |_)source(\ |_)extensions/VideoPlaybackQuality/creationTime$ /apis/media_source_extensions/VideoPlaybackQuality/creationTime break;
rewrite (?i)^/apis/media(\ |_)source(\ |_)extensions/VideoPlaybackQuality/droppedVideoFrames$ /apis/media_source_extensions/VideoPlaybackQuality/droppedVideoFrames break;
rewrite (?i)^/apis/navigation(\ |_)timing$ /apis/navigation_timing break;
rewrite (?i)^/apis/navigation(\ |_)timing/Performance$ /apis/navigation_timing/Performance break;
rewrite (?i)^/apis/navigation(\ |_)timing/Performance/navigation$ /apis/navigation_timing/Performance/navigation break;
rewrite (?i)^/apis/navigation(\ |_)timing/Performance/timing$ /apis/navigation_timing/Performance/timing break;
rewrite (?i)^/apis/navigation(\ |_)timing/PerformanceNavigation$ /apis/navigation_timing/PerformanceNavigation break;
rewrite (?i)^/apis/navigation(\ |_)timing/PerformanceNavigation/redirectCount$ /apis/navigation_timing/PerformanceNavigation/redirectCount break;
rewrite (?i)^/apis/navigation(\ |_)timing/PerformanceNavigation/type$ /apis/navigation_timing/PerformanceNavigation/type break;
rewrite (?i)^/apis/navigation(\ |_)timing/PerformanceTiming$ /apis/navigation_timing/PerformanceTiming break;
rewrite (?i)^/apis/navigation(\ |_)timing/PerformanceTiming/connectEnd$ /apis/navigation_timing/PerformanceTiming/connectEnd break;
rewrite (?i)^/apis/navigation(\ |_)timing/PerformanceTiming/connectStart$ /apis/navigation_timing/PerformanceTiming/connectStart break;
rewrite (?i)^/apis/navigation(\ |_)timing/PerformanceTiming/domainLookupEnd$ /apis/navigation_timing/PerformanceTiming/domainLookupEnd break;
rewrite (?i)^/apis/navigation(\ |_)timing/PerformanceTiming/domainLookupStart$ /apis/navigation_timing/PerformanceTiming/domainLookupStart break;
rewrite (?i)^/apis/navigation(\ |_)timing/PerformanceTiming/domComplete$ /apis/navigation_timing/PerformanceTiming/domComplete break;
rewrite (?i)^/apis/navigation(\ |_)timing/PerformanceTiming/domContentLoadedEventEnd$ /apis/navigation_timing/PerformanceTiming/domContentLoadedEventEnd break;
rewrite (?i)^/apis/navigation(\ |_)timing/PerformanceTiming/domContentLoadedEventStart$ /apis/navigation_timing/PerformanceTiming/domContentLoadedEventStart break;
rewrite (?i)^/apis/navigation(\ |_)timing/PerformanceTiming/domInteractive$ /apis/navigation_timing/PerformanceTiming/domInteractive break;
rewrite (?i)^/apis/navigation(\ |_)timing/PerformanceTiming/domLoading$ /apis/navigation_timing/PerformanceTiming/domLoading break;
rewrite (?i)^/apis/navigation(\ |_)timing/PerformanceTiming/fetchStart$ /apis/navigation_timing/PerformanceTiming/fetchStart break;
rewrite (?i)^/apis/navigation(\ |_)timing/PerformanceTiming/loadEventEnd$ /apis/navigation_timing/PerformanceTiming/loadEventEnd break;
rewrite (?i)^/apis/navigation(\ |_)timing/PerformanceTiming/loadEventStart$ /apis/navigation_timing/PerformanceTiming/loadEventStart break;
rewrite (?i)^/apis/navigation(\ |_)timing/PerformanceTiming/navigationStart$ /apis/navigation_timing/PerformanceTiming/navigationStart break;
rewrite (?i)^/apis/navigation(\ |_)timing/PerformanceTiming/redirectEnd$ /apis/navigation_timing/PerformanceTiming/redirectEnd break;
rewrite (?i)^/apis/navigation(\ |_)timing/PerformanceTiming/redirectStart$ /apis/navigation_timing/PerformanceTiming/redirectStart break;
rewrite (?i)^/apis/navigation(\ |_)timing/PerformanceTiming/requestStart$ /apis/navigation_timing/PerformanceTiming/requestStart break;
rewrite (?i)^/apis/navigation(\ |_)timing/PerformanceTiming/responseEnd$ /apis/navigation_timing/PerformanceTiming/responseEnd break;
rewrite (?i)^/apis/navigation(\ |_)timing/PerformanceTiming/responseStart$ /apis/navigation_timing/PerformanceTiming/responseStart break;
rewrite (?i)^/apis/navigation(\ |_)timing/PerformanceTiming/secureConnectionStart$ /apis/navigation_timing/PerformanceTiming/secureConnectionStart break;
rewrite (?i)^/apis/navigation(\ |_)timing/PerformanceTiming/unloadEventEnd$ /apis/navigation_timing/PerformanceTiming/unloadEventEnd break;
rewrite (?i)^/apis/navigation(\ |_)timing/PerformanceTiming/unloadEventStart$ /apis/navigation_timing/PerformanceTiming/unloadEventStart break;
rewrite (?i)^/apis/network(\ |_)information$ /apis/network_information break;
rewrite (?i)^/apis/network(\ |_)information/Connection$ /apis/network_information/Connection break;
rewrite (?i)^/apis/network(\ |_)information/Connection/bandwidth$ /apis/network_information/Connection/bandwidth break;
rewrite (?i)^/apis/network(\ |_)information/Connection/change$ /apis/network_information/Connection/change break;
rewrite (?i)^/apis/network(\ |_)information/Connection/metered$ /apis/network_information/Connection/metered break;
rewrite (?i)^/apis/network(\ |_)information/Connection/onchange$ /apis/network_information/Connection/onchange break;
rewrite (?i)^/apis/network(\ |_)information/NetworkInformation$ /apis/network_information/NetworkInformation break;
rewrite (?i)^/apis/network(\ |_)information/NetworkInformation/connection$ /apis/network_information/NetworkInformation/connection break;
rewrite (?i)^/apis/pointer(\ |_)lock$ /apis/pointer_lock break;
rewrite (?i)^/apis/quota(\ |_)management$ /apis/quota_management break;
rewrite (?i)^/apis/quota(\ |_)management/queryUsageAndQuota$ /apis/quota_management/queryUsageAndQuota break;
rewrite (?i)^/apis/quota(\ |_)management/requestQuota$ /apis/quota_management/requestQuota break;
rewrite (?i)^/apis/quota(\ |_)management/StorageQuota$ /apis/quota_management/StorageQuota break;
rewrite (?i)^/apis/resource(\ |_)timing$ /apis/resource_timing break;
rewrite (?i)^/apis/resource(\ |_)timing/Performance$ /apis/resource_timing/Performance break;
rewrite (?i)^/apis/resource(\ |_)timing/Performance/clearResourceTimings$ /apis/resource_timing/Performance/clearResourceTimings break;
rewrite (?i)^/apis/resource(\ |_)timing/Performance/onresourcetimingbufferfull$ /apis/resource_timing/Performance/onresourcetimingbufferfull break;
rewrite (?i)^/apis/resource(\ |_)timing/Performance/setResourceTimingBufferSize$ /apis/resource_timing/Performance/setResourceTimingBufferSize break;
rewrite (?i)^/apis/resource(\ |_)timing/PerformanceResourceTiming$ /apis/resource_timing/PerformanceResourceTiming break;
rewrite (?i)^/apis/resource(\ |_)timing/PerformanceResourceTiming/connectEnd$ /apis/resource_timing/PerformanceResourceTiming/connectEnd break;
rewrite (?i)^/apis/resource(\ |_)timing/PerformanceResourceTiming/connectStart$ /apis/resource_timing/PerformanceResourceTiming/connectStart break;
rewrite (?i)^/apis/resource(\ |_)timing/PerformanceResourceTiming/domainLookupEnd$ /apis/resource_timing/PerformanceResourceTiming/domainLookupEnd break;
rewrite (?i)^/apis/resource(\ |_)timing/PerformanceResourceTiming/domainLookupStart$ /apis/resource_timing/PerformanceResourceTiming/domainLookupStart break;
rewrite (?i)^/apis/resource(\ |_)timing/PerformanceResourceTiming/fetchStart$ /apis/resource_timing/PerformanceResourceTiming/fetchStart break;
rewrite (?i)^/apis/resource(\ |_)timing/PerformanceResourceTiming/initiatorType$ /apis/resource_timing/PerformanceResourceTiming/initiatorType break;
rewrite (?i)^/apis/resource(\ |_)timing/PerformanceResourceTiming/redirectEnd$ /apis/resource_timing/PerformanceResourceTiming/redirectEnd break;
rewrite (?i)^/apis/resource(\ |_)timing/PerformanceResourceTiming/redirectStart$ /apis/resource_timing/PerformanceResourceTiming/redirectStart break;
rewrite (?i)^/apis/resource(\ |_)timing/PerformanceResourceTiming/requestStart$ /apis/resource_timing/PerformanceResourceTiming/requestStart break;
rewrite (?i)^/apis/resource(\ |_)timing/PerformanceResourceTiming/responseEnd$ /apis/resource_timing/PerformanceResourceTiming/responseEnd break;
rewrite (?i)^/apis/resource(\ |_)timing/PerformanceResourceTiming/responseStart$ /apis/resource_timing/PerformanceResourceTiming/responseStart break;
rewrite (?i)^/apis/resource(\ |_)timing/PerformanceResourceTiming/secureConnectionStart$ /apis/resource_timing/PerformanceResourceTiming/secureConnectionStart break;
rewrite (?i)^/apis/screen(\ |_)orientation$ /apis/screen_orientation break;
rewrite (?i)^/apis/user(\ |_)timing$ /apis/user_timing break;
rewrite (?i)^/apis/user(\ |_)timing/Performance$ /apis/user_timing/Performance break;
rewrite (?i)^/apis/user(\ |_)timing/Performance/clearMarks$ /apis/user_timing/Performance/clearMarks break;
rewrite (?i)^/apis/user(\ |_)timing/Performance/clearMeasures$ /apis/user_timing/Performance/clearMeasures break;
rewrite (?i)^/apis/user(\ |_)timing/Performance/mark$ /apis/user_timing/Performance/mark break;
rewrite (?i)^/apis/user(\ |_)timing/Performance/measure$ /apis/user_timing/Performance/measure break;
rewrite (?i)^/apis/user(\ |_)timing/PerformanceMark$ /apis/user_timing/PerformanceMark break;
rewrite (?i)^/apis/user(\ |_)timing/PerformanceMark/duration$ /apis/user_timing/PerformanceMark/duration break;
rewrite (?i)^/apis/user(\ |_)timing/PerformanceMark/entryType$ /apis/user_timing/PerformanceMark/entryType break;
rewrite (?i)^/apis/user(\ |_)timing/PerformanceMark/name$ /apis/user_timing/PerformanceMark/name break;
rewrite (?i)^/apis/user(\ |_)timing/PerformanceMark/startTime$ /apis/user_timing/PerformanceMark/startTime break;
rewrite (?i)^/apis/user(\ |_)timing/PerformanceMeasure$ /apis/user_timing/PerformanceMeasure break;
rewrite (?i)^/apis/user(\ |_)timing/PerformanceMeasure/duration$ /apis/user_timing/PerformanceMeasure/duration break;
rewrite (?i)^/apis/user(\ |_)timing/PerformanceMeasure/entryType$ /apis/user_timing/PerformanceMeasure/entryType break;
rewrite (?i)^/apis/user(\ |_)timing/PerformanceMeasure/name$ /apis/user_timing/PerformanceMeasure/name break;
rewrite (?i)^/apis/user(\ |_)timing/PerformanceMeasure/startTime$ /apis/user_timing/PerformanceMeasure/startTime break;
rewrite (?i)^/apis/web(\ |_)animations$ /apis/web_animations break;
rewrite (?i)^/apis/web(\ |_)animations/Animatable$ /apis/web_animations/Animatable break;
rewrite (?i)^/apis/web(\ |_)animations/Animatable/animate$ /apis/web_animations/Animatable/animate break;
rewrite (?i)^/apis/web(\ |_)animations/Animation$ /apis/web_animations/Animation break;
rewrite (?i)^/apis/web(\ |_)animations/Animation/clone$ /apis/web_animations/Animation/clone break;
rewrite (?i)^/apis/web(\ |_)animations/Animation/constructor$ /apis/web_animations/Animation/constructor break;
rewrite (?i)^/apis/web(\ |_)animations/Animation/effect$ /apis/web_animations/Animation/effect break;
rewrite (?i)^/apis/web(\ |_)animations/Animation/target$ /apis/web_animations/Animation/target break;
rewrite (?i)^/apis/web(\ |_)animations/AnimationEffect$ /apis/web_animations/AnimationEffect break;
rewrite (?i)^/apis/web(\ |_)animations/AnimationEffect/clone$ /apis/web_animations/AnimationEffect/clone break;
rewrite (?i)^/apis/web(\ |_)animations/AnimationEffect/composite$ /apis/web_animations/AnimationEffect/composite break;
rewrite (?i)^/apis/web(\ |_)animations/AnimationEffect/CompositeOperation$ /apis/web_animations/AnimationEffect/CompositeOperation break;
rewrite (?i)^/apis/web(\ |_)animations/AnimationEffect/iterationComposite$ /apis/web_animations/AnimationEffect/iterationComposite break;
rewrite (?i)^/apis/web(\ |_)animations/AnimationEffect/name$ /apis/web_animations/AnimationEffect/name break;
rewrite (?i)^/apis/web(\ |_)animations/AnimationEffectapis/web(\ |_)animations/AnimationEffect/CompositeOperation$ /apis/web_animations/AnimationEffectapis/web_animations/AnimationEffect/CompositeOperation break;
rewrite (?i)^/apis/web(\ |_)animations/AnimationGroup$ /apis/web_animations/AnimationGroup break;
rewrite (?i)^/apis/web(\ |_)animations/AnimationGroup/append$ /apis/web_animations/AnimationGroup/append break;
rewrite (?i)^/apis/web(\ |_)animations/AnimationGroup/children$ /apis/web_animations/AnimationGroup/children break;
rewrite (?i)^/apis/web(\ |_)animations/AnimationGroup/clone$ /apis/web_animations/AnimationGroup/clone break;
rewrite (?i)^/apis/web(\ |_)animations/AnimationGroup/constructor$ /apis/web_animations/AnimationGroup/constructor break;
rewrite (?i)^/apis/web(\ |_)animations/AnimationGroup/firstChild$ /apis/web_animations/AnimationGroup/firstChild break;
rewrite (?i)^/apis/web(\ |_)animations/AnimationGroup/lastChild$ /apis/web_animations/AnimationGroup/lastChild break;
rewrite (?i)^/apis/web(\ |_)animations/AnimationGroup/prepend$ /apis/web_animations/AnimationGroup/prepend break;
rewrite (?i)^/apis/web(\ |_)animations/AnimationNode$ /apis/web_animations/AnimationNode break;
rewrite (?i)^/apis/web(\ |_)animations/AnimationNode/after$ /apis/web_animations/AnimationNode/after break;
rewrite (?i)^/apis/web(\ |_)animations/AnimationNode/before$ /apis/web_animations/AnimationNode/before break;
rewrite (?i)^/apis/web(\ |_)animations/AnimationNode/computedTiming$ /apis/web_animations/AnimationNode/computedTiming break;
rewrite (?i)^/apis/web(\ |_)animations/AnimationNode/nextSibling$ /apis/web_animations/AnimationNode/nextSibling break;
rewrite (?i)^/apis/web(\ |_)animations/AnimationNode/parent$ /apis/web_animations/AnimationNode/parent break;
rewrite (?i)^/apis/web(\ |_)animations/AnimationNode/previousSibling$ /apis/web_animations/AnimationNode/previousSibling break;
rewrite (?i)^/apis/web(\ |_)animations/AnimationNode/remove$ /apis/web_animations/AnimationNode/remove break;
rewrite (?i)^/apis/web(\ |_)animations/AnimationNode/replace$ /apis/web_animations/AnimationNode/replace break;
rewrite (?i)^/apis/web(\ |_)animations/AnimationNode/timing$ /apis/web_animations/AnimationNode/timing break;
rewrite (?i)^/apis/web(\ |_)animations/AnimationNodeList$ /apis/web_animations/AnimationNodeList break;
rewrite (?i)^/apis/web(\ |_)animations/AnimationPlayer$ /apis/web_animations/AnimationPlayer break;
rewrite (?i)^/apis/web(\ |_)animations/AnimationPlayer/AnimationPlayState$ /apis/web_animations/AnimationPlayer/AnimationPlayState break;
rewrite (?i)^/apis/web(\ |_)animations/AnimationPlayer/cancel$ /apis/web_animations/AnimationPlayer/cancel break;
rewrite (?i)^/apis/web(\ |_)animations/AnimationPlayer/constructor$ /apis/web_animations/AnimationPlayer/constructor break;
rewrite (?i)^/apis/web(\ |_)animations/AnimationPlayer/currentTime$ /apis/web_animations/AnimationPlayer/currentTime break;
rewrite (?i)^/apis/web(\ |_)animations/AnimationPlayer/finish$ /apis/web_animations/AnimationPlayer/finish break;
rewrite (?i)^/apis/web(\ |_)animations/AnimationPlayer/finished$ /apis/web_animations/AnimationPlayer/finished break;
rewrite (?i)^/apis/web(\ |_)animations/AnimationPlayer/pause$ /apis/web_animations/AnimationPlayer/pause break;
rewrite (?i)^/apis/web(\ |_)animations/AnimationPlayer/play$ /apis/web_animations/AnimationPlayer/play break;
rewrite (?i)^/apis/web(\ |_)animations/AnimationPlayer/playbackRate$ /apis/web_animations/AnimationPlayer/playbackRate break;
rewrite (?i)^/apis/web(\ |_)animations/AnimationPlayer/playState$ /apis/web_animations/AnimationPlayer/playState break;
rewrite (?i)^/apis/web(\ |_)animations/AnimationPlayer/ready$ /apis/web_animations/AnimationPlayer/ready break;
rewrite (?i)^/apis/web(\ |_)animations/AnimationPlayer/reverse$ /apis/web_animations/AnimationPlayer/reverse break;
rewrite (?i)^/apis/web(\ |_)animations/AnimationPlayer/source$ /apis/web_animations/AnimationPlayer/source break;
rewrite (?i)^/apis/web(\ |_)animations/AnimationPlayer/startTime$ /apis/web_animations/AnimationPlayer/startTime break;
rewrite (?i)^/apis/web(\ |_)animations/AnimationPlayer/timeline$ /apis/web_animations/AnimationPlayer/timeline break;
rewrite (?i)^/apis/web(\ |_)animations/AnimationPlayerEvent$ /apis/web_animations/AnimationPlayerEvent break;
rewrite (?i)^/apis/web(\ |_)animations/AnimationSequence$ /apis/web_animations/AnimationSequence break;
rewrite (?i)^/apis/web(\ |_)animations/AnimationTimeline$ /apis/web_animations/AnimationTimeline break;
rewrite (?i)^/apis/web(\ |_)animations/AnimationTimeline/currentTime$ /apis/web_animations/AnimationTimeline/currentTime break;
rewrite (?i)^/apis/web(\ |_)animations/AnimationTimeline/getAnimationPlayers$ /apis/web_animations/AnimationTimeline/getAnimationPlayers break;
rewrite (?i)^/apis/web(\ |_)animations/AnimationTimeline/play$ /apis/web_animations/AnimationTimeline/play break;
rewrite (?i)^/apis/web(\ |_)animations/AnimationTiming$ /apis/web_animations/AnimationTiming break;
rewrite (?i)^/apis/web(\ |_)animations/AnimationTimingProperties$ /apis/web_animations/AnimationTimingProperties break;
rewrite (?i)^/apis/web(\ |_)animations/AnimationTimingProperties/delay$ /apis/web_animations/AnimationTimingProperties/delay break;
rewrite (?i)^/apis/web(\ |_)animations/AnimationTimingProperties/direction$ /apis/web_animations/AnimationTimingProperties/direction break;
rewrite (?i)^/apis/web(\ |_)animations/AnimationTimingProperties/duration$ /apis/web_animations/AnimationTimingProperties/duration break;
rewrite (?i)^/apis/web(\ |_)animations/AnimationTimingProperties/easing$ /apis/web_animations/AnimationTimingProperties/easing break;
rewrite (?i)^/apis/web(\ |_)animations/AnimationTimingProperties/endDelay$ /apis/web_animations/AnimationTimingProperties/endDelay break;
rewrite (?i)^/apis/web(\ |_)animations/AnimationTimingProperties/fill$ /apis/web_animations/AnimationTimingProperties/fill break;
rewrite (?i)^/apis/web(\ |_)animations/AnimationTimingProperties/interations$ /apis/web_animations/AnimationTimingProperties/interations break;
rewrite (?i)^/apis/web(\ |_)animations/AnimationTimingProperties/iterationStart$ /apis/web_animations/AnimationTimingProperties/iterationStart break;
rewrite (?i)^/apis/web(\ |_)animations/AnimationTimingProperties/playbackRate$ /apis/web_animations/AnimationTimingProperties/playbackRate break;
rewrite (?i)^/apis/web(\ |_)animations/AnimationTimingReadOnly$ /apis/web_animations/AnimationTimingReadOnly break;
rewrite (?i)^/apis/web(\ |_)animations/AnimationTimingReadOnly/delay$ /apis/web_animations/AnimationTimingReadOnly/delay break;
rewrite (?i)^/apis/web(\ |_)animations/AnimationTimingReadOnly/direction$ /apis/web_animations/AnimationTimingReadOnly/direction break;
rewrite (?i)^/apis/web(\ |_)animations/AnimationTimingReadOnly/duration$ /apis/web_animations/AnimationTimingReadOnly/duration break;
rewrite (?i)^/apis/web(\ |_)animations/AnimationTimingReadOnly/easing$ /apis/web_animations/AnimationTimingReadOnly/easing break;
rewrite (?i)^/apis/web(\ |_)animations/AnimationTimingReadOnly/endDelay$ /apis/web_animations/AnimationTimingReadOnly/endDelay break;
rewrite (?i)^/apis/web(\ |_)animations/AnimationTimingReadOnly/fill$ /apis/web_animations/AnimationTimingReadOnly/fill break;
rewrite (?i)^/apis/web(\ |_)animations/AnimationTimingReadOnly/iterations$ /apis/web_animations/AnimationTimingReadOnly/iterations break;
rewrite (?i)^/apis/web(\ |_)animations/AnimationTimingReadOnly/iterationStart$ /apis/web_animations/AnimationTimingReadOnly/iterationStart break;
rewrite (?i)^/apis/web(\ |_)animations/AnimationTimingReadOnly/playbackRate$ /apis/web_animations/AnimationTimingReadOnly/playbackRate break;
rewrite (?i)^/apis/web(\ |_)animations/CompositeOperation$ /apis/web_animations/CompositeOperation break;
rewrite (?i)^/apis/web(\ |_)animations/ComputedTimingProperties$ /apis/web_animations/ComputedTimingProperties break;
rewrite (?i)^/apis/web(\ |_)animations/IterationCompositeOperation$ /apis/web_animations/IterationCompositeOperation break;
rewrite (?i)^/apis/web(\ |_)animations/KeyframeEffect$ /apis/web_animations/KeyframeEffect break;
rewrite (?i)^/apis/web(\ |_)animations/KeyframeEffect/constructor$ /apis/web_animations/KeyframeEffect/constructor break;
rewrite (?i)^/apis/web(\ |_)animations/KeyframeEffect/getFrames$ /apis/web_animations/KeyframeEffect/getFrames break;
rewrite (?i)^/apis/web(\ |_)animations/KeyframeEffect/setFrames$ /apis/web_animations/KeyframeEffect/setFrames break;
rewrite (?i)^/apis/web(\ |_)animations/KeyframeEffect/spacing$ /apis/web_animations/KeyframeEffect/spacing break;
rewrite (?i)^/apis/web(\ |_)animations/MotionPathEffect$ /apis/web_animations/MotionPathEffect break;
rewrite (?i)^/apis/web(\ |_)animations/MotionPathEffect/MotionPathEffectOptions$ /apis/web_animations/MotionPathEffect/MotionPathEffectOptions break;
rewrite (?i)^/apis/xhr/properties/XMLNS(\ |_)attribute$ /apis/xhr/properties/XMLNS_attribute break;
rewrite (?i)^/Beginners/browser(\ |_)testing$ /Beginners/browser_testing break;
rewrite (?i)^/Beginners/crash(\ |_)course$ /Beginners/crash_course break;
rewrite (?i)^/Beginners/the(\ |_)beginning$ /Beginners/the_beginning break;
rewrite (?i)^/brute(\ |_)force$ /brute_force break;
rewrite (?i)^/cap(\ |_)line$ /cap_line break;
rewrite (?i)^/character(\ |_)encoding$ /character_encoding break;
rewrite (?i)^/character(\ |_)set$ /character_set break;
rewrite (?i)^/code(\ |_)position$ /code_position break;
rewrite (?i)^/community/amsterdam(\ |_)oct(\ |_)2013$ /community/amsterdam_oct_2013 break;
rewrite (?i)^/community/amsterdam(\ |_)oct(\ |_)2014$ /community/amsterdam_oct_2014 break;
rewrite (?i)^/community/berlin(\ |_)feb(\ |_)2013$ /community/berlin_feb_2013 break;
rewrite (?i)^/community/zurich(\ |_)aug(\ |_)2013$ /community/zurich_aug_2013 break;
rewrite (?i)^/concepts/accessibility/accessibility(\ |_)basics$ /concepts/accessibility/accessibility_basics break;
rewrite (?i)^/concepts/accessibility/accessibility(\ |_)testing$ /concepts/accessibility/accessibility_testing break;
rewrite (?i)^/concepts/accessibility/at(\ |_)tools$ /concepts/accessibility/at_tools break;
rewrite (?i)^/concepts/accessibility/bringing(\ |_)accessibility(\ |_)into(\ |_)your(\ |_)organization$ /concepts/accessibility/bringing_accessibility_into_your_organization break;
rewrite (?i)^/concepts/accessibility/definitions/audio(\ |_)impairment$ /concepts/accessibility/definitions/audio_impairment break;
rewrite (?i)^/concepts/accessibility/definitions/cognitive(\ |_)impairment$ /concepts/accessibility/definitions/cognitive_impairment break;
rewrite (?i)^/concepts/accessibility/definitions/mobility(\ |_)impairment$ /concepts/accessibility/definitions/mobility_impairment break;
rewrite (?i)^/concepts/accessibility/definitions/visual(\ |_)impairment$ /concepts/accessibility/definitions/visual_impairment break;
rewrite (?i)^/concepts/accessibility/Finding(\ |_)Your(\ |_)WAI$ /concepts/accessibility/Finding_Your_WAI break;
rewrite (?i)^/concepts/accessibility/testing(\ |_)process$ /concepts/accessibility/testing_process break;
rewrite (?i)^/concepts/accessibility/testing(\ |_)tools$ /concepts/accessibility/testing_tools break;
rewrite (?i)^/concepts/accessibility/writing(\ |_)for(\ |_)an(\ |_)accessible(\ |_)web$ /concepts/accessibility/writing_for_an_accessible_web break;
rewrite (?i)^/concepts/an(\ |_)introduction(\ |_)to(\ |_)web(\ |_)design$ /concepts/an_introduction_to_web_design break;
rewrite (?i)^/concepts/color(\ |_)theory$ /concepts/color_theory break;
rewrite (?i)^/concepts/color(\ |_)theory/color(\ |_)schemes(\ |_)and(\ |_)mockups$ /concepts/color_theory/color_schemes_and_mockups break;
rewrite (?i)^/concepts/creating(\ |_)prototypes$ /concepts/creating_prototypes break;
rewrite (?i)^/concepts/cross(\ |_)browser(\ |_)techniques$ /concepts/cross_browser_techniques break;
rewrite (?i)^/concepts/design(\ |_)theory$ /concepts/design_theory break;
rewrite (?i)^/concepts/Detecting(\ |_)device(\ |_)and(\ |_)browser$ /concepts/Detecting_device_and_browser break;
rewrite (?i)^/concepts/domain(\ |_)names$ /concepts/domain_names break;
rewrite (?i)^/concepts/experimental(\ |_)features$ /concepts/experimental_features break;
rewrite (?i)^/concepts/general(\ |_)programming$ /concepts/general_programming break;
rewrite (?i)^/concepts/general(\ |_)programming/How(\ |_)does(\ |_)a(\ |_)computer(\ |_)work$ /concepts/general_programming/How_does_a_computer_work break;
rewrite (?i)^/concepts/general(\ |_)programming/NAT$ /concepts/general_programming/NAT break;
rewrite (?i)^/concepts/general(\ |_)programming/What(\ |_)is(\ |_)in(\ |_)a(\ |_)Computer$ /concepts/general_programming/What_is_in_a_Computer break;
rewrite (?i)^/concepts/graceful(\ |_)degradation$ /concepts/graceful_degradation break;
rewrite (?i)^/concepts/ia(\ |_)and(\ |_)usability$ /concepts/ia_and_usability break;
rewrite (?i)^/concepts/information(\ |_)architecture$ /concepts/information_architecture break;
rewrite (?i)^/concepts/information(\ |_)architecture/content(\ |_)research$ /concepts/information_architecture/content_research break;
rewrite (?i)^/concepts/information(\ |_)architecture/planning(\ |_)a(\ |_)website$ /concepts/information_architecture/planning_a_website break;
rewrite (?i)^/concepts/Internet(\ |_)and(\ |_)Web$ /concepts/Internet_and_Web break;
rewrite (?i)^/concepts/Internet(\ |_)and(\ |_)Web/how(\ |_)browsers(\ |_)work$ /concepts/Internet_and_Web/how_browsers_work break;
rewrite (?i)^/concepts/Internet(\ |_)and(\ |_)Web/How(\ |_)does(\ |_)the(\ |_)Internet(\ |_)Work$ /concepts/Internet_and_Web/How_does_the_Internet_Work break;
rewrite (?i)^/concepts/Internet(\ |_)and(\ |_)Web/How(\ |_)does(\ |_)the(\ |_)Internet(\ |_)Work/es$ /concepts/Internet_and_Web/How_does_the_Internet_Work/es break;
rewrite (?i)^/concepts/Internet(\ |_)and(\ |_)Web/How(\ |_)does(\ |_)the(\ |_)Internet(\ |_)Work/ja$ /concepts/Internet_and_Web/How_does_the_Internet_Work/ja break;
rewrite (?i)^/concepts/Internet(\ |_)and(\ |_)Web/html5(\ |_)hybrid(\ |_)applications$ /concepts/Internet_and_Web/html5_hybrid_applications break;
rewrite (?i)^/concepts/Internet(\ |_)and(\ |_)Web/html5(\ |_)hybrid(\ |_)applications/concepts/mobile(\ |_)tools$ /concepts/Internet_and_Web/html5_hybrid_applications/concepts/mobile_tools break;
rewrite (?i)^/concepts/Internet(\ |_)and(\ |_)Web/mime(\ |_)types$ /concepts/Internet_and_Web/mime_types break;
rewrite (?i)^/concepts/Internet(\ |_)and(\ |_)Web/OAuth$ /concepts/Internet_and_Web/OAuth break;
rewrite (?i)^/concepts/Internet(\ |_)and(\ |_)Web/proxy(\ |_)based(\ |_)browsers$ /concepts/Internet_and_Web/proxy_based_browsers break;
rewrite (?i)^/concepts/Internet(\ |_)and(\ |_)Web/The(\ |_)History(\ |_)of(\ |_)the(\ |_)Web$ /concepts/Internet_and_Web/The_History_of_the_Web break;
rewrite (?i)^/concepts/Internet(\ |_)and(\ |_)Web/the(\ |_)history(\ |_)of(\ |_)the(\ |_)web/es$ /concepts/Internet_and_Web/the_history_of_the_web/es break;
rewrite (?i)^/concepts/Internet(\ |_)and(\ |_)Web/the(\ |_)history(\ |_)of(\ |_)the(\ |_)web/ja$ /concepts/Internet_and_Web/the_history_of_the_web/ja break;
rewrite (?i)^/concepts/Internet(\ |_)and(\ |_)Web/the(\ |_)history(\ |_)of(\ |_)the(\ |_)web/tr$ /concepts/Internet_and_Web/the_history_of_the_web/tr break;
rewrite (?i)^/concepts/Internet(\ |_)and(\ |_)Web/The(\ |_)Web(\ |_)Standards(\ |_)Model$ /concepts/Internet_and_Web/The_Web_Standards_Model break;
rewrite (?i)^/concepts/Internet(\ |_)and(\ |_)Web/The(\ |_)Web(\ |_)Standards(\ |_)Model/ja$ /concepts/Internet_and_Web/The_Web_Standards_Model/ja break;
rewrite (?i)^/concepts/Internet(\ |_)and(\ |_)Web/webrtc$ /concepts/Internet_and_Web/webrtc break;
rewrite (?i)^/concepts/internet(\ |_)web/web(\ |_)stack$ /concepts/internet_web/web_stack break;
rewrite (?i)^/concepts/mobile(\ |_)web$ /concepts/mobile_web break;
rewrite (?i)^/concepts/mobile(\ |_)web/highdpi$ /concepts/mobile_web/highdpi break;
rewrite (?i)^/concepts/mobile(\ |_)web/mobile(\ |_)debugging$ /concepts/mobile_web/mobile_debugging break;
rewrite (?i)^/concepts/mobile(\ |_)web/mobile(\ |_)friendly(\ |_)web(\ |_)dev(\ |_)overview$ /concepts/mobile_web/mobile_friendly_web_dev_overview break;
rewrite (?i)^/concepts/mobile(\ |_)web/mobile(\ |_)javascript(\ |_)best(\ |_)practices$ /concepts/mobile_web/mobile_javascript_best_practices break;
rewrite (?i)^/concepts/mobile(\ |_)web/mobile(\ |_)web$ /concepts/mobile_web/mobile_web break;
rewrite (?i)^/concepts/mobile(\ |_)web/responsive(\ |_)design$ /concepts/mobile_web/responsive_design break;
rewrite (?i)^/concepts/mobile(\ |_)web/touch$ /concepts/mobile_web/touch break;
rewrite (?i)^/concepts/network(\ |_)architecture$ /concepts/network_architecture break;
rewrite (?i)^/concepts/one(\ |_)web$ /concepts/one_web break;
rewrite (?i)^/concepts/Pointer(\ |_)Events$ /concepts/Pointer_Events break;
rewrite (?i)^/concepts/programming/about(\ |_)javascript$ /concepts/programming/about_javascript break;
rewrite (?i)^/concepts/programming/Core(\ |_)JavaScript(\ |_)Objects$ /concepts/programming/Core_JavaScript_Objects break;
rewrite (?i)^/concepts/programming/drawing(\ |_)images(\ |_)onto(\ |_)canvas$ /concepts/programming/drawing_images_onto_canvas break;
rewrite (?i)^/concepts/programming/how(\ |_)do(\ |_)computers(\ |_)work$ /concepts/programming/how_do_computers_work break;
rewrite (?i)^/concepts/programming/javascript/core(\ |_)objects$ /concepts/programming/javascript/core_objects break;
rewrite (?i)^/concepts/programming/javascript/core(\ |_)objects/js/objects/String/concat$ /concepts/programming/javascript/core_objects/js/objects/String/concat break;
rewrite (?i)^/concepts/programming/javascript/core(\ |_)objects/js/objects/String/substr$ /concepts/programming/javascript/core_objects/js/objects/String/substr break;
rewrite (?i)^/concepts/programming/javascript/core(\ |_)objects/js/objects/String/toLowerCase$ /concepts/programming/javascript/core_objects/js/objects/String/toLowerCase break;
rewrite (?i)^/concepts/programming/javascript/core(\ |_)objects/js/objects/String/toUpperCase$ /concepts/programming/javascript/core_objects/js/objects/String/toUpperCase break;
rewrite (?i)^/concepts/programming/javascript/object(\ |_)model$ /concepts/programming/javascript/object_model break;
rewrite (?i)^/concepts/programming/programming(\ |_)basics$ /concepts/programming/programming_basics break;
rewrite (?i)^/concepts/programming/style(\ |_)guides$ /concepts/programming/style_guides break;
rewrite (?i)^/concepts/programming/the(\ |_)principles(\ |_)of(\ |_)unobtrusive(\ |_)javascript$ /concepts/programming/the_principles_of_unobtrusive_javascript break;
rewrite (?i)^/concepts/programming/the(\ |_)purpose(\ |_)of(\ |_)javascript$ /concepts/programming/the_purpose_of_javascript break;
rewrite (?i)^/concepts/programming/variables(\ |_)in(\ |_)javascript$ /concepts/programming/variables_in_javascript break;
rewrite (?i)^/concepts/progressive(\ |_)enhancement$ /concepts/progressive_enhancement break;
rewrite (?i)^/concepts/proprietary(\ |_)internet(\ |_)explorer(\ |_)techniques$ /concepts/proprietary_internet_explorer_techniques break;
rewrite (?i)^/concepts/redirect(\ |_)no(\ |_)javascript$ /concepts/redirect_no_javascript break;
rewrite (?i)^/concepts/responsive/an(\ |_)introduction(\ |_)to(\ |_)responsive(\ |_)website(\ |_)design$ /concepts/responsive/an_introduction_to_responsive_website_design break;
rewrite (?i)^/concepts/security/WebSocket(\ |_)security$ /concepts/security/WebSocket_security break;
rewrite (?i)^/concepts/ux/techniques/contextual(\ |_)inquiry$ /concepts/ux/techniques/contextual_inquiry break;
rewrite (?i)^/concepts/ux/techniques/elevator(\ |_)pitch$ /concepts/ux/techniques/elevator_pitch break;
rewrite (?i)^/concepts/ux/techniques/empathy(\ |_)map$ /concepts/ux/techniques/empathy_map break;
rewrite (?i)^/concepts/ux/techniques/inception(\ |_)deck$ /concepts/ux/techniques/inception_deck break;
rewrite (?i)^/concepts/ux/techniques/journey(\ |_)map$ /concepts/ux/techniques/journey_map break;
rewrite (?i)^/concepts/ux/techniques/stakeholder(\ |_)mapping$ /concepts/ux/techniques/stakeholder_mapping break;
rewrite (?i)^/concepts/ux/techniques/story(\ |_)mapping$ /concepts/ux/techniques/story_mapping break;
rewrite (?i)^/concepts/ux/techniques/user(\ |_)stories$ /concepts/ux/techniques/user_stories break;
rewrite (?i)^/concepts/ux/techniques/ux(\ |_)map$ /concepts/ux/techniques/ux_map break;
rewrite (?i)^/concepts/ux/techniques/visual(\ |_)board$ /concepts/ux/techniques/visual_board break;
rewrite (?i)^/concepts/ux/user(\ |_)experience(\ |_)design$ /concepts/ux/user_experience_design break;
rewrite (?i)^/concepts/ux/what(\ |_)does(\ |_)a(\ |_)good(\ |_)web(\ |_)page(\ |_)need$ /concepts/ux/what_does_a_good_web_page_need break;
rewrite (?i)^/concepts/VTT(\ |_)Captioning$ /concepts/VTT_Captioning break;
rewrite (?i)^/concepts/web(\ |_)design$ /concepts/web_design break;
rewrite (?i)^/concepts/web(\ |_)design/es$ /concepts/web_design/es break;
rewrite (?i)^/concepts/web(\ |_)typography$ /concepts/web_typography break;
rewrite (?i)^/concepts/wireframing(\ |_)a(\ |_)site$ /concepts/wireframing_a_site break;
rewrite (?i)^/container(\ |_)element$ /container_element break;
rewrite (?i)^/Contributor(\ |_)Agreement$ /Contributor_Agreement break;
rewrite (?i)^/css/color/colors(\ |_)by(\ |_)hue$ /css/color/colors_by_hue break;
rewrite (?i)^/css/color/colors(\ |_)by(\ |_)lightness$ /css/color/colors_by_lightness break;
rewrite (?i)^/css/color/colors(\ |_)by(\ |_)name$ /css/color/colors_by_name break;
rewrite (?i)^/css/color/colors(\ |_)by(\ |_)perceptual(\ |_)lightness$ /css/color/colors_by_perceptual_lightness break;
rewrite (?i)^/css/color/colors(\ |_)by(\ |_)saturation$ /css/color/colors_by_saturation break;
rewrite (?i)^/css/color/user-defined(\ |_)system(\ |_)colors$ /css/color/user-defined_system_colors break;
rewrite (?i)^/css/concepts/computed(\ |_)value$ /css/concepts/computed_value break;
rewrite (?i)^/css/concepts/css(\ |_)applies(\ |_)to$ /css/concepts/css_applies_to break;
rewrite (?i)^/css/concepts/fallback(\ |_)property$ /css/concepts/fallback_property break;
rewrite (?i)^/css/concepts/initial(\ |_)value$ /css/concepts/initial_value break;
rewrite (?i)^/css/concepts/named(\ |_)flow$ /css/concepts/named_flow break;
rewrite (?i)^/css/concepts/region(\ |_)chain$ /css/concepts/region_chain break;
rewrite (?i)^/css/cssom/CSSOM(\ |_)view$ /css/cssom/CSSOM_view break;
rewrite (?i)^/css/data(\ |_)types$ /css/data_types break;
rewrite (?i)^/css/data(\ |_)types/angle$ /css/data_types/angle break;
rewrite (?i)^/css/data(\ |_)types/color$ /css/data_types/color break;
rewrite (?i)^/css/data(\ |_)types/custom(\ |_)ident$ /css/data_types/custom_ident break;
rewrite (?i)^/css/data(\ |_)types/frequency$ /css/data_types/frequency break;
rewrite (?i)^/css/data(\ |_)types/image$ /css/data_types/image break;
rewrite (?i)^/css/data(\ |_)types/integer$ /css/data_types/integer break;
rewrite (?i)^/css/data(\ |_)types/keyword$ /css/data_types/keyword break;
rewrite (?i)^/css/data(\ |_)types/length$ /css/data_types/length break;
rewrite (?i)^/css/data(\ |_)types/number$ /css/data_types/number break;
rewrite (?i)^/css/data(\ |_)types/percentage$ /css/data_types/percentage break;
rewrite (?i)^/css/data(\ |_)types/position$ /css/data_types/position break;
rewrite (?i)^/css/data(\ |_)types/resolution$ /css/data_types/resolution break;
rewrite (?i)^/css/data(\ |_)types/string$ /css/data_types/string break;
rewrite (?i)^/css/data(\ |_)types/text$ /css/data_types/text break;
rewrite (?i)^/css/data(\ |_)types/time$ /css/data_types/time break;
rewrite (?i)^/css/data(\ |_)types/url$ /css/data_types/url break;
rewrite (?i)^/css/generated(\ |_)and(\ |_)replaced(\ |_)content$ /css/generated_and_replaced_content break;
rewrite (?i)^/css/high(\ |_)contrast(\ |_)mode/properties/-ms-high-contrast$ /css/high_contrast_mode/properties/-ms-high-contrast break;
rewrite (?i)^/css/high(\ |_)contrast(\ |_)modeapis/properties/ms-high-contrast-adjust$ /css/high_contrast_modeapis/properties/ms-high-contrast-adjust break;
rewrite (?i)^/css/media(\ |_)queries$ /css/media_queries break;
rewrite (?i)^/css/media(\ |_)queries/accelerator$ /css/media_queries/accelerator break;
rewrite (?i)^/css/media(\ |_)queries/any-hover$ /css/media_queries/any-hover break;
rewrite (?i)^/css/media(\ |_)queries/any-pointer$ /css/media_queries/any-pointer break;
rewrite (?i)^/css/media(\ |_)queries/apis$ /css/media_queries/apis break;
rewrite (?i)^/css/media(\ |_)queries/apis/addListener$ /css/media_queries/apis/addListener break;
rewrite (?i)^/css/media(\ |_)queries/apis/handleChange$ /css/media_queries/apis/handleChange break;
rewrite (?i)^/css/media(\ |_)queries/apis/matches$ /css/media_queries/apis/matches break;
rewrite (?i)^/css/media(\ |_)queries/apis/matchMedia$ /css/media_queries/apis/matchMedia break;
rewrite (?i)^/css/media(\ |_)queries/apis/matchMedium$ /css/media_queries/apis/matchMedium break;
rewrite (?i)^/css/media(\ |_)queries/apis/media$ /css/media_queries/apis/media break;
rewrite (?i)^/css/media(\ |_)queries/apis/MediaQueryList$ /css/media_queries/apis/MediaQueryList break;
rewrite (?i)^/css/media(\ |_)queries/apis/MediaQueryListListener$ /css/media_queries/apis/MediaQueryListListener break;
rewrite (?i)^/css/media(\ |_)queries/apis/properties/type$ /css/media_queries/apis/properties/type break;
rewrite (?i)^/css/media(\ |_)queries/apis/removeListener$ /css/media_queries/apis/removeListener break;
rewrite (?i)^/css/media(\ |_)queries/apis/StyleMedia$ /css/media_queries/apis/StyleMedia break;
rewrite (?i)^/css/media(\ |_)queries/aspect-ratio$ /css/media_queries/aspect-ratio break;
rewrite (?i)^/css/media(\ |_)queries/color$ /css/media_queries/color break;
rewrite (?i)^/css/media(\ |_)queries/color-index$ /css/media_queries/color-index break;
rewrite (?i)^/css/media(\ |_)queries/colors(\ |_)by$ /css/media_queries/colors_by break;
rewrite (?i)^/css/media(\ |_)queries/device-aspect-ratio$ /css/media_queries/device-aspect-ratio break;
rewrite (?i)^/css/media(\ |_)queries/device-height$ /css/media_queries/device-height break;
rewrite (?i)^/css/media(\ |_)queries/device-width$ /css/media_queries/device-width break;
rewrite (?i)^/css/media(\ |_)queries/filter$ /css/media_queries/filter break;
rewrite (?i)^/css/media(\ |_)queries/grid$ /css/media_queries/grid break;
rewrite (?i)^/css/media(\ |_)queries/height$ /css/media_queries/height break;
rewrite (?i)^/css/media(\ |_)queries/media(\ |_)groups/audio$ /css/media_queries/media_groups/audio break;
rewrite (?i)^/css/media(\ |_)queries/media(\ |_)groups/bitmap$ /css/media_queries/media_groups/bitmap break;
rewrite (?i)^/css/media(\ |_)queries/media(\ |_)groups/continuous$ /css/media_queries/media_groups/continuous break;
rewrite (?i)^/css/media(\ |_)queries/media(\ |_)groups/grid$ /css/media_queries/media_groups/grid break;
rewrite (?i)^/css/media(\ |_)queries/media(\ |_)groups/interactive$ /css/media_queries/media_groups/interactive break;
rewrite (?i)^/css/media(\ |_)queries/media(\ |_)groups/paged$ /css/media_queries/media_groups/paged break;
rewrite (?i)^/css/media(\ |_)queries/media(\ |_)groups/speech$ /css/media_queries/media_groups/speech break;
rewrite (?i)^/css/media(\ |_)queries/media(\ |_)groups/static$ /css/media_queries/media_groups/static break;
rewrite (?i)^/css/media(\ |_)queries/media(\ |_)groups/tactile$ /css/media_queries/media_groups/tactile break;
rewrite (?i)^/css/media(\ |_)queries/media(\ |_)groups/visual$ /css/media_queries/media_groups/visual break;
rewrite (?i)^/css/media(\ |_)queries/monochrome$ /css/media_queries/monochrome break;
rewrite (?i)^/css/media(\ |_)queries/ms-interpolation-mode$ /css/media_queries/ms-interpolation-mode break;
rewrite (?i)^/css/media(\ |_)queries/orientation$ /css/media_queries/orientation break;
rewrite (?i)^/css/media(\ |_)queries/resolution$ /css/media_queries/resolution break;
rewrite (?i)^/css/media(\ |_)queries/scan$ /css/media_queries/scan break;
rewrite (?i)^/css/media(\ |_)queries/view-mode$ /css/media_queries/view-mode break;
rewrite (?i)^/css/media(\ |_)queries/width$ /css/media_queries/width break;
rewrite (?i)^/css/selectors/attribute(\ |_)selector$ /css/selectors/attribute_selector break;
rewrite (?i)^/css/selectors/class(\ |_)selector$ /css/selectors/class_selector break;
rewrite (?i)^/css/selectors/combinators/adjacent(\ |_)sibling$ /css/selectors/combinators/adjacent_sibling break;
rewrite (?i)^/css/selectors/combinators/general(\ |_)sibling$ /css/selectors/combinators/general_sibling break;
rewrite (?i)^/css/selectors/id(\ |_)selector$ /css/selectors/id_selector break;
rewrite (?i)^/css/selectors/pseudo-classes/Structural(\ |_)pseudo-classes$ /css/selectors/pseudo-classes/Structural_pseudo-classes break;
rewrite (?i)^/css/selectors/pseudo-classes/ui(\ |_)element(\ |_)states(\ |_)pseudo-classes$ /css/selectors/pseudo-classes/ui_element_states_pseudo-classes break;
rewrite (?i)^/css/selectors/universal(\ |_)selector$ /css/selectors/universal_selector break;
rewrite (?i)^/css/selectors(\ |_)api/querySelector$ /css/selectors_api/querySelector break;
rewrite (?i)^/css/selectors(\ |_)api/querySelectorAll$ /css/selectors_api/querySelectorAll break;
rewrite (?i)^/dom/constants/DOM(\ |_)exception(\ |_)error(\ |_)codes$ /dom/constants/DOM_exception_error_codes break;
rewrite (?i)^/dom/constants/HTTP(\ |_)response(\ |_)headers$ /dom/constants/HTTP_response_headers break;
rewrite (?i)^/dom/tutorials/adding(\ |_)and(\ |_)deleting(\ |_)elements$ /dom/tutorials/adding_and_deleting_elements break;
rewrite (?i)^/dom/tutorials/attribute(\ |_)methods$ /dom/tutorials/attribute_methods break;
rewrite (?i)^/dom/tutorials/node(\ |_)interface$ /dom/tutorials/node_interface break;
rewrite (?i)^/edge(\ |_)case$ /edge_case break;
rewrite (?i)^/Floats(\ |_)and(\ |_)clearing$ /Floats_and_clearing break;
rewrite (?i)^/flush(\ |_)left$ /flush_left break;
rewrite (?i)^/flush(\ |_)right$ /flush_right break;
rewrite (?i)^/functional(\ |_)notation$ /functional_notation break;
rewrite (?i)^/generic(\ |_)font(\ |_)family$ /generic_font_family break;
rewrite (?i)^/glossary/items/CSS(\ |_)Keyword$ /glossary/items/CSS_Keyword break;
rewrite (?i)^/guides/advanced(\ |_)css(\ |_)text(\ |_)styling$ /guides/advanced_css_text_styling break;
rewrite (?i)^/guides/advanced(\ |_)selectors(\ |_)guide$ /guides/advanced_selectors_guide break;
rewrite (?i)^/guides/css(\ |_)shorthand$ /guides/css_shorthand break;
rewrite (?i)^/guides/css(\ |_)text(\ |_)styling(\ |_)fundamentals$ /guides/css_text_styling_fundamentals break;
rewrite (?i)^/guides/css(\ |_)text(\ |_)styling(\ |_)fundamentals/ja$ /guides/css_text_styling_fundamentals/ja break;
rewrite (?i)^/guides/doctypes(\ |_)and(\ |_)markup(\ |_)styles$ /guides/doctypes_and_markup_styles break;
rewrite (?i)^/guides/doctypes(\ |_)and(\ |_)markup(\ |_)styles/ja$ /guides/doctypes_and_markup_styles/ja break;
rewrite (?i)^/guides/getting(\ |_)started(\ |_)with(\ |_)css$ /guides/getting_started_with_css break;
rewrite (?i)^/guides/getting(\ |_)started(\ |_)with(\ |_)css/ja$ /guides/getting_started_with_css/ja break;
rewrite (?i)^/guides/html5(\ |_)form(\ |_)features/ja$ /guides/html5_form_features/ja break;
rewrite (?i)^/guides/html(\ |_)forms(\ |_)basics$ /guides/html_forms_basics break;
rewrite (?i)^/guides/html(\ |_)forms(\ |_)basics/ja$ /guides/html_forms_basics/ja break;
rewrite (?i)^/guides/html(\ |_)links$ /guides/html_links break;
rewrite (?i)^/guides/html(\ |_)links/ja$ /guides/html_links/ja break;
rewrite (?i)^/guides/html(\ |_)lists$ /guides/html_lists break;
rewrite (?i)^/guides/html(\ |_)lists/ja$ /guides/html_lists/ja break;
rewrite (?i)^/guides/html(\ |_)structural(\ |_)elements$ /guides/html_structural_elements break;
rewrite (?i)^/guides/html(\ |_)structural(\ |_)elements/ja$ /guides/html_structural_elements/ja break;
rewrite (?i)^/guides/html(\ |_)tables$ /guides/html_tables break;
rewrite (?i)^/guides/html(\ |_)tables/ja$ /guides/html_tables/ja break;
rewrite (?i)^/guides/html(\ |_)text$ /guides/html_text break;
rewrite (?i)^/guides/html(\ |_)text/es$ /guides/html_text/es break;
rewrite (?i)^/guides/html(\ |_)text/ja$ /guides/html_text/ja break;
rewrite (?i)^/guides/html(\ |_)text(\ |_)es$ /guides/html_text_es break;
rewrite (?i)^/guides/html(\ |_)validation$ /guides/html_validation break;
rewrite (?i)^/guides/html(\ |_)validation/ja$ /guides/html_validation/ja break;
rewrite (?i)^/guides/images(\ |_)in(\ |_)html$ /guides/images_in_html break;
rewrite (?i)^/guides/images(\ |_)in(\ |_)html/ja$ /guides/images_in_html/ja break;
rewrite (?i)^/guides/lesser-known(\ |_)semantic(\ |_)elements$ /guides/lesser-known_semantic_elements break;
rewrite (?i)^/guides/lesser-known(\ |_)semantic(\ |_)elements/ja$ /guides/lesser-known_semantic_elements/ja break;
rewrite (?i)^/guides/more(\ |_)about(\ |_)the(\ |_)html(\ |_)head$ /guides/more_about_the_html_head break;
rewrite (?i)^/guides/security/web(\ |_)security(\ |_)basics$ /guides/security/web_security_basics break;
rewrite (?i)^/guides/styling(\ |_)forms(\ |_)guide$ /guides/styling_forms_guide break;
rewrite (?i)^/guides/Styling(\ |_)lists(\ |_)and(\ |_)links$ /guides/Styling_lists_and_links break;
rewrite (?i)^/guides/styling(\ |_)tables$ /guides/styling_tables break;
rewrite (?i)^/guides/the(\ |_)basics(\ |_)of(\ |_)html$ /guides/the_basics_of_html break;
rewrite (?i)^/guides/the(\ |_)basics(\ |_)of(\ |_)html/es$ /guides/the_basics_of_html/es break;
rewrite (?i)^/guides/the(\ |_)basics(\ |_)of(\ |_)html/ja$ /guides/the_basics_of_html/ja break;
rewrite (?i)^/guides/the(\ |_)basics(\ |_)of(\ |_)html/ko$ /guides/the_basics_of_html/ko break;
rewrite (?i)^/guides/the(\ |_)basics(\ |_)of(\ |_)html/sv$ /guides/the_basics_of_html/sv break;
rewrite (?i)^/guides/the(\ |_)css(\ |_)layout(\ |_)model$ /guides/the_css_layout_model break;
rewrite (?i)^/guides/the(\ |_)html(\ |_)head$ /guides/the_html_head break;
rewrite (?i)^/guides/the(\ |_)html(\ |_)head/ja$ /guides/the_html_head/ja break;
rewrite (?i)^/hanging(\ |_)punctuation$ /hanging_punctuation break;
rewrite (?i)^/html/attributes/ATOMICSELECTION(\ |_)html(\ |_)attribute$ /html/attributes/ATOMICSELECTION_html_attribute break;
rewrite (?i)^/html/attributes/security(\ |_)html(\ |_)attribute$ /html/attributes/security_html_attribute break;
rewrite (?i)^/html/attributes/vcard(\ |_)name$ /html/attributes/vcard_name break;
rewrite (?i)^/html/data(\ |_)types$ /html/data_types break;
rewrite (?i)^/html/elements/html(\ |_)comment(\ |_)data-type$ /html/elements/html_comment_data-type break;
rewrite (?i)^/html/global(\ |_)attributes$ /html/global_attributes break;
rewrite (?i)^/html/html5/changed(\ |_)obsolete(\ |_)attributes$ /html/html5/changed_obsolete_attributes break;
rewrite (?i)^/html/html5/changed(\ |_)obsolete(\ |_)elements$ /html/html5/changed_obsolete_elements break;
rewrite (?i)^/html/html5/html5(\ |_)key(\ |_)topics$ /html/html5/html5_key_topics break;
rewrite (?i)^/html/html5/new(\ |_)apis$ /html/html5/new_apis break;
rewrite (?i)^/html/html5/new(\ |_)attributes$ /html/html5/new_attributes break;
rewrite (?i)^/html/html5/new(\ |_)elements$ /html/html5/new_elements break;
rewrite (?i)^/html/quirks(\ |_)mode$ /html/quirks_mode break;
rewrite (?i)^/html/tutorials/Marking(\ |_)up(\ |_)textual(\ |_)content(\ |_)in(\ |_)HTML$ /html/tutorials/Marking_up_textual_content_in_HTML break;
rewrite (?i)^/html5/html/unchanged(\ |_)elements$ /html5/html/unchanged_elements break;
rewrite (?i)^/http/response(\ |_)status(\ |_)codes$ /http/response_status_codes break;
rewrite (?i)^/ja/concepts/programming/programming(\ |_)basics$ /ja/concepts/programming/programming_basics break;
rewrite (?i)^/javascript/arguments/0(\ |_)n(\ |_)Properties$ /javascript/arguments/0_n_Properties break;
rewrite (?i)^/javascript/directives/use(\ |_)strict$ /javascript/directives/use_strict break;
rewrite (?i)^/javascript/Float32Array/BYTES(\ |_)PER(\ |_)ELEMENT$ /javascript/Float32Array/BYTES_PER_ELEMENT break;
rewrite (?i)^/javascript/Float64Array/BYTES(\ |_)PER(\ |_)ELEMENT$ /javascript/Float64Array/BYTES_PER_ELEMENT break;
rewrite (?i)^/javascript/future(\ |_)reserved(\ |_)words$ /javascript/future_reserved_words break;
rewrite (?i)^/javascript/Int8Array/BYTES(\ |_)PER(\ |_)ELEMENT$ /javascript/Int8Array/BYTES_PER_ELEMENT break;
rewrite (?i)^/javascript/Int16Array/BYTES(\ |_)PER(\ |_)ELEMENT$ /javascript/Int16Array/BYTES_PER_ELEMENT break;
rewrite (?i)^/javascript/Int32Array/BYTES(\ |_)PER(\ |_)ELEMENT$ /javascript/Int32Array/BYTES_PER_ELEMENT break;
rewrite (?i)^/javascript/operators/addition(\ |_)assignment$ /javascript/operators/addition_assignment break;
rewrite (?i)^/javascript/operators/bitwise(\ |_)and$ /javascript/operators/bitwise_and break;
rewrite (?i)^/javascript/operators/bitwise(\ |_)and(\ |_)assignment$ /javascript/operators/bitwise_and_assignment break;
rewrite (?i)^/javascript/operators/bitwise(\ |_)left(\ |_)shift$ /javascript/operators/bitwise_left_shift break;
rewrite (?i)^/javascript/operators/bitwise(\ |_)not$ /javascript/operators/bitwise_not break;
rewrite (?i)^/javascript/operators/bitwise(\ |_)or$ /javascript/operators/bitwise_or break;
rewrite (?i)^/javascript/operators/bitwise(\ |_)or(\ |_)assignment$ /javascript/operators/bitwise_or_assignment break;
rewrite (?i)^/javascript/operators/bitwise(\ |_)right(\ |_)shift$ /javascript/operators/bitwise_right_shift break;
rewrite (?i)^/javascript/operators/bitwise(\ |_)xor$ /javascript/operators/bitwise_xor break;
rewrite (?i)^/javascript/operators/bitwise(\ |_)xor(\ |_)assignment$ /javascript/operators/bitwise_xor_assignment break;
rewrite (?i)^/javascript/operators/compound(\ |_)assignment$ /javascript/operators/compound_assignment break;
rewrite (?i)^/javascript/operators/conditional(\ |_)ternary$ /javascript/operators/conditional_ternary break;
rewrite (?i)^/javascript/operators/division(\ |_)assignment$ /javascript/operators/division_assignment break;
rewrite (?i)^/javascript/operators/increment(\ |_)and(\ |_)decrement$ /javascript/operators/increment_and_decrement break;
rewrite (?i)^/javascript/operators/left(\ |_)shift(\ |_)assignment$ /javascript/operators/left_shift_assignment break;
rewrite (?i)^/javascript/operators/logical(\ |_)and$ /javascript/operators/logical_and break;
rewrite (?i)^/javascript/operators/logical(\ |_)not$ /javascript/operators/logical_not break;
rewrite (?i)^/javascript/operators/logical(\ |_)or$ /javascript/operators/logical_or break;
rewrite (?i)^/javascript/operators/modulus(\ |_)assignment$ /javascript/operators/modulus_assignment break;
rewrite (?i)^/javascript/operators/multiplication(\ |_)assignment$ /javascript/operators/multiplication_assignment break;
rewrite (?i)^/javascript/operators/right(\ |_)shift(\ |_)assignment$ /javascript/operators/right_shift_assignment break;
rewrite (?i)^/javascript/operators/subtraction(\ |_)assignment$ /javascript/operators/subtraction_assignment break;
rewrite (?i)^/javascript/operators/unsigned(\ |_)right(\ |_)shift$ /javascript/operators/unsigned_right_shift break;
rewrite (?i)^/javascript/operators/unsigned(\ |_)right(\ |_)shift(\ |_)assignment$ /javascript/operators/unsigned_right_shift_assignment break;
rewrite (?i)^/javascript/RegExp/1(\ |_)9(\ |_)Properties$ /javascript/RegExp/1_9_Properties break;
rewrite (?i)^/javascript/regular(\ |_)expression$ /javascript/regular_expression break;
rewrite (?i)^/javascript/reserved(\ |_)words$ /javascript/reserved_words break;
rewrite (?i)^/javascript/statements/do(\ |_)while$ /javascript/statements/do_while break;
rewrite (?i)^/javascript/statements/for(\ |_)in$ /javascript/statements/for_in break;
rewrite (?i)^/javascript/statements/if(\ |_)else$ /javascript/statements/if_else break;
rewrite (?i)^/javascript/statements/try(\ |_)catch(\ |_)finally$ /javascript/statements/try_catch_finally break;
rewrite (?i)^/javascript/String/HTML(\ |_)Tag(\ |_)Methods$ /javascript/String/HTML_Tag_Methods break;
rewrite (?i)^/javascript/Uint8Array/BYTES(\ |_)PER(\ |_)ELEMENT$ /javascript/Uint8Array/BYTES_PER_ELEMENT break;
rewrite (?i)^/javascript/Uint16Array/BYTES(\ |_)PER(\ |_)ELEMENT$ /javascript/Uint16Array/BYTES_PER_ELEMENT break;
rewrite (?i)^/javascript/Uint32Array/BYTES(\ |_)PER(\ |_)ELEMENT$ /javascript/Uint32Array/BYTES_PER_ELEMENT break;
rewrite (?i)^/letter(\ |_)spacing$ /letter_spacing break;
rewrite (?i)^/lining(\ |_)figures$ /lining_figures break;
rewrite (?i)^/lorem(\ |_)ipsum$ /lorem_ipsum break;
rewrite (?i)^/Main(\ |_)Page$ /Main_Page break;
rewrite (?i)^/Main(\ |_)Page/chs$ /Main_Page/chs break;
rewrite (?i)^/Main(\ |_)Page/de$ /Main_Page/de break;
rewrite (?i)^/Main(\ |_)Page/es$ /Main_Page/es break;
rewrite (?i)^/Main(\ |_)Page/fr$ /Main_Page/fr break;
rewrite (?i)^/Main(\ |_)Page/ja$ /Main_Page/ja break;
rewrite (?i)^/Main(\ |_)Page/ko$ /Main_Page/ko break;
rewrite (?i)^/Main(\ |_)Page/nl$ /Main_Page/nl break;
rewrite (?i)^/Main(\ |_)Page/pt-br$ /Main_Page/pt-br break;
rewrite (?i)^/Main(\ |_)Page/tr$ /Main_Page/tr break;
rewrite (?i)^/Main(\ |_)Page/zh$ /Main_Page/zh break;
rewrite (?i)^/Main(\ |_)Page/zh-hant$ /Main_Page/zh-hant break;
rewrite (?i)^/manipulating(\ |_)css(\ |_)with(\ |_)javascript$ /manipulating_css_with_javascript break;
rewrite (?i)^/mean(\ |_)line$ /mean_line break;
rewrite (?i)^/mobile(\ |_)web/PhoneGap$ /mobile_web/PhoneGap break;
rewrite (?i)^/monospaced(\ |_)font$ /monospaced_font break;
rewrite (?i)^/non(\ |_)lining(\ |_)figures$ /non_lining_figures break;
rewrite (?i)^/PointerEvents/pointer(\ |_)events(\ |_)sites$ /PointerEvents/pointer_events_sites break;
rewrite (?i)^/proportional(\ |_)font$ /proportional_font break;
rewrite (?i)^/relative(\ |_)unit$ /relative_unit break;
rewrite (?i)^/rendering(\ |_)engine$ /rendering_engine break;
rewrite (?i)^/sans(\ |_)serif(\ |_)font$ /sans_serif_font break;
rewrite (?i)^/serif(\ |_)font$ /serif_font break;
rewrite (?i)^/server-side(\ |_)languages$ /server-side_languages break;
rewrite (?i)^/server-side(\ |_)languages/java$ /server-side_languages/java break;
rewrite (?i)^/server-side(\ |_)languages/javascript$ /server-side_languages/javascript break;
rewrite (?i)^/server-side(\ |_)languages/perl$ /server-side_languages/perl break;
rewrite (?i)^/server-side(\ |_)languages/php$ /server-side_languages/php break;
rewrite (?i)^/server-side(\ |_)languages/python$ /server-side_languages/python break;
rewrite (?i)^/server-side(\ |_)languages/ruby$ /server-side_languages/ruby break;
rewrite (?i)^/small(\ |_)caps$ /small_caps break;
rewrite (?i)^/Styling(\ |_)forms$ /Styling_forms break;
rewrite (?i)^/Styling(\ |_)tables$ /Styling_tables break;
rewrite (?i)^/svg/browser(\ |_)support$ /svg/browser_support break;
rewrite (?i)^/svg/data(\ |_)types$ /svg/data_types break;
rewrite (?i)^/svg/tutorials/autoscaling(\ |_)svg$ /svg/tutorials/autoscaling_svg break;
rewrite (?i)^/svg/tutorials/smarter(\ |_)svg(\ |_)animation$ /svg/tutorials/smarter_svg_animation break;
rewrite (?i)^/svg/tutorials/smarter(\ |_)svg(\ |_)deploy$ /svg/tutorials/smarter_svg_deploy break;
rewrite (?i)^/svg/tutorials/smarter(\ |_)svg(\ |_)filters$ /svg/tutorials/smarter_svg_filters break;
rewrite (?i)^/svg/tutorials/smarter(\ |_)svg(\ |_)graphics$ /svg/tutorials/smarter_svg_graphics break;
rewrite (?i)^/svg/tutorials/smarter(\ |_)svg(\ |_)interact$ /svg/tutorials/smarter_svg_interact break;
rewrite (?i)^/svg/tutorials/smarter(\ |_)svg(\ |_)overview$ /svg/tutorials/smarter_svg_overview break;
rewrite (?i)^/svg/tutorials/smarter(\ |_)svg(\ |_)shapes$ /svg/tutorials/smarter_svg_shapes break;
rewrite (?i)^/svg/tutorials/smarter(\ |_)svg(\ |_)text$ /svg/tutorials/smarter_svg_text break;
rewrite (?i)^/svg(\ |_)reference$ /svg_reference break;
rewrite (?i)^/svg(\ |_)wow(\ |_)demos$ /svg_wow_demos break;
rewrite (?i)^/symbol(\ |_)font$ /symbol_font break;
rewrite (?i)^/test(\ |_)case$ /test_case break;
rewrite (?i)^/tutorials/3d(\ |_)css$ /tutorials/3d_css break;
rewrite (?i)^/tutorials/3d(\ |_)graphics(\ |_)and(\ |_)effects$ /tutorials/3d_graphics_and_effects break;
rewrite (?i)^/tutorials/20thing(\ |_)pageflip$ /tutorials/20thing_pageflip break;
rewrite (?i)^/tutorials/about(\ |_)offline$ /tutorials/about_offline break;
rewrite (?i)^/tutorials/absolute(\ |_)and(\ |_)fixed(\ |_)positioning$ /tutorials/absolute_and_fixed_positioning break;
rewrite (?i)^/tutorials/animation(\ |_)in(\ |_)javascript$ /tutorials/animation_in_javascript break;
rewrite (?i)^/tutorials/animation(\ |_)in(\ |_)javascript(\ |_)2$ /tutorials/animation_in_javascript_2 break;
rewrite (?i)^/tutorials/animations(\ |_)in(\ |_)svg$ /tutorials/animations_in_svg break;
rewrite (?i)^/tutorials/appcache(\ |_)beginner$ /tutorials/appcache_beginner break;
rewrite (?i)^/tutorials/audio/an(\ |_)introduction(\ |_)to(\ |_)the(\ |_)web(\ |_)audio(\ |_)api$ /tutorials/audio/an_introduction_to_the_web_audio_api break;
rewrite (?i)^/tutorials/audio/intro(\ |_)web(\ |_)audio(\ |_)api(\ |_)1$ /tutorials/audio/intro_web_audio_api_1 break;
rewrite (?i)^/tutorials/audio/intro(\ |_)web(\ |_)audio(\ |_)api(\ |_)2$ /tutorials/audio/intro_web_audio_api_2 break;
rewrite (?i)^/tutorials/audio(\ |_)and(\ |_)video$ /tutorials/audio_and_video break;
rewrite (?i)^/tutorials/audio(\ |_)tag$ /tutorials/audio_tag break;
rewrite (?i)^/tutorials/basic(\ |_)svg(\ |_)shapes$ /tutorials/basic_svg_shapes break;
rewrite (?i)^/tutorials/box(\ |_)dnd$ /tutorials/box_dnd break;
rewrite (?i)^/tutorials/box(\ |_)model$ /tutorials/box_model break;
rewrite (?i)^/tutorials/box(\ |_)model/ja$ /tutorials/box_model/ja break;
rewrite (?i)^/tutorials/building(\ |_)svg(\ |_)paths$ /tutorials/building_svg_paths break;
rewrite (?i)^/tutorials/Building(\ |_)up(\ |_)a(\ |_)site(\ |_)wireframe$ /tutorials/Building_up_a_site_wireframe break;
rewrite (?i)^/tutorials/building(\ |_)web(\ |_)apps$ /tutorials/building_web_apps break;
rewrite (?i)^/tutorials/building(\ |_)web(\ |_)games$ /tutorials/building_web_games break;
rewrite (?i)^/tutorials/canvas/canvas(\ |_)tutorial$ /tutorials/canvas/canvas_tutorial break;
rewrite (?i)^/tutorials/canvas/Canvas(\ |_)tutorial/Applying(\ |_)styles(\ |_)and(\ |_)colors$ /tutorials/canvas/Canvas_tutorial/Applying_styles_and_colors break;
rewrite (?i)^/tutorials/canvas/Canvas(\ |_)tutorial/Basic(\ |_)animations$ /tutorials/canvas/Canvas_tutorial/Basic_animations break;
rewrite (?i)^/tutorials/canvas/Canvas(\ |_)tutorial/Basic(\ |_)usage$ /tutorials/canvas/Canvas_tutorial/Basic_usage break;
rewrite (?i)^/tutorials/canvas/Canvas(\ |_)tutorial/Compositing$ /tutorials/canvas/Canvas_tutorial/Compositing break;
rewrite (?i)^/tutorials/canvas/Canvas(\ |_)tutorial/Drawing(\ |_)shapes$ /tutorials/canvas/Canvas_tutorial/Drawing_shapes break;
rewrite (?i)^/tutorials/canvas/Canvas(\ |_)tutorial/Transformations$ /tutorials/canvas/Canvas_tutorial/Transformations break;
rewrite (?i)^/tutorials/canvas/Canvas(\ |_)tutorial/Using(\ |_)images$ /tutorials/canvas/Canvas_tutorial/Using_images break;
rewrite (?i)^/tutorials/canvas(\ |_)entanglement$ /tutorials/canvas_entanglement break;
rewrite (?i)^/tutorials/canvas(\ |_)notearsgame$ /tutorials/canvas_notearsgame break;
rewrite (?i)^/tutorials/canvas(\ |_)texteffects$ /tutorials/canvas_texteffects break;
rewrite (?i)^/tutorials/code(\ |_)quality$ /tutorials/code_quality break;
rewrite (?i)^/tutorials/code(\ |_)quality/JSLint(\ |_)and(\ |_)JSHint$ /tutorials/code_quality/JSLint_and_JSHint break;
rewrite (?i)^/tutorials/Colour(\ |_)schemes(\ |_)and(\ |_)design(\ |_)mockups$ /tutorials/Colour_schemes_and_design_mockups break;
rewrite (?i)^/tutorials/Colour(\ |_)theory$ /tutorials/Colour_theory break;
rewrite (?i)^/tutorials/configuring(\ |_)mimetypes(\ |_)on(\ |_)the(\ |_)server$ /tutorials/configuring_mimetypes_on_the_server break;
rewrite (?i)^/tutorials/creating(\ |_)and(\ |_)modifying(\ |_)html$ /tutorials/creating_and_modifying_html break;
rewrite (?i)^/tutorials/creating(\ |_)and(\ |_)modifying(\ |_)html/ja$ /tutorials/creating_and_modifying_html/ja break;
rewrite (?i)^/tutorials/creating(\ |_)basic(\ |_)navigation(\ |_)menus$ /tutorials/creating_basic_navigation_menus break;
rewrite (?i)^/tutorials/creating(\ |_)gradients(\ |_)in(\ |_)css$ /tutorials/creating_gradients_in_css break;
rewrite (?i)^/tutorials/Creating(\ |_)multiple(\ |_)pages(\ |_)with(\ |_)navigation(\ |_)menus$ /tutorials/Creating_multiple_pages_with_navigation_menus break;
rewrite (?i)^/tutorials/CSS(\ |_)absolute(\ |_)and(\ |_)fixed(\ |_)positioning$ /tutorials/CSS_absolute_and_fixed_positioning break;
rewrite (?i)^/tutorials/css(\ |_)animations$ /tutorials/css_animations break;
rewrite (?i)^/tutorials/CSS(\ |_)background(\ |_)images$ /tutorials/CSS_background_images break;
rewrite (?i)^/tutorials/CSS(\ |_)basics$ /tutorials/CSS_basics break;
rewrite (?i)^/tutorials/css(\ |_)border(\ |_)image$ /tutorials/css_border_image break;
rewrite (?i)^/tutorials/css(\ |_)box(\ |_)shadow$ /tutorials/css_box_shadow break;
rewrite (?i)^/tutorials/css(\ |_)filters$ /tutorials/css_filters break;
rewrite (?i)^/tutorials/CSS(\ |_)static(\ |_)and(\ |_)relative(\ |_)positioning$ /tutorials/CSS_static_and_relative_positioning break;
rewrite (?i)^/tutorials/css(\ |_)text(\ |_)quick(\ |_)start$ /tutorials/css_text_quick_start break;
rewrite (?i)^/tutorials/css(\ |_)transforms$ /tutorials/css_transforms break;
rewrite (?i)^/tutorials/css(\ |_)transitions$ /tutorials/css_transitions break;
rewrite (?i)^/tutorials/debugging(\ |_)css$ /tutorials/debugging_css break;
rewrite (?i)^/tutorials/developertools(\ |_)chrome1$ /tutorials/developertools_chrome1 break;
rewrite (?i)^/tutorials/device(\ |_)access$ /tutorials/device_access break;
rewrite (?i)^/tutorials/device(\ |_)access/media(\ |_)capture$ /tutorials/device_access/media_capture break;
rewrite (?i)^/tutorials/device(\ |_)orientation$ /tutorials/device_orientation break;
rewrite (?i)^/tutorials/Distributing(\ |_)web(\ |_)apps$ /tutorials/Distributing_web_apps break;
rewrite (?i)^/tutorials/Dynamic(\ |_)style(\ |_)-(\ |_)manipulating(\ |_)CSS(\ |_)with(\ |_)JavaScript$ /tutorials/Dynamic_style_-_manipulating_CSS_with_JavaScript break;
rewrite (?i)^/tutorials/dynamic(\ |_)ui(\ |_)effects$ /tutorials/dynamic_ui_effects break;
rewrite (?i)^/tutorials/events(\ |_)in(\ |_)javascript$ /tutorials/events_in_javascript break;
rewrite (?i)^/tutorials/events(\ |_)in(\ |_)javascript/ja$ /tutorials/events_in_javascript/ja break;
rewrite (?i)^/tutorials/eventsource(\ |_)basics$ /tutorials/eventsource_basics break;
rewrite (?i)^/tutorials/external(\ |_)content(\ |_)in(\ |_)svg$ /tutorials/external_content_in_svg break;
rewrite (?i)^/tutorials/file(\ |_)dnd$ /tutorials/file_dnd break;
rewrite (?i)^/tutorials/file(\ |_)filesystem$ /tutorials/file_filesystem break;
rewrite (?i)^/tutorials/filesystem(\ |_)sync$ /tutorials/filesystem_sync break;
rewrite (?i)^/tutorials/file(\ |_)xhr$ /tutorials/file_xhr break;
rewrite (?i)^/tutorials/file(\ |_)xhr2$ /tutorials/file_xhr2 break;
rewrite (?i)^/tutorials/fills(\ |_)and(\ |_)strokes(\ |_)in(\ |_)svg$ /tutorials/fills_and_strokes_in_svg break;
rewrite (?i)^/tutorials/flash(\ |_)conv(\ |_)wordico$ /tutorials/flash_conv_wordico break;
rewrite (?i)^/tutorials/floats(\ |_)and(\ |_)clearing$ /tutorials/floats_and_clearing break;
rewrite (?i)^/tutorials/forms(\ |_)html5forms$ /tutorials/forms_html5forms break;
rewrite (?i)^/tutorials/games(\ |_)asset(\ |_)mgr$ /tutorials/games_asset_mgr break;
rewrite (?i)^/tutorials/games(\ |_)onslaught$ /tutorials/games_onslaught break;
rewrite (?i)^/tutorials/generated(\ |_)content$ /tutorials/generated_content break;
rewrite (?i)^/tutorials/getting(\ |_)started(\ |_)with(\ |_)javascript$ /tutorials/getting_started_with_javascript break;
rewrite (?i)^/tutorials/getting(\ |_)started(\ |_)with(\ |_)webgl$ /tutorials/getting_started_with_webgl break;
rewrite (?i)^/tutorials/Getting(\ |_)Your(\ |_)Content(\ |_)Online$ /tutorials/Getting_Your_Content_Online break;
rewrite (?i)^/tutorials/getting(\ |_)your(\ |_)content(\ |_)online/ja$ /tutorials/getting_your_content_online/ja break;
rewrite (?i)^/tutorials/google(\ |_)chrome(\ |_)frame$ /tutorials/google_chrome_frame break;
rewrite (?i)^/tutorials/graceful(\ |_)degradation(\ |_)versus(\ |_)progressive(\ |_)enhancement$ /tutorials/graceful_degradation_versus_progressive_enhancement break;
rewrite (?i)^/tutorials/Graceful(\ |_)degredation(\ |_)versus(\ |_)progressive(\ |_)enhancement$ /tutorials/Graceful_degredation_versus_progressive_enhancement break;
rewrite (?i)^/tutorials/Handling(\ |_)events(\ |_)with(\ |_)JavaScript$ /tutorials/Handling_events_with_JavaScript break;
rewrite (?i)^/tutorials/Headers(\ |_)footers(\ |_)columns(\ |_)and(\ |_)templates$ /tutorials/Headers_footers_columns_and_templates break;
rewrite (?i)^/tutorials/Hello(\ |_)world(\ |_)in(\ |_)JavaScript$ /tutorials/Hello_world_in_JavaScript break;
rewrite (?i)^/tutorials/How(\ |_)does(\ |_)the(\ |_)Internet(\ |_)work$ /tutorials/How_does_the_Internet_work break;
rewrite (?i)^/tutorials/html5(\ |_)form(\ |_)features$ /tutorials/html5_form_features break;
rewrite (?i)^/tutorials/HTML(\ |_)links(\ |_)-(\ |_)lets(\ |_)build(\ |_)a(\ |_)web$ /tutorials/HTML_links_-_lets_build_a_web break;
rewrite (?i)^/tutorials/implementing(\ |_)html5(\ |_)audio$ /tutorials/implementing_html5_audio break;
rewrite (?i)^/tutorials/information(\ |_)architecture/Planning(\ |_)out(\ |_)a(\ |_)website$ /tutorials/information_architecture/Planning_out_a_website break;
rewrite (?i)^/tutorials/inheritance(\ |_)and(\ |_)cascade$ /tutorials/inheritance_and_cascade break;
rewrite (?i)^/tutorials/Introduction(\ |_)to(\ |_)mobile(\ |_)web$ /tutorials/Introduction_to_mobile_web break;
rewrite (?i)^/tutorials/Introduction(\ |_)to(\ |_)the(\ |_)Web(\ |_)Standards(\ |_)Curriculum$ /tutorials/Introduction_to_the_Web_Standards_Curriculum break;
rewrite (?i)^/tutorials/javascript(\ |_)about$ /tutorials/javascript_about break;
rewrite (?i)^/tutorials/javascript(\ |_)best(\ |_)practices$ /tutorials/javascript_best_practices break;
rewrite (?i)^/tutorials/JavaScript(\ |_)for(\ |_)mobile$ /tutorials/JavaScript_for_mobile break;
rewrite (?i)^/tutorials/javascript(\ |_)for(\ |_)mobile/best(\ |_)practices(\ |_)when(\ |_)writing(\ |_)for(\ |_)mobile$ /tutorials/javascript_for_mobile/best_practices_when_writing_for_mobile break;
rewrite (?i)^/tutorials/JavaScript(\ |_)for(\ |_)mobile/Considerations(\ |_)for(\ |_)mobile(\ |_)JavaScript$ /tutorials/JavaScript_for_mobile/Considerations_for_mobile_JavaScript break;
rewrite (?i)^/tutorials/JavaScript(\ |_)for(\ |_)mobile/The(\ |_)frameworks$ /tutorials/JavaScript_for_mobile/The_frameworks break;
rewrite (?i)^/tutorials/javascript(\ |_)functions$ /tutorials/javascript_functions break;
rewrite (?i)^/tutorials/javascript(\ |_)functions/ja$ /tutorials/javascript_functions/ja break;
rewrite (?i)^/tutorials/JavaScript(\ |_)gotchas$ /tutorials/JavaScript_gotchas break;
rewrite (?i)^/tutorials/javascript(\ |_)landing$ /tutorials/javascript_landing break;
rewrite (?i)^/tutorials/JavaScript(\ |_)libraries$ /tutorials/JavaScript_libraries break;
rewrite (?i)^/tutorials/JavaScript(\ |_)libraries/jQuery$ /tutorials/JavaScript_libraries/jQuery break;
rewrite (?i)^/tutorials/JavaScript(\ |_)libraries/jQuery(\ |_)UI$ /tutorials/JavaScript_libraries/jQuery_UI break;
rewrite (?i)^/tutorials/JavaScript(\ |_)libraries/Modernizr$ /tutorials/JavaScript_libraries/Modernizr break;
rewrite (?i)^/tutorials/JavaScript(\ |_)libraries/Yepnoe$ /tutorials/JavaScript_libraries/Yepnoe break;
rewrite (?i)^/tutorials/JavaScript(\ |_)on(\ |_)the(\ |_)server$ /tutorials/JavaScript_on_the_server break;
rewrite (?i)^/tutorials/JavaScript(\ |_)on(\ |_)the(\ |_)server/Nodejs$ /tutorials/JavaScript_on_the_server/Nodejs break;
rewrite (?i)^/tutorials/JavaScript(\ |_)polyfils$ /tutorials/JavaScript_polyfils break;
rewrite (?i)^/tutorials/JavaScript(\ |_)polyfils/When(\ |_)to(\ |_)use$ /tutorials/JavaScript_polyfils/When_to_use break;
rewrite (?i)^/tutorials/javascript(\ |_)statements$ /tutorials/javascript_statements break;
rewrite (?i)^/tutorials/layout(\ |_)fundamentals$ /tutorials/layout_fundamentals break;
rewrite (?i)^/tutorials/layout(\ |_)fundamentals/ja$ /tutorials/layout_fundamentals/ja break;
rewrite (?i)^/tutorials/learning(\ |_)what(\ |_)css(\ |_)is$ /tutorials/learning_what_css_is break;
rewrite (?i)^/tutorials/learning(\ |_)why(\ |_)we(\ |_)use(\ |_)css$ /tutorials/learning_why_we_use_css break;
rewrite (?i)^/tutorials/Lesser(\ |_)-(\ |_)known(\ |_)semantic(\ |_)elements$ /tutorials/Lesser_-_known_semantic_elements break;
rewrite (?i)^/tutorials/making(\ |_)css(\ |_)easier(\ |_)to(\ |_)read$ /tutorials/making_css_easier_to_read break;
rewrite (?i)^/tutorials/making(\ |_)css(\ |_)easier(\ |_)to(\ |_)read/ja$ /tutorials/making_css_easier_to_read/ja break;
rewrite (?i)^/tutorials/manipulating(\ |_)css(\ |_)with(\ |_)javascript$ /tutorials/manipulating_css_with_javascript break;
rewrite (?i)^/tutorials/manipulating(\ |_)css(\ |_)with(\ |_)javascript/ja$ /tutorials/manipulating_css_with_javascript/ja break;
rewrite (?i)^/tutorials/media(\ |_)queries$ /tutorials/media_queries break;
rewrite (?i)^/tutorials/media(\ |_)queries/ja$ /tutorials/media_queries/ja break;
rewrite (?i)^/tutorials/mobile(\ |_)mobifying$ /tutorials/mobile_mobifying break;
rewrite (?i)^/tutorials/mobile(\ |_)native(\ |_)debate$ /tutorials/mobile_native_debate break;
rewrite (?i)^/tutorials/mobile(\ |_)offline$ /tutorials/mobile_offline break;
rewrite (?i)^/tutorials/mobile(\ |_)opt(\ |_)and(\ |_)perf$ /tutorials/mobile_opt_and_perf break;
rewrite (?i)^/tutorials/mobile(\ |_)optimization(\ |_)best(\ |_)practices$ /tutorials/mobile_optimization_best_practices break;
rewrite (?i)^/tutorials/mobile(\ |_)touch$ /tutorials/mobile_touch break;
rewrite (?i)^/tutorials/mobile(\ |_)viewport$ /tutorials/mobile_viewport break;
rewrite (?i)^/tutorials/More(\ |_)about(\ |_)the(\ |_)document(\ |_)head$ /tutorials/More_about_the_document_head break;
rewrite (?i)^/tutorials/object(\ |_)fit$ /tutorials/object_fit break;
rewrite (?i)^/tutorials/objects(\ |_)in(\ |_)javascript$ /tutorials/objects_in_javascript break;
rewrite (?i)^/tutorials/objects(\ |_)in(\ |_)javascript/ja$ /tutorials/objects_in_javascript/ja break;
rewrite (?i)^/tutorials/offline(\ |_)and(\ |_)storage$ /tutorials/offline_and_storage break;
rewrite (?i)^/tutorials/offline(\ |_)storage$ /tutorials/offline_storage break;
rewrite (?i)^/tutorials/offline(\ |_)todo$ /tutorials/offline_todo break;
rewrite (?i)^/tutorials/optimizing(\ |_)css$ /tutorials/optimizing_css break;
rewrite (?i)^/tutorials/php/hello(\ |_)world$ /tutorials/php/hello_world break;
rewrite (?i)^/tutorials/position(\ |_)and(\ |_)transformation$ /tutorials/position_and_transformation break;
rewrite (?i)^/tutorials/post-processing(\ |_)with(\ |_)webgl$ /tutorials/post-processing_with_webgl break;
rewrite (?i)^/tutorials/production(\ |_)ready$ /tutorials/production_ready break;
rewrite (?i)^/tutorials/production(\ |_)ready/Google(\ |_)Closure(\ |_)Compiler$ /tutorials/production_ready/Google_Closure_Compiler break;
rewrite (?i)^/tutorials/realtime(\ |_)stream$ /tutorials/realtime_stream break;
rewrite (?i)^/tutorials/resizing(\ |_)html5(\ |_)games$ /tutorials/resizing_html5_games break;
rewrite (?i)^/tutorials/responsive(\ |_)layouts$ /tutorials/responsive_layouts break;
rewrite (?i)^/tutorials/scripting(\ |_)svg$ /tutorials/scripting_svg break;
rewrite (?i)^/tutorials/setting(\ |_)color(\ |_)in(\ |_)css$ /tutorials/setting_color_in_css break;
rewrite (?i)^/tutorials/speed(\ |_)best(\ |_)practices$ /tutorials/speed_best_practices break;
rewrite (?i)^/tutorials/state(\ |_)in(\ |_)css$ /tutorials/state_in_css break;
rewrite (?i)^/tutorials/static(\ |_)and(\ |_)relative(\ |_)positioning$ /tutorials/static_and_relative_positioning break;
rewrite (?i)^/tutorials/styling(\ |_)lists(\ |_)and(\ |_)links$ /tutorials/styling_lists_and_links break;
rewrite (?i)^/tutorials/styling(\ |_)svg(\ |_)with(\ |_)css$ /tutorials/styling_svg_with_css break;
rewrite (?i)^/tutorials/styling(\ |_)xml(\ |_)with(\ |_)css$ /tutorials/styling_xml_with_css break;
rewrite (?i)^/tutorials/svg(\ |_)clipping(\ |_)and(\ |_)masking$ /tutorials/svg_clipping_and_masking break;
rewrite (?i)^/tutorials/svg(\ |_)filters$ /tutorials/svg_filters break;
rewrite (?i)^/tutorials/svg(\ |_)fonts$ /tutorials/svg_fonts break;
rewrite (?i)^/tutorials/svg(\ |_)gradients$ /tutorials/svg_gradients break;
rewrite (?i)^/tutorials/svg(\ |_)image(\ |_)element$ /tutorials/svg_image_element break;
rewrite (?i)^/tutorials/svg(\ |_)introduction$ /tutorials/svg_introduction break;
rewrite (?i)^/tutorials/svg(\ |_)links$ /tutorials/svg_links break;
rewrite (?i)^/tutorials/svg(\ |_)pattern(\ |_)fills$ /tutorials/svg_pattern_fills break;
rewrite (?i)^/tutorials/svg(\ |_)primer$ /tutorials/svg_primer break;
rewrite (?i)^/tutorials/svg(\ |_)syntax(\ |_)and(\ |_)deployment$ /tutorials/svg_syntax_and_deployment break;
rewrite (?i)^/tutorials/table(\ |_)styling(\ |_)basics$ /tutorials/table_styling_basics break;
rewrite (?i)^/tutorials/targetting(\ |_)css(\ |_)at(\ |_)different(\ |_)media$ /tutorials/targetting_css_at_different_media break;
rewrite (?i)^/tutorials/testing(\ |_)and(\ |_)debugging$ /tutorials/testing_and_debugging break;
rewrite (?i)^/tutorials/testing(\ |_)and(\ |_)debugging/Cross(\ |_)browser(\ |_)JavaScript$ /tutorials/testing_and_debugging/Cross_browser_JavaScript break;
rewrite (?i)^/tutorials/testing(\ |_)and(\ |_)debugging/Tools(\ |_)for(\ |_)testing(\ |_)and(\ |_)debugging$ /tutorials/testing_and_debugging/Tools_for_testing_and_debugging break;
rewrite (?i)^/tutorials/testing(\ |_)and(\ |_)debugging/Unit(\ |_)testing(\ |_)with(\ |_)Qunit$ /tutorials/testing_and_debugging/Unit_testing_with_Qunit break;
rewrite (?i)^/tutorials/Testing(\ |_)web(\ |_)apps$ /tutorials/Testing_web_apps break;
rewrite (?i)^/tutorials/Text(\ |_)styling(\ |_)with(\ |_)CSS$ /tutorials/Text_styling_with_CSS break;
rewrite (?i)^/tutorials/The(\ |_)basics(\ |_)of(\ |_)HTML$ /tutorials/The_basics_of_HTML break;
rewrite (?i)^/tutorials/The(\ |_)CSS(\ |_)layout(\ |_)model(\ |_)-(\ |_)boxes(\ |_)borders(\ |_)margins(\ |_)padding$ /tutorials/The_CSS_layout_model_-_boxes_borders_margins_padding break;
rewrite (?i)^/tutorials/The(\ |_)history(\ |_)of(\ |_)the(\ |_)Web$ /tutorials/The_history_of_the_Web break;
rewrite (?i)^/tutorials/The(\ |_)HTML(\ |_)head(\ |_)element$ /tutorials/The_HTML_head_element break;
rewrite (?i)^/tutorials/The(\ |_)web(\ |_)standards(\ |_)model(\ |_)-(\ |_)HTML(\ |_)CSS(\ |_)and(\ |_)JavaScript$ /tutorials/The_web_standards_model_-_HTML_CSS_and_JavaScript break;
rewrite (?i)^/tutorials/tools(\ |_)audit(\ |_)panel$ /tutorials/tools_audit_panel break;
rewrite (?i)^/tutorials/traversing(\ |_)the(\ |_)dom$ /tutorials/traversing_the_dom break;
rewrite (?i)^/tutorials/traversing(\ |_)the(\ |_)dom/ja$ /tutorials/traversing_the_dom/ja break;
rewrite (?i)^/tutorials/Typography(\ |_)on(\ |_)the(\ |_)Web$ /tutorials/Typography_on_the_Web break;
rewrite (?i)^/tutorials/User(\ |_)interaction$ /tutorials/User_interaction break;
rewrite (?i)^/tutorials/User(\ |_)interaction/Clicking(\ |_)buttons$ /tutorials/User_interaction/Clicking_buttons break;
rewrite (?i)^/tutorials/User(\ |_)interaction/Interacting(\ |_)with(\ |_)mouse(\ |_)movements$ /tutorials/User_interaction/Interacting_with_mouse_movements break;
rewrite (?i)^/tutorials/User(\ |_)interaction/Keyboard(\ |_)controls$ /tutorials/User_interaction/Keyboard_controls break;
rewrite (?i)^/tutorials/User(\ |_)interaction/touch(\ |_)events(\ |_)and(\ |_)gestures$ /tutorials/User_interaction/touch_events_and_gestures break;
rewrite (?i)^/tutorials/using(\ |_)cors$ /tutorials/using_cors break;
rewrite (?i)^/tutorials/using(\ |_)css(\ |_)background(\ |_)images$ /tutorials/using_css_background_images break;
rewrite (?i)^/tutorials/using(\ |_)css(\ |_)background(\ |_)images/ja$ /tutorials/using_css_background_images/ja break;
rewrite (?i)^/tutorials/using(\ |_)css(\ |_)multiple(\ |_)background$ /tutorials/using_css_multiple_background break;
rewrite (?i)^/tutorials/using(\ |_)selectors$ /tutorials/using_selectors break;
rewrite (?i)^/tutorials/using(\ |_)selectors/ja$ /tutorials/using_selectors/ja break;
rewrite (?i)^/tutorials/using(\ |_)specific(\ |_)list(\ |_)styles$ /tutorials/using_specific_list_styles break;
rewrite (?i)^/tutorials/using(\ |_)text(\ |_)in(\ |_)svg$ /tutorials/using_text_in_svg break;
rewrite (?i)^/tutorials/using(\ |_)the(\ |_)full-screen(\ |_)api$ /tutorials/using_the_full-screen_api break;
rewrite (?i)^/tutorials/using(\ |_)web(\ |_)audio$ /tutorials/using_web_audio break;
rewrite (?i)^/tutorials/using(\ |_)web(\ |_)databases$ /tutorials/using_web_databases break;
rewrite (?i)^/tutorials/Validating(\ |_)your(\ |_)HTML$ /tutorials/Validating_your_HTML break;
rewrite (?i)^/tutorials/video(\ |_)basics$ /tutorials/video_basics break;
rewrite (?i)^/tutorials/video(\ |_)others$ /tutorials/video_others break;
rewrite (?i)^/tutorials/web(\ |_)databases$ /tutorials/web_databases break;
rewrite (?i)^/tutorials/Web(\ |_)Education(\ |_)Intro$ /tutorials/Web_Education_Intro break;
rewrite (?i)^/tutorials/Web(\ |_)Education(\ |_)Intro/tr$ /tutorials/Web_Education_Intro/tr break;
rewrite (?i)^/tutorials/webgl(\ |_)an(\ |_)advanced(\ |_)shader$ /tutorials/webgl_an_advanced_shader break;
rewrite (?i)^/tutorials/webgl(\ |_)a(\ |_)simple(\ |_)shader$ /tutorials/webgl_a_simple_shader break;
rewrite (?i)^/tutorials/webgl(\ |_)textures$ /tutorials/webgl_textures break;
rewrite (?i)^/tutorials/web(\ |_)programming(\ |_)essentials$ /tutorials/web_programming_essentials break;
rewrite (?i)^/tutorials/webrtc(\ |_)resources$ /tutorials/webrtc_resources break;
rewrite (?i)^/tutorials/websockets(\ |_)basics$ /tutorials/websockets_basics break;
rewrite (?i)^/tutorials/What(\ |_)can(\ |_)you(\ |_)do(\ |_)with(\ |_)JavaScript$ /tutorials/What_can_you_do_with_JavaScript break;
rewrite (?i)^/tutorials/What(\ |_)does(\ |_)a(\ |_)good(\ |_)web(\ |_)page(\ |_)need$ /tutorials/What_does_a_good_web_page_need break;
rewrite (?i)^/tutorials/workers(\ |_)basics$ /tutorials/workers_basics break;
rewrite (?i)^/tutorials/working(\ |_)with(\ |_)objects(\ |_)in(\ |_)JavaScript$ /tutorials/working_with_objects_in_JavaScript break;
rewrite (?i)^/tutorials/your(\ |_)first(\ |_)look(\ |_)at(\ |_)javascript$ /tutorials/your_first_look_at_javascript break;
rewrite (?i)^/tutorials/your(\ |_)first(\ |_)look(\ |_)at(\ |_)javascript/ja$ /tutorials/your_first_look_at_javascript/ja break;
rewrite (?i)^/x(\ |_)height$ /x_height break;