rewrite (?i)^/apis/xhr/methods/open(\ |_)\(XDomainRequest\)$ /apis/xhr/methods/open_XDomainRequest break;
rewrite (?i)^/apis/xhr/methods/send(\ |_)\(XDomainRequest\)$ /apis/xhr/methods/send_XDomainRequest break;
rewrite (?i)^/canvas/properties/height(\ |_)\(canvas\)$ /canvas/properties/height_canvas break;
rewrite (?i)^/html/attributes/align(\ |_)\(Table,(\ |_)iframe(\ |_)elements\)$ /html/attributes/align_Table_iframe_elements break;
rewrite (?i)^/html/attributes/align(\ |_)\(Table(\ |_)caption,(\ |_)legend(\ |_)element\)$ /html/attributes/align_Table_caption_legend_element break;
rewrite (?i)^/html/attributes/autocomplete(\ |_)\(input,(\ |_)form(\ |_)elements\)$ /html/attributes/autocomplete_input_form_elements break;
rewrite (?i)^/html/attributes/background(\ |_)\(Body(\ |_)element\)$ /html/attributes/background_Body_element break;
rewrite (?i)^/html/attributes/background(\ |_)\(Table,(\ |_)table(\ |_)cell,(\ |_)td,(\ |_)th(\ |_)elements\)$ /html/attributes/background_Table_table_cell_td_th_elements break;
rewrite (?i)^/html/attributes/border(\ |_)\(frameSet,(\ |_)iframe\)$ /html/attributes/border_frameSet_iframe break;
rewrite (?i)^/html/attributes/cols(\ |_)\(frameSet\)$ /html/attributes/cols_frameSet break;
rewrite (?i)^/html/attributes/cols(\ |_)\(TextArea(\ |_)element\)$ /html/attributes/cols_TextArea_element break;
rewrite (?i)^/html/attributes/href(\ |_)\(base\)$ /html/attributes/href_base break;
rewrite (?i)^/html/attributes/label(\ |_)\(optGroup\)$ /html/attributes/label_optGroup break;
rewrite (?i)^/html/attributes/max(\ |_)\(HTMLInputElement\)$ /html/attributes/max_HTMLInputElement break;
rewrite (?i)^/html/attributes/name(\ |_)\(frames\)$ /html/attributes/name_frames break;
rewrite (?i)^/html/attributes/name(\ |_)\(meta(\ |_)object\)$ /html/attributes/name_meta_object break;
rewrite (?i)^/html/attributes/name(\ |_)\(window\)$ /html/attributes/name_window break;
rewrite (?i)^/html/attributes/name(\ |_)param(\ |_)element\)$ /html/attributes/name_param_element break;
rewrite (?i)^/html/attributes/size(\ |_)\(control\)$ /html/attributes/size_control break;
rewrite (?i)^/html/attributes/size(\ |_)\(hr\)$ /html/attributes/size_hr break;
rewrite (?i)^/html/attributes/src(\ |_)\(iframe,(\ |_)embed,(\ |_)xml\)$ /html/attributes/src_iframe_embed_xml break;
rewrite (?i)^/html/attributes/src(\ |_)\(input,(\ |_)img\)$ /html/attributes/src_input_img break;
rewrite (?i)^/html/attributes/src(\ |_)\(script\)$ /html/attributes/src_script break;
rewrite (?i)^/html/attributes/start(\ |_)\(ol\)$ /html/attributes/start_ol break;
rewrite (?i)^/html/attributes/type(\ |_)\(button(\ |_)element\)$ /html/attributes/type_button_element break;
rewrite (?i)^/html/attributes/type(\ |_)\(param(\ |_)element\)$ /html/attributes/type_param_element break;
rewrite (?i)^/html/attributes/type(\ |_)\(script(\ |_)element\)$ /html/attributes/type_script_element break;
rewrite (?i)^/html/attributes/type(\ |_)\(select(\ |_)element\)$ /html/attributes/type_select_element break;
rewrite (?i)^/html/attributes/type(\ |_)\(textarea(\ |_)element\)$ /html/attributes/type_textarea_element break;
rewrite (?i)^/html/attributes/type(\ |_)\(ul,li,ol(\ |_)elements\)$ /html/attributes/type_ulliol_elements break;
rewrite (?i)^/html/attributes/vAlign(\ |_)\(table(\ |_)caption\)$ /html/attributes/vAlign_table_caption break;
rewrite (?i)^/html/attributes/value(\ |_)\(button(\ |_)element\)$ /html/attributes/value_button_element break;
rewrite (?i)^/html/attributes/value(\ |_)\(HTMLProgressElement\)$ /html/attributes/value_HTMLProgressElement break;
rewrite (?i)^/html/attributes/value(\ |_)\(input(\ |_)elements\)$ /html/attributes/value_input_elements break;
rewrite (?i)^/html/attributes/value(\ |_)\(li(\ |_)element\)$ /html/attributes/value_li_element break;
rewrite (?i)^/html/attributes/value(\ |_)\(param(\ |_)element\)$ /html/attributes/value_param_element break;
rewrite (?i)^/html/attributes/value(\ |_)\(select,(\ |_)option(\ |_)element\)$ /html/attributes/value_select_option_element break;
rewrite (?i)^/html/attributes/value(\ |_)\(textarea(\ |_)element\)$ /html/attributes/value_textarea_element break;
rewrite (?i)^/html/attributes/version(\ |_)\(dom/version$ /html/attributes/version_dom/version break;
rewrite (?i)^/html/attributes/width(\ |_)\(img,(\ |_)input(\ |_)elements\)$ /html/attributes/width_img_input_elements break;
rewrite (?i)^/html/attributes/width(\ |_)\(merge(\ |_)candidate\)$ /html/attributes/width_merge_candidate break;
rewrite (?i)^/Notes\:The(\ |_)future(\ |_)of(\ |_)the(\ |_)open(\ |_)web$ /NotesThe_future_of_the_open_web break;
rewrite (?i)^/svg/elements(\ |_)\(alphabetical(\ |_)order\)$ /svg/elements_alphabetical_order break;
rewrite (?i)^/svg/properties/animVal(\ |_)\(SVGAnimatedAngle\)$ /svg/properties/animVal_SVGAnimatedAngle break;
rewrite (?i)^/svg/properties/animVal(\ |_)\(SVGAnimatedBoolean\)$ /svg/properties/animVal_SVGAnimatedBoolean break;
rewrite (?i)^/svg/properties/animVal(\ |_)\(SVGAnimatedEnumeration\)$ /svg/properties/animVal_SVGAnimatedEnumeration break;
rewrite (?i)^/svg/properties/animVal(\ |_)\(SVGAnimatedInteger\)$ /svg/properties/animVal_SVGAnimatedInteger break;
rewrite (?i)^/svg/properties/animVal(\ |_)\(SVGAnimatedLength\)$ /svg/properties/animVal_SVGAnimatedLength break;
rewrite (?i)^/svg/properties/animVal(\ |_)\(SVGAnimatedLengthList\)$ /svg/properties/animVal_SVGAnimatedLengthList break;
rewrite (?i)^/svg/properties/animVal(\ |_)\(SVGAnimatedNumber\)$ /svg/properties/animVal_SVGAnimatedNumber break;
rewrite (?i)^/svg/properties/animVal(\ |_)\(SVGAnimatedNumberList\)$ /svg/properties/animVal_SVGAnimatedNumberList break;
rewrite (?i)^/svg/properties/animVal(\ |_)\(SVGAnimatedPreserveAspectRatio\)$ /svg/properties/animVal_SVGAnimatedPreserveAspectRatio break;
rewrite (?i)^/svg/properties/animVal(\ |_)\(SVGAnimatedRect\)$ /svg/properties/animVal_SVGAnimatedRect break;
rewrite (?i)^/svg/properties/animVal(\ |_)\(SVGAnimatedString\)$ /svg/properties/animVal_SVGAnimatedString break;
rewrite (?i)^/svg/properties/animVal(\ |_)\(SVGAnimatedTransformList\)$ /svg/properties/animVal_SVGAnimatedTransformList break;
rewrite (?i)^/svg/properties/baseVal(\ |_)\(SVGAnimatedAngle\)$ /svg/properties/baseVal_SVGAnimatedAngle break;
rewrite (?i)^/svg/properties/baseVal(\ |_)\(SVGAnimatedBoolean\)$ /svg/properties/baseVal_SVGAnimatedBoolean break;
rewrite (?i)^/svg/properties/baseVal(\ |_)\(SVGAnimatedEnumeration\)$ /svg/properties/baseVal_SVGAnimatedEnumeration break;
rewrite (?i)^/svg/properties/baseVal(\ |_)\(SVGAnimatedInteger\)$ /svg/properties/baseVal_SVGAnimatedInteger break;
rewrite (?i)^/svg/properties/baseVal(\ |_)\(SVGAnimatedLength\)$ /svg/properties/baseVal_SVGAnimatedLength break;
rewrite (?i)^/svg/properties/baseVal(\ |_)\(SVGAnimatedLengthList\)$ /svg/properties/baseVal_SVGAnimatedLengthList break;
rewrite (?i)^/svg/properties/baseVal(\ |_)\(SVGAnimatedNumber\)$ /svg/properties/baseVal_SVGAnimatedNumber break;
rewrite (?i)^/svg/properties/baseVal(\ |_)\(SVGAnimatedNumberList\)$ /svg/properties/baseVal_SVGAnimatedNumberList break;
rewrite (?i)^/svg/properties/baseVal(\ |_)\(SVGAnimatedPreserveAspectRatio\)$ /svg/properties/baseVal_SVGAnimatedPreserveAspectRatio break;
rewrite (?i)^/svg/properties/baseVal(\ |_)\(SVGAnimatedRect\)$ /svg/properties/baseVal_SVGAnimatedRect break;
rewrite (?i)^/svg/properties/baseVal(\ |_)\(SVGAnimatedString\)$ /svg/properties/baseVal_SVGAnimatedString break;
rewrite (?i)^/svg/properties/baseVal(\ |_)\(SVGAnimatedTransformList\)$ /svg/properties/baseVal_SVGAnimatedTransformList break;
rewrite (?i)^/svg/properties/cx(\ |_)\(SVGRadialGradientElement\)$ /svg/properties/cx_SVGRadialGradientElement break;
rewrite (?i)^/svg/properties/cy(\ |_)\(SVGRadialGradientElement\)$ /svg/properties/cy_SVGRadialGradientElement break;
rewrite (?i)^/svg/properties/r(\ |_)\(SVGRadialGradientElement\)$ /svg/properties/r_SVGRadialGradientElement break;
rewrite (?i)^/svg/properties/rx(\ |_)\(SVGEllipseElement\)$ /svg/properties/rx_SVGEllipseElement break;
rewrite (?i)^/svg/properties/rx(\ |_)\(SVGRectElement\)$ /svg/properties/rx_SVGRectElement break;
rewrite (?i)^/svg/properties/ry(\ |_)\(SVGEllipseElement\)$ /svg/properties/ry_SVGEllipseElement break;
rewrite (?i)^/svg/properties/ry(\ |_)\(SVGRectElement\)$ /svg/properties/ry_SVGRectElement break;
rewrite (?i)^/svg/properties/type(\ |_)\(SVGComponentTransferFunctionElement\)$ /svg/properties/type_SVGComponentTransferFunctionElement break;
rewrite (?i)^/svg/properties/type(\ |_)\(SVGFEColorMatrixElement\)$ /svg/properties/type_SVGFEColorMatrixElement break;
rewrite (?i)^/svg/properties/type(\ |_)\(SVGFETurbulenceElement\)$ /svg/properties/type_SVGFETurbulenceElement break;
rewrite (?i)^/svg/properties/type(\ |_)\(SVGScriptElement\)$ /svg/properties/type_SVGScriptElement break;
rewrite (?i)^/svg/properties/type(\ |_)\(SVGStyleElement\)$ /svg/properties/type_SVGStyleElement break;
rewrite (?i)^/svg/properties/type(\ |_)\(SVGTransform\)$ /svg/properties/type_SVGTransform break;
rewrite (?i)^/svg/properties/unitType(\ |_)\(SVGLength\)$ /svg/properties/unitType_SVGLength break;
rewrite (?i)^/svg/properties/x1(\ |_)\(SVGLinearGradientElement\)$ /svg/properties/x1_SVGLinearGradientElement break;
rewrite (?i)^/svg/properties/x1(\ |_)\(SVGLineElement\)$ /svg/properties/x1_SVGLineElement break;
rewrite (?i)^/svg/properties/x2(\ |_)\(SVGLinearGradientElement\)$ /svg/properties/x2_SVGLinearGradientElement break;
rewrite (?i)^/svg/properties/x2(\ |_)\(SVGLineElement\)$ /svg/properties/x2_SVGLineElement break;
rewrite (?i)^/svg/properties/y1(\ |_)\(SVGLinearGradientElement\)$ /svg/properties/y1_SVGLinearGradientElement break;
rewrite (?i)^/svg/properties/y1(\ |_)\(SVGLineElement\)$ /svg/properties/y1_SVGLineElement break;
rewrite (?i)^/svg/properties/y2(\ |_)\(SVGLinearGradientElement\)$ /svg/properties/y2_SVGLinearGradientElement break;
rewrite (?i)^/svg/properties/y2(\ |_)\(SVGLineElement\)$ /svg/properties/y2_SVGLineElement break;
rewrite (?i)^/tutorials/Raw(\ |_)WebGL(\ |_)101(\ |_)—(\ |_)Part(\ |_)4\:(\ |_)Textures$ /tutorials/Raw_WebGL_101_-_Part_4_Textures break;
rewrite (?i)^/tutorials/What(\ |_)is(\ |_)CSS\?)$ /tutorials/What_is_CSS break;
rewrite (?i)^/canvas/tutorial/Canvas(\ |_)tutorial$ /tutorials/canvas/Canvas_tutorial break;
rewrite (?i)^/canvas/tutorial/Canvas(\ |_)tutorial/Applying(\ |_)styles(\ |_)and(\ |_)colors$ /tutorials/canvas/Canvas_tutorial/Applying_styles_and_colors break;
rewrite (?i)^/canvas/tutorial/Canvas(\ |_)tutorial/Basic(\ |_)animations$ /tutorials/canvas/Canvas_tutorial/Basic_animations break;
rewrite (?i)^/canvas/tutorial/Canvas(\ |_)tutorial/Basic(\ |_)usage$ /tutorials/canvas/Canvas_tutorial/Basic_usage break;
rewrite (?i)^/canvas/tutorial/Canvas(\ |_)tutorial/Compositing$ /tutorials/canvas/Canvas_tutorial/Compositing break;
rewrite (?i)^/canvas/tutorial/Canvas(\ |_)tutorial/Drawing(\ |_)shapes$ /tutorials/canvas/Canvas_tutorial/Drawing_shapes break;
rewrite (?i)^/canvas/tutorial/Canvas(\ |_)tutorial/Transformations$ /tutorials/canvas/Canvas_tutorial/Transformations break;
rewrite (?i)^/canvas/tutorial/Canvas(\ |_)tutorial/Using(\ |_)images$ /tutorials/canvas/Canvas_tutorial/Using_images break;
rewrite (?i)^/ConceptMarking(\ |_)up(\ |_)textual(\ |_)content(\ |_)in(\ |_)HTML$ /Marking_up_textual_content_in_HTML break;
rewrite (?i)^/concepts/About(\ |_)mobile(\ |_)web$ /concepts/mobile_web/mobile_web break;
rewrite (?i)^/concepts/an(\ |_)introduction(\ |_)to(\ |_)digital(\ |_)design$ /concepts/an_introduction_to_web_design break;
rewrite (?i)^/concepts/at(\ |_)tools$ /concepts/accessibility/at_tools break;
rewrite (?i)^/concepts/bringing(\ |_)accessibility(\ |_)into(\ |_)your(\ |_)organization$ /concepts/accessibility/bringing_accessibility_into_your_organization break;
rewrite (?i)^/concepts/color(\ |_)schemes(\ |_)and(\ |_)mockups$ /concepts/color_theory/color_schemes_and_mockups break;
rewrite (?i)^/concepts/IA/planning(\ |_)a(\ |_)website$ /concepts/information_architecture/planning_a_website break;
rewrite (?i)^/concepts/Internet(\ |_)and(\ |_)Web/About(\ |_)HTML5(\ |_)hybrid(\ |_)applications$ /concepts/Internet_and_Web/html5_hybrid_applications break;
rewrite (?i)^/concepts/internet(\ |_)web/mime(\ |_)types$ /concepts/Internet_and_Web/mime_types break;
rewrite (?i)^/concepts/mobile(\ |_)web/About(\ |_)mobile(\ |_)friendly(\ |_)web(\ |_)design(\ |_)and(\ |_)development(\ |_)overview$ /concepts/mobile_web/mobile_friendly_web_dev_overview break;
rewrite (?i)^/concepts/mobile(\ |_)web/About(\ |_)mobile(\ |_)JavaScript(\ |_)best(\ |_)practices$ /concepts/mobile_web/mobile_javascript_best_practices break;
rewrite (?i)^/concepts/mobile(\ |_)web/About(\ |_)mobile(\ |_)web$ /concepts/mobile_web/mobile_web break;
rewrite (?i)^/concepts/Pointer(\ |_)Events(\ |_)sandbox$ /PointerEvents break;
rewrite (?i)^/concepts/Pointer(\ |_)Events(\ |_)sandbox/documentation$ /PointerEvents/documentation break;
rewrite (?i)^/concepts/Pointer(\ |_)Events(\ |_)sandbox/experimental$ /PointerEvents/experimental break;
rewrite (?i)^/concepts/Pointer(\ |_)Events(\ |_)sandbox/learn$ /PointerEvents/learn break;
rewrite (?i)^/concepts/Pointer(\ |_)Events(\ |_)sandbox/prototypes$ /PointerEvents/prototypes break;
rewrite (?i)^/concepts/Pointer(\ |_)Events(\ |_)sandbox/specifications$ /PointerEvents/specifications break;
rewrite (?i)^/concepts/Pointer(\ |_)Events(\ |_)sandbox/test$ /PointerEvents/test break;
rewrite (?i)^/concepts/Pointer(\ |_)Events(\ |_)sandbox/try$ /PointerEvents/try break;
rewrite (?i)^/concepts/programming/programming(\ |_)basics/ja$ /concepts/programming/programming_basics/langja break;
rewrite (?i)^/concepts/programming/programming(\ |_)basics/langja$ /ja/concepts/programming/programming_basics break;
rewrite (?i)^/concepts/user(\ |_)experience(\ |_)design$ /concepts/ux/user_experience_design break;
rewrite (?i)^/concepts/ux/user(\ |_)experience(\ |_)design(\ |_)techniques$ /concepts/ux/techniques/stakeholder_mapping break;
rewrite (?i)^/concepts/what(\ |_)does(\ |_)a(\ |_)good(\ |_)web(\ |_)page(\ |_)need$ /concepts/ux/What_does_a_good_web_page_need break;
rewrite (?i)^/css/color/color(\ |_)table$ /css/color/ break;
rewrite (?i)^/css/data(\ |_)types/uri$ /css/data_types/url break;
rewrite (?i)^/css/media(\ |_)queries/behavior$ /css/properties/behavior break;
rewrite (?i)^/css/selectors/pseudo-classes/Dynamic(\ |_)pseudo-classes$ /css/selectors/pseudo-classes break;
rewrite (?i)^/guides/css(\ |_)shorthand(\ |_)reference$ /guides/css_shorthand break;
rewrite (?i)^/guides/html5(\ |_)form(\ |_)features$ /tutorials/html5_form_features break;
rewrite (?i)^/html/attributes/BGCOLOR(\ |_)html(\ |_)attribute$ /html/attributes/BGCOLOR break;
rewrite (?i)^/html/attributes/STYLE(\ |_)html(\ |_)attribute$ /html/attributes/style break;
rewrite (?i)^/html/attributes/type(\ |_)type(\ |_)a(\ |_)link(\ |_)embed$ /html/attributes/type break;
rewrite (?i)^/html(\ |_)text/es$ /guides/html_text/es break;
rewrite (?i)^/javascript/regular(\ |_)expression/compile$ /javascript/RegExp/compile break;
rewrite (?i)^/javascript/regular(\ |_)expression/exec$ /javascript/RegExp/exec break;
rewrite (?i)^/javascript/regular(\ |_)expression/global$ /javascript/RegExp/global break;
rewrite (?i)^/javascript/regular(\ |_)expression/ignoreCase$ /javascript/RegExp/ignoreCase break;
rewrite (?i)^/javascript/regular(\ |_)expression/multiline$ /javascript/RegExp/multiline break;
rewrite (?i)^/javascript/regular(\ |_)expression/source$ /javascript/RegExp/source break;
rewrite (?i)^/javascript/regular(\ |_)expression/sticky$ /javascript/RegExp/sticky break;
rewrite (?i)^/javascript/regular(\ |_)expression/test$ /javascript/RegExp/test break;
rewrite (?i)^/javascript/regular(\ |_)expression/unicode$ /javascript/RegExp/unicode break;
rewrite (?i)^/JavaScript(\ |_)animation$ /tutorials/animation_in_javascript_2 break;
rewrite (?i)^/Main(\ |_)Page/zh-hans$ /Main_Page/zh break;
rewrite (?i)^/Proposalstest/css(\ |_)properties(\ |_)display$ /WPD/Proposals/CSS_Property_Milestone/css_prop_enhancements/test/css_properties_display break;
rewrite (?i)^/Styling(\ |_)lists(\ |_)and(\ |_)links$ /guides/Styling_lists_and_links break;
rewrite (?i)^/svg/tutorials/smarter(\ |_)svg(\ |_)basics$ /svg/tutorials/smarter_svg_shapes break;
rewrite (?i)^/svg/tutorials/smarter(\ |_)svg(\ |_)filter$ /svg/tutorials/smarter_svg_filters break;
rewrite (?i)^/svg/tutorials/smarter(\ |_)svg(\ |_)interaction$ /Meta/svg/tutorials/smarter_svg_interaction break;
rewrite (?i)^/svg/tutorials/smarter(\ |_)svg(\ |_)scope$ /svg/tutorials/smarter_svg_overview break;
rewrite (?i)^/svg/tutorials/smarter(\ |_)svg(\ |_)script$ /svg/tutorials/smarter_svg_interaction break;
rewrite (?i)^/sxsw(\ |_)talk(\ |_)proposal$ /WPD/sxsw_talk_proposal break;
rewrite (?i)^/tutorial/html(\ |_)links$ /guides/html_lists break;
rewrite (?i)^/tutorials/advanced(\ |_)selectors$ /guides/advanced_selectors_guide break;
rewrite (?i)^/tutorials/anim(\ |_)animations$ /Meta/anim_animations break;
rewrite (?i)^/tutorials/anim(\ |_)transforms$ /Meta/anim_transforms break;
rewrite (?i)^/tutorials/Background(\ |_)images$ /tutorials/using_css_background_images break;
rewrite (?i)^/tutorials/basic(\ |_)shapes$ /tutorials/basic_svg_shapes break;
rewrite (?i)^/tutorials/Color(\ |_)in(\ |_)CSS$ /tutorials/setting_color_in_css break;
rewrite (?i)^/tutorials/creating(\ |_)prototypes$ /concepts/creating_prototypes break;
rewrite (?i)^/tutorials/CSS3(\ |_)animations$ /tutorials/css_animations break;
rewrite (?i)^/tutorials/CSS3(\ |_)transforms$ /tutorials/css_transforms break;
rewrite (?i)^/tutorials/CSS3(\ |_)transitions$ /tutorials/css_transitions break;
rewrite (?i)^/tutorials/CSS(\ |_)border-image$ /tutorials/css_border_image break;
rewrite (?i)^/tutorials/CSS(\ |_)box-shadow$ /tutorials/css_box_shadow break;
rewrite (?i)^/tutorials/CSS(\ |_)gradients$ /tutorials/creating_gradients_in_css break;
rewrite (?i)^/tutorials/CSS(\ |_)text(\ |_)styling(\ |_)advanced$ /guides/advanced_css_text_styling break;
rewrite (?i)^/tutorials/css(\ |_)text(\ |_)styling(\ |_)fundamentals$ /guides/css_text_styling_fundamentals break;
rewrite (?i)^/tutorials/custom(\ |_)filters$ /Meta/tutorials/custom_filters break;
rewrite (?i)^/tutorials/doctypes(\ |_)and(\ |_)markup(\ |_)styles$ /guides/doctypes_and_markup_styles break;
rewrite (?i)^/tutorials/getting(\ |_)started(\ |_)with(\ |_)css$ /guides/getting_started_with_css break;
rewrite (?i)^/tutorials/how(\ |_)browsers(\ |_)work$ /concepts/Internet_and_Web/how_browsers_work break;
rewrite (?i)^/tutorials/html(\ |_)forms(\ |_)basics$ /guides/html_forms_basics break;
rewrite (?i)^/tutorials/html(\ |_)links$ /guides/html_links break;
rewrite (?i)^/tutorials/html(\ |_)lists$ /guides/html_lists break;
rewrite (?i)^/tutorials/html(\ |_)structural(\ |_)elements$ /guides/html_structural_elements break;
rewrite (?i)^/tutorials/html(\ |_)tables$ /guides/html_tables break;
rewrite (?i)^/tutorials/html(\ |_)text$ /guides/html_text break;
rewrite (?i)^/tutorials/html(\ |_)validation$ /guides/html_validation break;
rewrite (?i)^/tutorials/images(\ |_)in(\ |_)html$ /guides/images_in_html break;
rewrite (?i)^/tutorials/Information(\ |_)Architecture(\ |_)-(\ |_)planning(\ |_)out(\ |_)a(\ |_)web(\ |_)site$ /tutorials/information_architecture/Planning_out_a_website break;
rewrite (?i)^/tutorials/intro(\ |_)web(\ |_)audio(\ |_)api(\ |_)1$ /tutorials/audio/intro_web_audio_api_1 break;
rewrite (?i)^/tutorials/intro(\ |_)web(\ |_)audio(\ |_)api(\ |_)2$ /tutorials/audio/intro_web_audio_api_2 break;
rewrite (?i)^/tutorials/lesser-known(\ |_)semantic(\ |_)elements$ /guides/lesser-known_semantic_elements break;
rewrite (?i)^/tutorials/List(\ |_)basics$ /tutorials/using_specific_list_styles break;
rewrite (?i)^/tutorials/Manipulating(\ |_)replaced(\ |_)element(\ |_)content(\ |_)with(\ |_)object-fit$ /tutorials/object_fit break;
rewrite (?i)^/tutorials/more(\ |_)about(\ |_)the(\ |_)html(\ |_)head$ /guides/more_about_the_html_head break;
rewrite (?i)^/tutorials/Programming(\ |_)-(\ |_)the(\ |_)real(\ |_)basics$ /concepts/programming/programming_basics break;
rewrite (?i)^/tutorials/selectors(\ |_)fundamentals$ /tutorials/using_selectors break;
rewrite (?i)^/tutorials/Styling(\ |_)forms$ /guides/styling_forms_guide break;
rewrite (?i)^/tutorials/Styling(\ |_)tables$ /guides/styling_tables break;
rewrite (?i)^/tutorials/Styling(\ |_)XML(\ |_)data(\ |_)with(\ |_)CSS$ /tutorials/styling_xml_with_css break;
rewrite (?i)^/tutorials/Targetting(\ |_)CSS(\ |_)at(\ |_)different(\ |_)media(\ |_)types$ /tutorials/targetting_css_at_different_media break;
rewrite (?i)^/tutorials/the(\ |_)html(\ |_)head$ /guides/the_html_head break;
rewrite (?i)^/tutorials/using(\ |_)web(\ |_)audio(\ |_)api(\ |_)pt1$ /tutorials/intro_web_audio_api_1 break;
rewrite (?i)^/tutorials/what(\ |_)is(\ |_)css$ /tutorials/learning_what_css_is break;
rewrite (?i)^/tutorials/why(\ |_)use(\ |_)css$ /tutorials/learning_why_we_use_css break;