rewrite ^/css/atrules/@charset$ /css/atrules/charset permanent;
rewrite ^/css/atrules/@font-face$ /css/atrules/font-face permanent;
rewrite ^/css/atrules/@import$ /css/atrules/import permanent;
rewrite ^/css/atrules/@keyframes$ /css/atrules/keyframes permanent;
rewrite ^/css/atrules/@media$ /css/atrules/media permanent;
rewrite ^/css/atrules/@namespace$ /css/atrules/namespace permanent;
rewrite ^/css/atrules/@page$ /css/atrules/page permanent;
rewrite ^/css/atrules/@region$ /css/atrules/region permanent;
rewrite ^/css/atrules/@supports$ /css/atrules/supports permanent;
rewrite ^/css/atrules/@viewport$ /css/atrules/viewport permanent;
rewrite ^/css/functions/matrix\(\)$ /css/functions/matrix permanent;
rewrite ^/css/functions/rotate\(\)$ /css/functions/rotate permanent;
rewrite ^/css/functions/rotate3d\(\)$ /css/functions/rotate3d permanent;
rewrite ^/css/functions/rotateX\(\)$ /css/functions/rotateX permanent;
rewrite ^/css/functions/rotateY\(\)$ /css/functions/rotateY permanent;
rewrite ^/css/functions/rotateZ\(\)$ /css/functions/rotateZ permanent;
rewrite ^/css/functions/scale\(\)$ /css/functions/scale permanent;
rewrite ^/css/functions/scale3d\(\)$ /css/functions/scale3d permanent;
rewrite ^/css/functions/scaleX\(\)$ /css/functions/scaleX permanent;
rewrite ^/css/functions/scaleY\(\)$ /css/functions/scaleY permanent;
rewrite ^/css/functions/scaleZ\(\)$ /css/functions/scaleZ permanent;
rewrite ^/css/functions/skew\(\)$ /css/functions/skew permanent;
rewrite ^/css/functions/skewX\(\)$ /css/functions/skewX permanent;
rewrite ^/css/functions/skewY\(\)$ /css/functions/skewY permanent;
rewrite ^/css/functions/translate\(\)$ /css/functions/translate permanent;
rewrite ^/css/functions/translate3d\(\)$ /css/functions/translate3d permanent;
rewrite ^/css/functions/translateX\(\)$ /css/functions/translateX permanent;
rewrite ^/css/functions/translateY\(\)$ /css/functions/translateY permanent;
rewrite ^/css/functions/translateZ\(\)$ /css/functions/translateZ permanent;
rewrite ^/css/functions/url\(\)$ /css/functions/url permanent;
rewrite ^/css/selectors/pseudo-classes/\:-ms-input-placeholder$ /css/selectors/pseudo-classes/-ms-input-placeholder permanent;
rewrite ^/css/selectors/pseudo-classes/\:active$ /css/selectors/pseudo-classes/active permanent;
rewrite ^/css/selectors/pseudo-classes/\:checked$ /css/selectors/pseudo-classes/checked permanent;
rewrite ^/css/selectors/pseudo-classes/\:disabled$ /css/selectors/pseudo-classes/disabled permanent;
rewrite ^/css/selectors/pseudo-classes/\:empty$ /css/selectors/pseudo-classes/empty permanent;
rewrite ^/css/selectors/pseudo-classes/\:enabled$ /css/selectors/pseudo-classes/enabled permanent;
rewrite ^/css/selectors/pseudo-classes/\:first-child$ /css/selectors/pseudo-classes/first-child permanent;
rewrite ^/css/selectors/pseudo-classes/\:first-of-type$ /css/selectors/pseudo-classes/first-of-type permanent;
rewrite ^/css/selectors/pseudo-classes/\:focus$ /css/selectors/pseudo-classes/focus permanent;
rewrite ^/css/selectors/pseudo-classes/\:hover$ /css/selectors/pseudo-classes/hover permanent;
rewrite ^/css/selectors/pseudo-classes/\:in-range$ /css/selectors/pseudo-classes/in-range permanent;
rewrite ^/css/selectors/pseudo-classes/\:indeterminate$ /css/selectors/pseudo-classes/indeterminate permanent;
rewrite ^/css/selectors/pseudo-classes/\:invalid$ /css/selectors/pseudo-classes/invalid permanent;
rewrite ^/css/selectors/pseudo-classes/\:lang\(c\)$ /css/selectors/pseudo-classes/lang permanent;
rewrite ^/css/selectors/pseudo-classes/\:last-child$ /css/selectors/pseudo-classes/last-child permanent;
rewrite ^/css/selectors/pseudo-classes/\:last-of-type$ /css/selectors/pseudo-classes/last-of-type permanent;
rewrite ^/css/selectors/pseudo-classes/\:link$ /css/selectors/pseudo-classes/link permanent;
rewrite ^/css/selectors/pseudo-classes/\:not$ /css/selectors/pseudo-classes/not permanent;
rewrite ^/css/selectors/pseudo-classes/\:nth-child\(n\)$ /css/selectors/pseudo-classes/nth-child permanent;
rewrite ^/css/selectors/pseudo-classes/\:nth-last-child\(n\)$ /css/selectors/pseudo-classes/nth-last-child permanent;
rewrite ^/css/selectors/pseudo-classes/\:nth-last-of-type\(n\)$ /css/selectors/pseudo-classes/nth-last-of-type permanent;
rewrite ^/css/selectors/pseudo-classes/\:nth-of-type\(n\)$ /css/selectors/pseudo-classes/nth-of-type permanent;
rewrite ^/css/selectors/pseudo-classes/\:only-child$ /css/selectors/pseudo-classes/only-child permanent;
rewrite ^/css/selectors/pseudo-classes/\:only-of-type$ /css/selectors/pseudo-classes/only-of-type permanent;
rewrite ^/css/selectors/pseudo-classes/\:optional$ /css/selectors/pseudo-classes/optional permanent;
rewrite ^/css/selectors/pseudo-classes/\:required$ /css/selectors/pseudo-classes/required permanent;
rewrite ^/css/selectors/pseudo-classes/\:root$ /css/selectors/pseudo-classes/root permanent;
rewrite ^/css/selectors/pseudo-classes/\:target$ /css/selectors/pseudo-classes/target permanent;
rewrite ^/css/selectors/pseudo-classes/\:valid$ /css/selectors/pseudo-classes/valid permanent;
rewrite ^/css/selectors/pseudo-classes/\:visited$ /css/selectors/pseudo-classes/visited permanent;
rewrite ^/css/selectors/pseudo-elements/\:\:after$ /css/selectors/pseudo-elements/after permanent;
rewrite ^/css/selectors/pseudo-elements/\:\:before$ /css/selectors/pseudo-elements/before permanent;
rewrite ^/css/selectors/pseudo-elements/\:\:first-letter$ /css/selectors/pseudo-elements/first-letter permanent;
rewrite ^/css/selectors/pseudo-elements/\:\:first-line$ /css/selectors/pseudo-elements/first-line permanent;
rewrite ^/css/selectors/pseudo-elements/\:\:region$ /css/selectors/pseudo-elements/region permanent;
rewrite ^/css/selectors/pseudo-elements/\:\:selection$ /css/selectors/pseudo-elements/selection permanent;
rewrite ^/css/syntax/!important$ /css/syntax/important permanent;
rewrite ^/html/attributes/max\(HTMLProgressElement\)$ /html/attributes/maxHTMLProgressElement permanent;
rewrite ^/html/elements/!DOCTYPE$ /html/elements/DOCTYPE permanent;
rewrite ^/html/elements/!DOCTYPE/ja$ /html/elements/DOCTYPE/ja permanent;
rewrite ^/Accept$ /http/headers/Accept permanent;
rewrite ^/apis/css-regions/NamedFlow/regionlayoutupdate$ /apis/css-regions/NamedFlow/regionfragmentchange permanent;
rewrite ^/apis/indexeddb/IDBCuror/update$ /apis/indexeddb/IDBCursor/update permanent;
rewrite ^/apis/pointerevents/PointerEvent$ /dom/objects/PointerEvent permanent;
rewrite ^/apis/timing/methods/requestAnimationFrame$ /dom/Window/requestAnimationFrame permanent;
rewrite ^/apis/timing/properties/domContentLoadedEventEnd$ /apis/navigation_timing/PerformanceTiming/domContentLoadedEventEnd permanent;
rewrite ^/apis/webrtc/objects/MediaStream/properties/videoTracks$ /apis/webrtc/MediaStream/videoTracks permanent;
rewrite ^/apis/webrtc/objects/MediaStreamTrack$ /apis/webrtc/MediaStreamTrack permanent;
rewrite ^/apis/webrtc/objects/MediaStreamTrack/events/ended$ /apis/webrtc/MediaStreamTrack/ended permanent;
rewrite ^/apis/webrtc/objects/MediaStreamTrack/events/muted$ /apis/webrtc/MediaStreamTrack/muted permanent;
rewrite ^/apis/webrtc/objects/MediaStreamTrack/events/unmuted$ /apis/webrtc/MediaStreamTrack/unmuted permanent;
rewrite ^/apis/webrtc/objects/MediaStreamTrack/properties/enabled$ /apis/webrtc/MediaStreamTrack/enabled permanent;
rewrite ^/apis/webrtc/objects/MediaStreamTrack/properties/kind$ /apis/webrtc/MediaStreamTrack/kind permanent;
rewrite ^/apis/webrtc/objects/MediaStreamTrack/properties/label$ /apis/webrtc/MediaStreamTrack/label permanent;
rewrite ^/apis/webrtc/objects/MediaStreamTrack/properties/onended$ /apis/webrtc/MediaStreamTrack/onended permanent;
rewrite ^/apis/webrtc/objects/MediaStreamTrack/properties/onmute$ /apis/webrtc/MediaStreamTrack/onmute permanent;
rewrite ^/apis/webrtc/objects/MediaStreamTrack/properties/readyState$ /apis/webrtc/MediaStreamTrack/readyState permanent;
rewrite ^/apis/webrtc/objects/MediaStreamTrackList$ /apis/webrtc/MediaStreamTrackList permanent;
rewrite ^/apis/webrtc/objects/MediaStreamTrackList/events/addtrack$ /apis/webrtc/MediaStreamTrackList/addtrack permanent;
rewrite ^/apis/webrtc/objects/MediaStreamTrackList/events/removetrack$ /apis/webrtc/MediaStreamTrackList/removetrack permanent;
rewrite ^/apis/webrtc/objects/MediaStreamTrackList/methods/add$ /apis/webrtc/MediaStreamTrackList/add permanent;
rewrite ^/apis/webrtc/objects/MediaStreamTrackList/methods/item$ /apis/webrtc/MediaStreamTrackList/item permanent;
rewrite ^/apis/webrtc/objects/MediaStreamTrackList/methods/remove$ /apis/webrtc/MediaStreamTrackList/remove permanent;
rewrite ^/apis/webrtc/objects/MediaStreamTrackList/properties/length$ /apis/webrtc/MediaStreamTrackList/length permanent;
rewrite ^/apis/webrtc/objects/MediaStreamTrackList/properties/onaddtrack$ /apis/webrtc/MediaStreamTrackList/onaddtrack permanent;
rewrite ^/apis/webrtc/objects/MediaStreamTrackList/properties/onremovetrack$ /apis/webrtc/MediaStreamTrackList/onremovetrack permanent;
rewrite ^/apis/websockets/CloseEvent$ /apis/websocket/CloseEvent permanent;
rewrite ^/apis/websockets/CloseEvent/code$ /apis/websocket/CloseEvent/code permanent;
rewrite ^/apis/websockets/CloseEvent/reason$ /apis/websocket/CloseEvent/reason permanent;
rewrite ^/apis/websockets/CloseEvent/wasClean$ /apis/websocket/CloseEvent/wasClean permanent;
rewrite ^/apis/websockets/MessageEvent$ /apis/websocket/MessageEvent permanent;
rewrite ^/apis/websockets/MessageEvent/data$ /apis/websocket/MessageEvent/data permanent;
rewrite ^/A(\ |_)Quick(\ |_)Start(\ |_)to(\ |_)getting(\ |_)started(\ |_)contributing(\ |_)to(\ |_)Web(\ |_)Platform.org$ /WPD/Quick_Start permanent;
rewrite ^/bdi$ /html/elements/bdi permanent;
rewrite ^/border-image$ /css/properties/border-image permanent;
rewrite ^/canvas$ /html/elements/canvas permanent;
rewrite ^/concepts/localisation$ /concepts/internationalization permanent;
rewrite ^/concepts/PointerEvents$ /concepts/Pointer_Events permanent;
rewrite ^/concepts/proprietary-ie-techniques$ /concepts/proprietary_internet_explorer_techniques permanent;
rewrite ^/cross-fade$ /css/functions/cross-fade permanent;
rewrite ^/css/atrules/-ms-viewport$ /css/atrules/viewport permanent;
rewrite ^/css/cross-fade$ /css/functions/cross-fade permanent;
rewrite ^/css/cssom/CSSRegionStyleRule$ /OLDcss/cssom/CSSRegionStyleRule permanent;
rewrite ^/css/cssom/CSSRule/CSSRule$ /css/cssom/CSSRule permanent;
rewrite ^/css/cssom/methods/removeImport$ /css/cssom/styleSheet/removeImport permanent;
rewrite ^/css/cssom/methods/removeProperty$ /css/cssom/CSSStyleDeclaration/removeProperty permanent;
rewrite ^/css/cssom/methods/removeRule$ /css/cssom/styleSheet/removeRule permanent;
rewrite ^/css/cssom/methods/setProperty$ /css/cssom/CSSStyleDeclaration/setProperty permanent;
rewrite ^/css/cssom/NamedFlow$ /apis/css-regions/NamedFlow permanent;
rewrite ^/css/cssom/NamedFlow/firstEmptyRegionIndex$ /apis/css-regions/NamedFlow/firstEmptyRegionIndex permanent;
rewrite ^/css/cssom/NamedFlow/getContent$ /apis/css-regions/NamedFlow/getContent permanent;
rewrite ^/css/cssom/NamedFlow/getNamedFlows$ /apis/css-regions/NamedFlow/getNamedFlows permanent;
rewrite ^/css/cssom/NamedFlow/getRegions$ /apis/css-regions/NamedFlow/getRegions permanent;
rewrite ^/css/cssom/NamedFlow/getRegionsByContent$ /apis/css-regions/NamedFlow/getRegionsByContent permanent;
rewrite ^/css/cssom/NamedFlow/name$ /apis/css-regions/NamedFlow/name permanent;
rewrite ^/css/cssom/NamedFlow/overset$ /apis/css-regions/NamedFlow/overset permanent;
rewrite ^/css/cssom/NamedFlow/regionlayoutupdate$ /apis/css-regions/NamedFlow/regionlayoutupdate permanent;
rewrite ^/css/cssom/Region$ /apis/css-regions/Region permanent;
rewrite ^/css/cssom/Region/getComputedRegionStyle$ /apis/css-regions/Region/getComputedRegionStyle permanent;
rewrite ^/css/cssom/Region/getRegionFlowRanges$ /apis/css-regions/Region/getRegionFlowRanges permanent;
rewrite ^/css/cssom/Region/regionOverset$ /apis/css-regions/Region/regionOverset permanent;
rewrite ^/css/flexbox$ /css/properties/flex permanent;
rewrite ^/css/functions/transition-timing-function$ /css/properties/transition-timing-function permanent;
rewrite ^/css/linear-gradient$ /css/functions/linear-gradient permanent;
rewrite ^/css/properties/-ms-block-progression$ /css/properties/block-progression permanent;
rewrite ^/css/properties/-ms-box-align$ /css/properties/box-align permanent;
rewrite ^/css/properties/-ms-box-direction$ /css/properties/box-direction permanent;
rewrite ^/css/properties/-ms-box-flex$ /css/properties/box-flex permanent;
rewrite ^/css/properties/-ms-box-line-progression$ /css/properties/box-line-progression permanent;
rewrite ^/css/properties/-ms-box-lines$ /css/properties/box-lines permanent;
rewrite ^/css/properties/-ms-box-ordinal-group$ /css/properties/box-ordinal-group permanent;
rewrite ^/css/properties/-ms-box-pack$ /css/properties/box-pack permanent;
rewrite ^/css/properties/-ms-content-zoom-factor$ /css/properties/msContentZoomFactor permanent;
rewrite ^/css/properties/-ms-flex-align$ /css/properties/flex-align permanent;
rewrite ^/css/properties/-ms-flex-item-align$ /css/properties/flex-item-align permanent;
rewrite ^/css/properties/-ms-flex-line-pack$ /css/properties/flex-line-pack permanent;
rewrite ^/css/properties/-ms-flex-order$ /css/properties/flex-order permanent;
rewrite ^/css/properties/-ms-flex-pack$ /css/properties/justify-content permanent;
rewrite ^/css/properties/-ms-linear-gradient$ /css/functions/linear-gradient permanent;
rewrite ^/css/properties/animation/animation$ /css/properties/animation permanent;
rewrite ^/css/properties/box-align$ /css/properties/align-items permanent;
rewrite ^/css/properties/flex-align$ /css/properties/align-items permanent;
rewrite ^/css/properties/flex-item-align$ /css/properties/align-self permanent;
rewrite ^/css/properties/flex-line-pack$ /css/properties/align-content permanent;
rewrite ^/css/properties/flex-order$ /css/properties/order permanent;
rewrite ^/css/properties/flex-pack$ /css/properties/justify-content permanent;
rewrite ^/css/properties/foo$ /css/properties/grid-row permanent;
rewrite ^/css/properties/mask-border-image$ /css/properties/mask-border permanent;
rewrite ^/css/properties/mask-box-image$ /css/properties/mask-border-image permanent;
rewrite ^/css/properties/mask-box-image-outset$ /css/properties/mask-border-outset permanent;
rewrite ^/css/properties/mask-box-image-repeat$ /css/properties/mask-border-repeat permanent;
rewrite ^/css/properties/mask-box-image-slice$ /css/properties/mask-border-slice permanent;
rewrite ^/css/properties/mask-box-image-source$ /css/properties/mask-border-source permanent;
rewrite ^/css/properties/mask-box-image-width$ /css/properties/mask-border-width permanent;
rewrite ^/css/properties/mask-source-type$ /css/properties/mask-mode permanent;
rewrite ^/css/properties/ms-block-progression$ /css/properties/-ms-block-progression permanent;
rewrite ^/css/properties/ms-box-align$ /css/properties/-ms-box-align permanent;
rewrite ^/css/properties/ms-box-direction$ /css/properties/-ms-box-direction permanent;
rewrite ^/css/properties/ms-box-flex$ /css/properties/-ms-box-flex permanent;
rewrite ^/css/properties/ms-box-line-progression$ /css/properties/-ms-box-line-progression permanent;
rewrite ^/css/properties/ms-box-lines$ /css/properties/-ms-box-lines permanent;
rewrite ^/css/properties/ms-box-ordinal-group$ /css/properties/-ms-box-ordinal-group permanent;
rewrite ^/css/properties/ms-box-orient$ /css/properties/-ms-box-orient permanent;
rewrite ^/css/properties/ms-box-pack$ /css/properties/-ms-box-pack permanent;
rewrite ^/css/properties/ms-content-zoom-chaining$ /css/properties/-ms-content-zoom-chaining permanent;
rewrite ^/css/properties/ms-content-zoom-factor$ /css/properties/msContentZoomFactor permanent;
rewrite ^/css/properties/ms-content-zoom-limit$ /css/properties/-ms-content-zoom-limit permanent;
rewrite ^/css/properties/ms-content-zoom-limit-max$ /css/properties/-ms-content-zoom-limit-max permanent;
rewrite ^/css/properties/ms-content-zoom-limit-min$ /css/properties/-ms-content-zoom-limit-min permanent;
rewrite ^/css/properties/ms-content-zoom-snap$ /css/properties/-ms-content-zoom-snap permanent;
rewrite ^/css/properties/ms-content-zoom-snap-points$ /css/properties/-ms-content-zoom-snap-points permanent;
rewrite ^/css/properties/ms-content-zoom-snap-type$ /css/properties/-ms-content-zoom-snap-type permanent;
rewrite ^/css/properties/ms-content-zooming$ /css/properties/-ms-content-zooming permanent;
rewrite ^/css/properties/ms-flex$ /css/properties/-ms-flex permanent;
rewrite ^/css/properties/ms-flex-align$ /css/properties/-ms-flex-align permanent;
rewrite ^/css/properties/ms-flex-direction$ /css/properties/-ms-flex-direction permanent;
rewrite ^/css/properties/ms-flex-flow$ /css/properties/-ms-flex-flow permanent;
rewrite ^/css/properties/ms-flex-item-align$ /css/properties/-ms-flex-item-align permanent;
rewrite ^/css/properties/ms-flex-line-pack$ /css/properties/-ms-flex-line-pack permanent;
rewrite ^/css/properties/ms-flex-order$ /css/properties/-ms-flex-order permanent;
rewrite ^/css/properties/ms-flex-pack$ /css/properties/-ms-flex-pack permanent;
rewrite ^/css/properties/ms-flex-wrap$ /css/properties/-ms-flex-wrap permanent;
rewrite ^/css/properties/ms-grid-column$ /css/properties/grid-column permanent;
rewrite ^/css/properties/ms-grid-column-span$ /css/properties/grid-column-span permanent;
rewrite ^/css/properties/ms-hyphenate-limit-lines$ /css/properties/hyphenate-limit-lines permanent;
rewrite ^/css/properties/ms-hyphens$ /css/properties/hyphens permanent;
rewrite ^/css/properties/ms-touch-action$ /css/properties/-ms-touch-action permanent;
rewrite ^/css/properties/region-break-after$ /css/properties/break-after permanent;
rewrite ^/css/properties/region-break-before$ /css/properties/break-before permanent;
rewrite ^/css/properties/region-break-inside$ /css/properties/break-inside permanent;
rewrite ^/css/properties/region-overflow$ /css/properties/region-fragment permanent;
rewrite ^/css/properties/region-verflow$ /css/properties/region-overflow permanent;
rewrite ^/css/radial-gradient$ /css/functions/radial-gradient permanent;
rewrite ^/css/repeating-linear-gradient$ /css/functions/repeating-linear-gradient permanent;
rewrite ^/css/repeating-radial-gradient$ /css/functions/repeating-radial-gradient permanent;
rewrite ^/css/selectors/-ms-scrollbar-shadow-color$ /css/properties/-ms-scrollbar-shadow-color permanent;
rewrite ^/css/selectors/border-image$ /css/properties/border-image permanent;
rewrite ^/css/selectors/cursor$ /css/properties/cursor permanent;
rewrite ^/css/selectors/outline$ /css/properties/outline permanent;
rewrite ^/css/selectors/outline-color$ /css/properties/outline-color permanent;
rewrite ^/css/selectors/outline-style$ /css/properties/outline-style permanent;
rewrite ^/css/selectors/outline-width$ /css/properties/outline-width permanent;
rewrite ^/css/selectors/user-select$ /css/properties/user-select permanent;
rewrite ^/css/selectors/zoom$ /css/properties/zoom permanent;
rewrite ^/css/text/word-spacing/word-spacing$ /css/properties/word-spacing permanent;
rewrite ^/css/Training$ /css/tutorials permanent;
rewrite ^/css/transforms$ /css/properties/transform permanent;
rewrite ^/css/transforms/transform$ /css/properties/transform permanent;
rewrite ^/css/tutorials/css-regions$ /tutorials/css-regions permanent;
rewrite ^/css/units/color$ /css/data_types/color permanent;
rewrite ^/css/units/text$ /css/data_types/text permanent;
rewrite ^/data$ /html/elements/data permanent;
rewrite ^/dom/events/DOMContentLoaded$ /dom/Event/DOMContentLoaded permanent;
rewrite ^/dom/events/load$ /dom/Element/load permanent;
rewrite ^/dom/images$ /dom/Image permanent;
rewrite ^/dom/object/PointerEvent/pointercancel$ /dom/objects/PointerEvent/pointercancel permanent;
rewrite ^/html/elements/applets$ /html/elements/applet permanent;
rewrite ^/html/elements/comment$ /html/elements/html_comment_data-type permanent;
rewrite ^/html/elements/dl-test$ /html/elements/dl permanent;
rewrite ^/http$ /concepts/protocols/http permanent;
rewrite ^/ImageCapture$ /apis/image_capture/ImageCapture permanent;
rewrite ^/js/objects/parseFloat$ /javascript/functions/parseFloat permanent;
rewrite ^/js/objects/parseInt$ /javascript/functions/parseInt permanent;
rewrite ^/keygen$ /html/elements/keygen permanent;
rewrite ^/mask-composite$ /css/properties/mask-composite permanent;
rewrite ^/rb$ /html/elements/rb permanent;
rewrite ^/rp$ /html/elements/rp permanent;
rewrite ^/rtc$ /html/elements/rtc permanent;
rewrite ^/svg/elements/feColorMix$ /svg/elements/feColorMatrix permanent;
rewrite ^/svg/elements/feFuncGelement$ /svg/elements/feFuncG permanent;
rewrite ^/svg/elements/patterrn$ /svg/elements/pattern permanent;
rewrite ^/tutorial/JavaScript-Statements$ /tutorials/javascript_statements permanent;
rewrite ^/tutorials/google-chrome-frame$ /tutorials/google_chrome_frame permanent;
rewrite ^/tutorials/JavaScript-About$ /tutorials/javascript_about permanent;
rewrite ^/tutorials/Mobile$ /tutorials/mobile_optimization_best_practices permanent;