rewrite (?i)^/apis/xhr/methods/open(\ |_)\(XDomainRequest\)$ /apis/xhr/methods/open_XDomainRequest permanent;
rewrite (?i)^/apis/xhr/methods/send(\ |_)\(XDomainRequest\)$ /apis/xhr/methods/send_XDomainRequest permanent;
rewrite (?i)^/canvas/properties/height(\ |_)\(canvas\)$ /canvas/properties/height_canvas permanent;
rewrite (?i)^/css/atrules/@charset$ /css/atrules/charset permanent;
rewrite (?i)^/css/atrules/@font-face$ /css/atrules/font-face permanent;
rewrite (?i)^/css/atrules/@import$ /css/atrules/import permanent;
rewrite (?i)^/css/atrules/@keyframes$ /css/atrules/keyframes permanent;
rewrite (?i)^/css/atrules/@media$ /css/atrules/media permanent;
rewrite (?i)^/css/atrules/@namespace$ /css/atrules/namespace permanent;
rewrite (?i)^/css/atrules/@page$ /css/atrules/page permanent;
rewrite (?i)^/css/atrules/@region$ /css/atrules/region permanent;
rewrite (?i)^/css/atrules/@supports$ /css/atrules/supports permanent;
rewrite (?i)^/css/atrules/@viewport$ /css/atrules/viewport permanent;
rewrite (?i)^/css/functions/matrix\(\)$ /css/functions/matrix permanent;
rewrite (?i)^/css/functions/rotate\(\)$ /css/functions/rotate permanent;
rewrite (?i)^/css/functions/rotate3d\(\)$ /css/functions/rotate3d permanent;
rewrite (?i)^/css/functions/rotateX\(\)$ /css/functions/rotateX permanent;
rewrite (?i)^/css/functions/rotateY\(\)$ /css/functions/rotateY permanent;
rewrite (?i)^/css/functions/rotateZ\(\)$ /css/functions/rotateZ permanent;
rewrite (?i)^/css/functions/scale\(\)$ /css/functions/scale permanent;
rewrite (?i)^/css/functions/scale3d\(\)$ /css/functions/scale3d permanent;
rewrite (?i)^/css/functions/scaleX\(\)$ /css/functions/scaleX permanent;
rewrite (?i)^/css/functions/scaleY\(\)$ /css/functions/scaleY permanent;
rewrite (?i)^/css/functions/scaleZ\(\)$ /css/functions/scaleZ permanent;
rewrite (?i)^/css/functions/skew\(\)$ /css/functions/skew permanent;
rewrite (?i)^/css/functions/skewX\(\)$ /css/functions/skewX permanent;
rewrite (?i)^/css/functions/skewY\(\)$ /css/functions/skewY permanent;
rewrite (?i)^/css/functions/translate\(\)$ /css/functions/translate permanent;
rewrite (?i)^/css/functions/translate3d\(\)$ /css/functions/translate3d permanent;
rewrite (?i)^/css/functions/translateX\(\)$ /css/functions/translateX permanent;
rewrite (?i)^/css/functions/translateY\(\)$ /css/functions/translateY permanent;
rewrite (?i)^/css/functions/translateZ\(\)$ /css/functions/translateZ permanent;
rewrite (?i)^/css/functions/url\(\)$ /css/functions/url permanent;
rewrite (?i)^/css/selectors/pseudo-classes/\:-ms-input-placeholder$ /css/selectors/pseudo-classes/-ms-input-placeholder permanent;
rewrite (?i)^/css/selectors/pseudo-classes/\:active$ /css/selectors/pseudo-classes/active permanent;
rewrite (?i)^/css/selectors/pseudo-classes/\:checked$ /css/selectors/pseudo-classes/checked permanent;
rewrite (?i)^/css/selectors/pseudo-classes/\:disabled$ /css/selectors/pseudo-classes/disabled permanent;
rewrite (?i)^/css/selectors/pseudo-classes/\:empty$ /css/selectors/pseudo-classes/empty permanent;
rewrite (?i)^/css/selectors/pseudo-classes/\:enabled$ /css/selectors/pseudo-classes/enabled permanent;
rewrite (?i)^/css/selectors/pseudo-classes/\:first-child$ /css/selectors/pseudo-classes/first-child permanent;
rewrite (?i)^/css/selectors/pseudo-classes/\:first-of-type$ /css/selectors/pseudo-classes/first-of-type permanent;
rewrite (?i)^/css/selectors/pseudo-classes/\:focus$ /css/selectors/pseudo-classes/focus permanent;
rewrite (?i)^/css/selectors/pseudo-classes/\:hover$ /css/selectors/pseudo-classes/hover permanent;
rewrite (?i)^/css/selectors/pseudo-classes/\:in-range$ /css/selectors/pseudo-classes/in-range permanent;
rewrite (?i)^/css/selectors/pseudo-classes/\:indeterminate$ /css/selectors/pseudo-classes/indeterminate permanent;
rewrite (?i)^/css/selectors/pseudo-classes/\:invalid$ /css/selectors/pseudo-classes/invalid permanent;
rewrite (?i)^/css/selectors/pseudo-classes/\:lang\(c\)$ /css/selectors/pseudo-classes/lang permanent;
rewrite (?i)^/css/selectors/pseudo-classes/\:last-child$ /css/selectors/pseudo-classes/last-child permanent;
rewrite (?i)^/css/selectors/pseudo-classes/\:last-of-type$ /css/selectors/pseudo-classes/last-of-type permanent;
rewrite (?i)^/css/selectors/pseudo-classes/\:link$ /css/selectors/pseudo-classes/link permanent;
rewrite (?i)^/css/selectors/pseudo-classes/\:not$ /css/selectors/pseudo-classes/not permanent;
rewrite (?i)^/css/selectors/pseudo-classes/\:nth-child\(n\)$ /css/selectors/pseudo-classes/nth-child permanent;
rewrite (?i)^/css/selectors/pseudo-classes/\:nth-last-child\(n\)$ /css/selectors/pseudo-classes/nth-last-child permanent;
rewrite (?i)^/css/selectors/pseudo-classes/\:nth-last-of-type\(n\)$ /css/selectors/pseudo-classes/nth-last-of-type permanent;
rewrite (?i)^/css/selectors/pseudo-classes/\:nth-of-type\(n\)$ /css/selectors/pseudo-classes/nth-of-type permanent;
rewrite (?i)^/css/selectors/pseudo-classes/\:only-child$ /css/selectors/pseudo-classes/only-child permanent;
rewrite (?i)^/css/selectors/pseudo-classes/\:only-of-type$ /css/selectors/pseudo-classes/only-of-type permanent;
rewrite (?i)^/css/selectors/pseudo-classes/\:optional$ /css/selectors/pseudo-classes/optional permanent;
rewrite (?i)^/css/selectors/pseudo-classes/\:required$ /css/selectors/pseudo-classes/required permanent;
rewrite (?i)^/css/selectors/pseudo-classes/\:root$ /css/selectors/pseudo-classes/root permanent;
rewrite (?i)^/css/selectors/pseudo-classes/\:target$ /css/selectors/pseudo-classes/target permanent;
rewrite (?i)^/CSS/Selectors/pseudo-classes/\:target$ /CSS/Selectors/pseudo-classes/target permanent;
rewrite (?i)^/css/selectors/pseudo-classes/\:valid$ /css/selectors/pseudo-classes/valid permanent;
rewrite (?i)^/css/selectors/pseudo-classes/\:visited$ /css/selectors/pseudo-classes/visited permanent;
rewrite (?i)^/css/selectors/pseudo-elements/\:\:after$ /css/selectors/pseudo-elements/after permanent;
rewrite (?i)^/css/selectors/pseudo-elements/\:\:before$ /css/selectors/pseudo-elements/before permanent;
rewrite (?i)^/css/selectors/pseudo-elements/\:\:first-letter$ /css/selectors/pseudo-elements/first-letter permanent;
rewrite (?i)^/css/selectors/pseudo-elements/\:\:first-line$ /css/selectors/pseudo-elements/first-line permanent;
rewrite (?i)^/css/selectors/pseudo-elements/\:\:region$ /css/selectors/pseudo-elements/region permanent;
rewrite (?i)^/css/selectors/pseudo-elements/\:\:selection$ /css/selectors/pseudo-elements/selection permanent;
rewrite (?i)^/css/syntax/!important$ /css/syntax/important permanent;
rewrite (?i)^/html/attributes/align(\ |_)\(Table\,(\ |_)iframe(\ |_)elements\)$ /html/attributes/align_Table_iframe_elements permanent;
rewrite (?i)^/html/attributes/align(\ |_)\(Table(\ |_)caption\,(\ |_)legend(\ |_)element\)$ /html/attributes/align_Table_caption_legend_element permanent;
rewrite (?i)^/html/attributes/autocomplete(\ |_)\(input\,(\ |_)form(\ |_)elements\)$ /html/attributes/autocomplete_input_form_elements permanent;
rewrite (?i)^/html/attributes/background(\ |_)\(Body(\ |_)element\)$ /html/attributes/background_Body_element permanent;
rewrite (?i)^/html/attributes/background(\ |_)\(Table\,(\ |_)table(\ |_)cell\,(\ |_)td\,(\ |_)th(\ |_)elements\)$ /html/attributes/background_Table_table_cell_td_th_elements permanent;
rewrite (?i)^/html/attributes/border(\ |_)\(frameSet\,(\ |_)iframe\)$ /html/attributes/border_frameSet_iframe permanent;
rewrite (?i)^/html/attributes/cols(\ |_)\(frameSet\)$ /html/attributes/cols_frameSet permanent;
rewrite (?i)^/html/attributes/cols(\ |_)\(TextArea(\ |_)element\)$ /html/attributes/cols_TextArea_element permanent;
rewrite (?i)^/html/attributes/href(\ |_)\(base\)$ /html/attributes/href_base permanent;
rewrite (?i)^/html/attributes/label(\ |_)\(optGroup\)$ /html/attributes/label_optGroup permanent;
rewrite (?i)^/html/attributes/max(\ |_)\(HTMLInputElement\)$ /html/attributes/max_HTMLInputElement permanent;
rewrite (?i)^/html/attributes/max\(HTMLProgressElement\)$ /html/attributes/maxHTMLProgressElement permanent;
rewrite (?i)^/html/attributes/name(\ |_)\(frames\)$ /html/attributes/name_frames permanent;
rewrite (?i)^/html/attributes/name(\ |_)\(meta(\ |_)object\)$ /html/attributes/name_meta_object permanent;
rewrite (?i)^/html/attributes/name(\ |_)\(window\)$ /html/attributes/name_window permanent;
rewrite (?i)^/html/attributes/name(\ |_)param(\ |_)element\)$ /html/attributes/name_param_element permanent;
rewrite (?i)^/html/attributes/size(\ |_)\(control\)$ /html/attributes/size_control permanent;
rewrite (?i)^/html/attributes/size(\ |_)\(hr\)$ /html/attributes/size_hr permanent;
rewrite (?i)^/html/attributes/src(\ |_)\(iframe\,(\ |_)embed\,(\ |_)xml\)$ /html/attributes/src_iframe_embed_xml permanent;
rewrite (?i)^/html/attributes/src(\ |_)\(input\,(\ |_)img\)$ /html/attributes/src_input_img permanent;
rewrite (?i)^/html/attributes/src(\ |_)\(script\)$ /html/attributes/src_script permanent;
rewrite (?i)^/html/attributes/start(\ |_)\(ol\)$ /html/attributes/start_ol permanent;
rewrite (?i)^/html/attributes/type(\ |_)\(button(\ |_)element\)$ /html/attributes/type_button_element permanent;
rewrite (?i)^/html/attributes/type(\ |_)\(param(\ |_)element\)$ /html/attributes/type_param_element permanent;
rewrite (?i)^/html/attributes/type(\ |_)\(script(\ |_)element\)$ /html/attributes/type_script_element permanent;
rewrite (?i)^/html/attributes/type(\ |_)\(select(\ |_)element\)$ /html/attributes/type_select_element permanent;
rewrite (?i)^/html/attributes/type(\ |_)\(textarea(\ |_)element\)$ /html/attributes/type_textarea_element permanent;
rewrite (?i)^/html/attributes/type(\ |_)\(ul\,li\,ol(\ |_)elements\)$ /html/attributes/type_ulliol_elements permanent;
rewrite (?i)^/html/attributes/vAlign(\ |_)\(table(\ |_)caption\)$ /html/attributes/vAlign_table_caption permanent;
rewrite (?i)^/html/attributes/value(\ |_)\(button(\ |_)element\)$ /html/attributes/value_button_element permanent;
rewrite (?i)^/html/attributes/value(\ |_)\(HTMLProgressElement\)$ /html/attributes/value_HTMLProgressElement permanent;
rewrite (?i)^/html/attributes/value(\ |_)\(input(\ |_)elements\)$ /html/attributes/value_input_elements permanent;
rewrite (?i)^/html/attributes/value(\ |_)\(li(\ |_)element\)$ /html/attributes/value_li_element permanent;
rewrite (?i)^/html/attributes/value(\ |_)\(param(\ |_)element\)$ /html/attributes/value_param_element permanent;
rewrite (?i)^/html/attributes/value(\ |_)\(select\,(\ |_)option(\ |_)element\)$ /html/attributes/value_select_option_element permanent;
rewrite (?i)^/html/attributes/value(\ |_)\(textarea(\ |_)element\)$ /html/attributes/value_textarea_element permanent;
rewrite (?i)^/html/attributes/version(\ |_)\(dom/version$ /html/attributes/version_dom/version permanent;
rewrite (?i)^/html/attributes/width(\ |_)\(img\,(\ |_)input(\ |_)elements\)$ /html/attributes/width_img_input_elements permanent;
rewrite (?i)^/html/attributes/width(\ |_)\(merge(\ |_)candidate\)$ /html/attributes/width_merge_candidate permanent;
rewrite (?i)^/html/elements/!DOCTYPE$ /html/elements/DOCTYPE permanent;
rewrite (?i)^/html/elements/!DOCTYPE/ja$ /html/elements/DOCTYPE/ja permanent;
rewrite (?i)^/Notes\:The(\ |_)future(\ |_)of(\ |_)the(\ |_)open(\ |_)web$ /NotesThe_future_of_the_open_web permanent;
rewrite (?i)^/svg/elements(\ |_)\(alphabetical(\ |_)order\)$ /svg/elements_alphabetical_order permanent;
rewrite (?i)^/svg/properties/animVal(\ |_)\(SVGAnimatedAngle\)$ /svg/properties/animVal_SVGAnimatedAngle permanent;
rewrite (?i)^/svg/properties/animVal(\ |_)\(SVGAnimatedBoolean\)$ /svg/properties/animVal_SVGAnimatedBoolean permanent;
rewrite (?i)^/svg/properties/animVal(\ |_)\(SVGAnimatedEnumeration\)$ /svg/properties/animVal_SVGAnimatedEnumeration permanent;
rewrite (?i)^/svg/properties/animVal(\ |_)\(SVGAnimatedInteger\)$ /svg/properties/animVal_SVGAnimatedInteger permanent;
rewrite (?i)^/svg/properties/animVal(\ |_)\(SVGAnimatedLength\)$ /svg/properties/animVal_SVGAnimatedLength permanent;
rewrite (?i)^/svg/properties/animVal(\ |_)\(SVGAnimatedLengthList\)$ /svg/properties/animVal_SVGAnimatedLengthList permanent;
rewrite (?i)^/svg/properties/animVal(\ |_)\(SVGAnimatedNumber\)$ /svg/properties/animVal_SVGAnimatedNumber permanent;
rewrite (?i)^/svg/properties/animVal(\ |_)\(SVGAnimatedNumberList\)$ /svg/properties/animVal_SVGAnimatedNumberList permanent;
rewrite (?i)^/svg/properties/animVal(\ |_)\(SVGAnimatedPreserveAspectRatio\)$ /svg/properties/animVal_SVGAnimatedPreserveAspectRatio permanent;
rewrite (?i)^/svg/properties/animVal(\ |_)\(SVGAnimatedRect\)$ /svg/properties/animVal_SVGAnimatedRect permanent;
rewrite (?i)^/svg/properties/animVal(\ |_)\(SVGAnimatedString\)$ /svg/properties/animVal_SVGAnimatedString permanent;
rewrite (?i)^/svg/properties/animVal(\ |_)\(SVGAnimatedTransformList\)$ /svg/properties/animVal_SVGAnimatedTransformList permanent;
rewrite (?i)^/svg/properties/baseVal(\ |_)\(SVGAnimatedAngle\)$ /svg/properties/baseVal_SVGAnimatedAngle permanent;
rewrite (?i)^/svg/properties/baseVal(\ |_)\(SVGAnimatedBoolean\)$ /svg/properties/baseVal_SVGAnimatedBoolean permanent;
rewrite (?i)^/svg/properties/baseVal(\ |_)\(SVGAnimatedEnumeration\)$ /svg/properties/baseVal_SVGAnimatedEnumeration permanent;
rewrite (?i)^/svg/properties/baseVal(\ |_)\(SVGAnimatedInteger\)$ /svg/properties/baseVal_SVGAnimatedInteger permanent;
rewrite (?i)^/svg/properties/baseVal(\ |_)\(SVGAnimatedLength\)$ /svg/properties/baseVal_SVGAnimatedLength permanent;
rewrite (?i)^/svg/properties/baseVal(\ |_)\(SVGAnimatedLengthList\)$ /svg/properties/baseVal_SVGAnimatedLengthList permanent;
rewrite (?i)^/svg/properties/baseVal(\ |_)\(SVGAnimatedNumber\)$ /svg/properties/baseVal_SVGAnimatedNumber permanent;
rewrite (?i)^/svg/properties/baseVal(\ |_)\(SVGAnimatedNumberList\)$ /svg/properties/baseVal_SVGAnimatedNumberList permanent;
rewrite (?i)^/svg/properties/baseVal(\ |_)\(SVGAnimatedPreserveAspectRatio\)$ /svg/properties/baseVal_SVGAnimatedPreserveAspectRatio permanent;
rewrite (?i)^/svg/properties/baseVal(\ |_)\(SVGAnimatedRect\)$ /svg/properties/baseVal_SVGAnimatedRect permanent;
rewrite (?i)^/svg/properties/baseVal(\ |_)\(SVGAnimatedString\)$ /svg/properties/baseVal_SVGAnimatedString permanent;
rewrite (?i)^/svg/properties/baseVal(\ |_)\(SVGAnimatedTransformList\)$ /svg/properties/baseVal_SVGAnimatedTransformList permanent;
rewrite (?i)^/svg/properties/cx(\ |_)\(SVGRadialGradientElement\)$ /svg/properties/cx_SVGRadialGradientElement permanent;
rewrite (?i)^/svg/properties/cy(\ |_)\(SVGRadialGradientElement\)$ /svg/properties/cy_SVGRadialGradientElement permanent;
rewrite (?i)^/svg/properties/r(\ |_)\(SVGRadialGradientElement\)$ /svg/properties/r_SVGRadialGradientElement permanent;
rewrite (?i)^/svg/properties/rx(\ |_)\(SVGEllipseElement\)$ /svg/properties/rx_SVGEllipseElement permanent;
rewrite (?i)^/svg/properties/rx(\ |_)\(SVGRectElement\)$ /svg/properties/rx_SVGRectElement permanent;
rewrite (?i)^/svg/properties/ry(\ |_)\(SVGEllipseElement\)$ /svg/properties/ry_SVGEllipseElement permanent;
rewrite (?i)^/svg/properties/ry(\ |_)\(SVGRectElement\)$ /svg/properties/ry_SVGRectElement permanent;
rewrite (?i)^/svg/properties/type(\ |_)\(SVGComponentTransferFunctionElement\)$ /svg/properties/type_SVGComponentTransferFunctionElement permanent;
rewrite (?i)^/svg/properties/type(\ |_)\(SVGFEColorMatrixElement\)$ /svg/properties/type_SVGFEColorMatrixElement permanent;
rewrite (?i)^/svg/properties/type(\ |_)\(SVGFETurbulenceElement\)$ /svg/properties/type_SVGFETurbulenceElement permanent;
rewrite (?i)^/svg/properties/type(\ |_)\(SVGScriptElement\)$ /svg/properties/type_SVGScriptElement permanent;
rewrite (?i)^/svg/properties/type(\ |_)\(SVGStyleElement\)$ /svg/properties/type_SVGStyleElement permanent;
rewrite (?i)^/svg/properties/type(\ |_)\(SVGTransform\)$ /svg/properties/type_SVGTransform permanent;
rewrite (?i)^/svg/properties/unitType(\ |_)\(SVGLength\)$ /svg/properties/unitType_SVGLength permanent;
rewrite (?i)^/svg/properties/x1(\ |_)\(SVGLinearGradientElement\)$ /svg/properties/x1_SVGLinearGradientElement permanent;
rewrite (?i)^/svg/properties/x1(\ |_)\(SVGLineElement\)$ /svg/properties/x1_SVGLineElement permanent;
rewrite (?i)^/svg/properties/x2(\ |_)\(SVGLinearGradientElement\)$ /svg/properties/x2_SVGLinearGradientElement permanent;
rewrite (?i)^/svg/properties/x2(\ |_)\(SVGLineElement\)$ /svg/properties/x2_SVGLineElement permanent;
rewrite (?i)^/svg/properties/y1(\ |_)\(SVGLinearGradientElement\)$ /svg/properties/y1_SVGLinearGradientElement permanent;
rewrite (?i)^/svg/properties/y1(\ |_)\(SVGLineElement\)$ /svg/properties/y1_SVGLineElement permanent;
rewrite (?i)^/svg/properties/y2(\ |_)\(SVGLinearGradientElement\)$ /svg/properties/y2_SVGLinearGradientElement permanent;
rewrite (?i)^/svg/properties/y2(\ |_)\(SVGLineElement\)$ /svg/properties/y2_SVGLineElement permanent;
rewrite (?i)^/tutorials/Raw(\ |_)WebGL(\ |_)101(\ |_)—(\ |_)Part(\ |_)4\:(\ |_)Textures$ /tutorials/Raw_WebGL_101_-_Part_4_Textures permanent;
rewrite (?i)^/tutorials/What(\ |_)is(\ |_)CSS?$ /tutorials/What_is_CSS permanent;
rewrite (?i)^/Accept$ /http/headers/Accept permanent;
rewrite (?i)^/apis/css-regions/NamedFlow/regionlayoutupdate$ /apis/css-regions/NamedFlow/regionfragmentchange permanent;
rewrite (?i)^/apis/indexedDB$ /apis/indexeddb permanent;
rewrite (?i)^/apis/indexeddb/IDBCuror/update$ /apis/indexeddb/IDBCursor/update permanent;
rewrite (?i)^/apis/pointerevents/PointerEvent$ /dom/objects/PointerEvent permanent;
rewrite (?i)^/apis/timing/methods/requestAnimationFrame$ /dom/Window/requestAnimationFrame permanent;
rewrite (?i)^/apis/timing/properties/domContentLoadedEventEnd$ /apis/navigation_timing/PerformanceTiming/domContentLoadedEventEnd permanent;
rewrite (?i)^/apis/webrtc/objects/MediaStream/properties/videoTracks$ /apis/webrtc/MediaStream/videoTracks permanent;
rewrite (?i)^/apis/webrtc/objects/MediaStreamTrack$ /apis/webrtc/MediaStreamTrack permanent;
rewrite (?i)^/apis/webrtc/objects/MediaStreamTrack/events/ended$ /apis/webrtc/MediaStreamTrack/ended permanent;
rewrite (?i)^/apis/webrtc/objects/MediaStreamTrack/events/muted$ /apis/webrtc/MediaStreamTrack/muted permanent;
rewrite (?i)^/apis/webrtc/objects/MediaStreamTrack/events/unmuted$ /apis/webrtc/MediaStreamTrack/unmuted permanent;
rewrite (?i)^/apis/webrtc/objects/MediaStreamTrack/properties/enabled$ /apis/webrtc/MediaStreamTrack/enabled permanent;
rewrite (?i)^/apis/webrtc/objects/MediaStreamTrack/properties/kind$ /apis/webrtc/MediaStreamTrack/kind permanent;
rewrite (?i)^/apis/webrtc/objects/MediaStreamTrack/properties/label$ /apis/webrtc/MediaStreamTrack/label permanent;
rewrite (?i)^/apis/webrtc/objects/MediaStreamTrack/properties/onended$ /apis/webrtc/MediaStreamTrack/onended permanent;
rewrite (?i)^/apis/webrtc/objects/MediaStreamTrack/properties/onmute$ /apis/webrtc/MediaStreamTrack/onmute permanent;
rewrite (?i)^/apis/webrtc/objects/MediaStreamTrack/properties/readyState$ /apis/webrtc/MediaStreamTrack/readyState permanent;
rewrite (?i)^/apis/webrtc/objects/MediaStreamTrackList$ /apis/webrtc/MediaStreamTrackList permanent;
rewrite (?i)^/apis/webrtc/objects/MediaStreamTrackList/events/addtrack$ /apis/webrtc/MediaStreamTrackList/addtrack permanent;
rewrite (?i)^/apis/webrtc/objects/MediaStreamTrackList/events/removetrack$ /apis/webrtc/MediaStreamTrackList/removetrack permanent;
rewrite (?i)^/apis/webrtc/objects/MediaStreamTrackList/methods/add$ /apis/webrtc/MediaStreamTrackList/add permanent;
rewrite (?i)^/apis/webrtc/objects/MediaStreamTrackList/methods/item$ /apis/webrtc/MediaStreamTrackList/item permanent;
rewrite (?i)^/apis/webrtc/objects/MediaStreamTrackList/methods/remove$ /apis/webrtc/MediaStreamTrackList/remove permanent;
rewrite (?i)^/apis/webrtc/objects/MediaStreamTrackList/properties/length$ /apis/webrtc/MediaStreamTrackList/length permanent;
rewrite (?i)^/apis/webrtc/objects/MediaStreamTrackList/properties/onaddtrack$ /apis/webrtc/MediaStreamTrackList/onaddtrack permanent;
rewrite (?i)^/apis/webrtc/objects/MediaStreamTrackList/properties/onremovetrack$ /apis/webrtc/MediaStreamTrackList/onremovetrack permanent;
rewrite (?i)^/apis/websockets/CloseEvent$ /apis/websocket/CloseEvent permanent;
rewrite (?i)^/apis/websockets/CloseEvent/code$ /apis/websocket/CloseEvent/code permanent;
rewrite (?i)^/apis/websockets/CloseEvent/reason$ /apis/websocket/CloseEvent/reason permanent;
rewrite (?i)^/apis/websockets/CloseEvent/wasClean$ /apis/websocket/CloseEvent/wasClean permanent;
rewrite (?i)^/apis/websockets/MessageEvent$ /apis/websocket/MessageEvent permanent;
rewrite (?i)^/apis/websockets/MessageEvent/data$ /apis/websocket/MessageEvent/data permanent;
rewrite (?i)^/A(\ |_)Quick(\ |_)Start(\ |_)to(\ |_)getting(\ |_)started(\ |_)contributing(\ |_)to(\ |_)Web(\ |_)Platform.org$ /WPD/Quick_Start permanent;
rewrite (?i)^/bdi$ /html/elements/bdi permanent;
rewrite (?i)^/beginners$ /Beginners permanent;
rewrite (?i)^/beginners/advanced$ /Beginners/advanced permanent;
rewrite (?i)^/beginners/crash(\ |_)course$ /Beginners/crash_course permanent;
rewrite (?i)^/beginners/css$ /Beginners/css permanent;
rewrite (?i)^/beginners/es$ /Beginners/es permanent;
rewrite (?i)^/beginners/glossary$ /Beginners/glossary permanent;
rewrite (?i)^/beginners/html$ /Beginners/html permanent;
rewrite (?i)^/beginners/ja$ /Beginners/ja permanent;
rewrite (?i)^/beginners/javascript$ /Beginners/javascript permanent;
rewrite (?i)^/beginners/ko$ /Beginners/ko permanent;
rewrite (?i)^/beginners/planning$ /Beginners/planning permanent;
rewrite (?i)^/beginners/programming$ /Beginners/programming permanent;
rewrite (?i)^/beginners/pt-br$ /Beginners/pt-br permanent;
rewrite (?i)^/beginners/the(\ |_)beginning$ /Beginners/the_beginning permanent;
rewrite (?i)^/beginners/tr$ /Beginners/tr permanent;
rewrite (?i)^/beginners/zh$ /Beginners/zh permanent;
rewrite (?i)^/border-image$ /css/properties/border-image permanent;
rewrite (?i)^/canvas$ /html/elements/canvas permanent;
rewrite (?i)^/canvas/tutorial/Canvas(\ |_)tutorial$ /tutorials/canvas/Canvas_tutorial permanent;
rewrite (?i)^/canvas/tutorial/Canvas(\ |_)tutorial/Applying(\ |_)styles(\ |_)and(\ |_)colors$ /tutorials/canvas/Canvas_tutorial/Applying_styles_and_colors permanent;
rewrite (?i)^/canvas/tutorial/Canvas(\ |_)tutorial/Basic(\ |_)animations$ /tutorials/canvas/Canvas_tutorial/Basic_animations permanent;
rewrite (?i)^/canvas/tutorial/Canvas(\ |_)tutorial/Basic(\ |_)usage$ /tutorials/canvas/Canvas_tutorial/Basic_usage permanent;
rewrite (?i)^/canvas/tutorial/Canvas(\ |_)tutorial/Compositing$ /tutorials/canvas/Canvas_tutorial/Compositing permanent;
rewrite (?i)^/canvas/tutorial/Canvas(\ |_)tutorial/Drawing(\ |_)shapes$ /tutorials/canvas/Canvas_tutorial/Drawing_shapes permanent;
rewrite (?i)^/canvas/tutorial/Canvas(\ |_)tutorial/Transformations$ /tutorials/canvas/Canvas_tutorial/Transformations permanent;
rewrite (?i)^/canvas/tutorial/Canvas(\ |_)tutorial/Using(\ |_)images$ /tutorials/canvas/Canvas_tutorial/Using_images permanent;
rewrite (?i)^/ConceptMarking(\ |_)up(\ |_)textual(\ |_)content(\ |_)in(\ |_)HTML$ /Marking_up_textual_content_in_HTML permanent;
rewrite (?i)^/concepts/About(\ |_)mobile(\ |_)web$ /concepts/mobile_web/mobile_web permanent;
rewrite (?i)^/concepts/accessibility/POUR$ /concepts/accessibility/pour permanent;
rewrite (?i)^/concepts/an(\ |_)introduction(\ |_)to(\ |_)digital(\ |_)design$ /concepts/an_introduction_to_web_design permanent;
rewrite (?i)^/concepts/at(\ |_)tools$ /concepts/accessibility/at_tools permanent;
rewrite (?i)^/concepts/bringing(\ |_)accessibility(\ |_)into(\ |_)your(\ |_)organization$ /concepts/accessibility/bringing_accessibility_into_your_organization permanent;
rewrite (?i)^/concepts/color(\ |_)schemes(\ |_)and(\ |_)mockups$ /concepts/color_theory/color_schemes_and_mockups permanent;
rewrite (?i)^/concepts/Color(\ |_)theory$ /concepts/color_theory permanent;
rewrite (?i)^/concepts/Design(\ |_)theory$ /concepts/design_theory permanent;
rewrite (?i)^/concepts/IA/planning(\ |_)a(\ |_)website$ /concepts/information_architecture/planning_a_website permanent;
rewrite (?i)^/concepts/Information(\ |_)architecture$ /concepts/information_architecture permanent;
rewrite (?i)^/concepts/internet(\ |_)and(\ |_)web$ /concepts/Internet_and_Web permanent;
rewrite (?i)^/concepts/Internet(\ |_)and(\ |_)Web/About(\ |_)HTML5(\ |_)hybrid(\ |_)applications$ /concepts/Internet_and_Web/html5_hybrid_applications permanent;
rewrite (?i)^/concepts/internet(\ |_)and(\ |_)web/About(\ |_)HTML5(\ |_)hybrid(\ |_)applications$ /concepts/Internet_and_Web/About_HTML5_hybrid_applications permanent;
rewrite (?i)^/concepts/internet(\ |_)and(\ |_)web/About(\ |_)proxy(\ |_)based(\ |_)browsers$ /concepts/Internet_and_Web/About_proxy_based_browsers permanent;
rewrite (?i)^/concepts/Internet(\ |_)and(\ |_)Web/About(\ |_)proxy(\ |_)based(\ |_)browsers$ /concepts/Internet_and_Web/proxy_based_browsers permanent;
rewrite (?i)^/concepts/internet(\ |_)and(\ |_)web/how(\ |_)browsers(\ |_)work$ /concepts/Internet_and_Web/how_browsers_work permanent;
rewrite (?i)^/concepts/Internet(\ |_)and(\ |_)web/how(\ |_)does(\ |_)the(\ |_)internet(\ |_)work$ /concepts/Internet_and_Web/How_does_the_Internet_Work permanent;
rewrite (?i)^/concepts/internet(\ |_)and(\ |_)web/how(\ |_)does(\ |_)the(\ |_)internet(\ |_)work$ /concepts/Internet_and_Web/How_does_the_Internet_Work permanent;
rewrite (?i)^/concepts/internet(\ |_)and(\ |_)web/How(\ |_)does(\ |_)the(\ |_)Internet(\ |_)Work$ /concepts/Internet_and_Web/How_does_the_Internet_Work permanent;
rewrite (?i)^/concepts/internet(\ |_)and(\ |_)web/how(\ |_)does(\ |_)the(\ |_)internet(\ |_)work/es$ /concepts/Internet_and_Web/How_does_the_Internet_Work/es permanent;
rewrite (?i)^/concepts/internet(\ |_)and(\ |_)web/how(\ |_)does(\ |_)the(\ |_)internet(\ |_)work/ja$ /concepts/Internet_and_Web/How_does_the_Internet_Work/ja permanent;
rewrite (?i)^/concepts/internet(\ |_)and(\ |_)web/html5(\ |_)hybrid(\ |_)applications$ /concepts/Internet_and_Web/html5_hybrid_applications permanent;
rewrite (?i)^/concepts/internet(\ |_)and(\ |_)web/html5(\ |_)hybrid(\ |_)applications/concepts/mobile(\ |_)tools$ /concepts/Internet_and_Web/html5_hybrid_applications/concepts/mobile_tools permanent;
rewrite (?i)^/concepts/internet(\ |_)and(\ |_)web/mime(\ |_)types$ /concepts/Internet_and_Web/mime_types permanent;
rewrite (?i)^/concepts/internet(\ |_)and(\ |_)web/OAuth$ /concepts/Internet_and_Web/OAuth permanent;
rewrite (?i)^/concepts/internet(\ |_)and(\ |_)web/proxy(\ |_)based(\ |_)browsers$ /concepts/Internet_and_Web/proxy_based_browsers permanent;
rewrite (?i)^/concepts/Internet(\ |_)and(\ |_)Web/the(\ |_)history(\ |_)of(\ |_)the(\ |_)web$ /concepts/Internet_and_Web/The_History_of_the_Web permanent;
rewrite (?i)^/concepts/Internet(\ |_)and(\ |_)web/the(\ |_)history(\ |_)of(\ |_)the(\ |_)web$ /concepts/Internet_and_Web/The_History_of_the_Web permanent;
rewrite (?i)^/concepts/internet(\ |_)and(\ |_)web/the(\ |_)history(\ |_)of(\ |_)the(\ |_)web$ /concepts/Internet_and_Web/The_History_of_the_Web permanent;
rewrite (?i)^/concepts/internet(\ |_)and(\ |_)web/The(\ |_)History(\ |_)of(\ |_)the(\ |_)Web$ /concepts/Internet_and_Web/The_History_of_the_Web permanent;
rewrite (?i)^/concepts/internet(\ |_)and(\ |_)web/the(\ |_)history(\ |_)of(\ |_)the(\ |_)web/es$ /concepts/Internet_and_Web/The_History_of_the_Web/es permanent;
rewrite (?i)^/concepts/internet(\ |_)and(\ |_)web/the(\ |_)history(\ |_)of(\ |_)the(\ |_)web/ja$ /concepts/Internet_and_Web/The_History_of_the_Web/ja permanent;
rewrite (?i)^/concepts/internet(\ |_)and(\ |_)web/the(\ |_)history(\ |_)of(\ |_)the(\ |_)web/tr$ /concepts/Internet_and_Web/The_History_of_the_Web/tr permanent;
rewrite (?i)^/concepts/Internet(\ |_)and(\ |_)web/the(\ |_)web(\ |_)standards(\ |_)model$ /concepts/Internet_and_Web/the_web_standards_model permanent;
rewrite (?i)^/concepts/Internet(\ |_)and(\ |_)Web/the(\ |_)web(\ |_)standards(\ |_)model$ /concepts/Internet_and_Web/The_Web_Standards_Model permanent;
rewrite (?i)^/concepts/internet(\ |_)and(\ |_)web/The(\ |_)Web(\ |_)Standards(\ |_)Model$ /concepts/Internet_and_Web/The_Web_Standards_Model permanent;
rewrite (?i)^/concepts/internet(\ |_)and(\ |_)web/the(\ |_)web(\ |_)standards(\ |_)model$ /concepts/Internet_and_Web/the_web_standards_model permanent;
rewrite (?i)^/concepts/internet(\ |_)and(\ |_)web/the(\ |_)web(\ |_)standards(\ |_)model/ja$ /concepts/Internet_and_Web/the_web_standards_model/ja permanent;
rewrite (?i)^/concepts/Internet(\ |_)and(\ |_)Web/the(\ |_)web(\ |_)standards(\ |_)model/ja$ /concepts/Internet_and_Web/The_Web_Standards_Model/ja permanent;
rewrite (?i)^/concepts/internet(\ |_)and(\ |_)web/The(\ |_)Web(\ |_)Standards(\ |_)Model/ja$ /concepts/Internet_and_Web/The_Web_Standards_Model/ja permanent;
rewrite (?i)^/concepts/internet(\ |_)and(\ |_)web/webrtc$ /concepts/Internet_and_Web/webrtc permanent;
rewrite (?i)^/concepts/internet(\ |_)web/mime(\ |_)types$ /concepts/Internet_and_Web/mime_types permanent;
rewrite (?i)^/concepts/localisation$ /concepts/internationalization permanent;
rewrite (?i)^/concepts/mobile(\ |_)web/About(\ |_)mobile(\ |_)friendly(\ |_)web(\ |_)design(\ |_)and(\ |_)development(\ |_)overview$ /concepts/mobile_web/mobile_friendly_web_dev_overview permanent;
rewrite (?i)^/concepts/mobile(\ |_)web/About(\ |_)mobile(\ |_)JavaScript(\ |_)best(\ |_)practices$ /concepts/mobile_web/mobile_javascript_best_practices permanent;
rewrite (?i)^/concepts/mobile(\ |_)web/About(\ |_)mobile(\ |_)web$ /concepts/mobile_web/mobile_web permanent;
rewrite (?i)^/concepts/PointerEvents$ /concepts/Pointer_Events permanent;
rewrite (?i)^/concepts/Pointer(\ |_)Events(\ |_)sandbox$ /PointerEvents permanent;
rewrite (?i)^/concepts/Pointer(\ |_)Events(\ |_)sandbox/documentation$ /PointerEvents/documentation permanent;
rewrite (?i)^/concepts/Pointer(\ |_)Events(\ |_)sandbox/experimental$ /PointerEvents/experimental permanent;
rewrite (?i)^/concepts/Pointer(\ |_)Events(\ |_)sandbox/learn$ /PointerEvents/learn permanent;
rewrite (?i)^/concepts/Pointer(\ |_)Events(\ |_)sandbox/prototypes$ /PointerEvents/prototypes permanent;
rewrite (?i)^/concepts/Pointer(\ |_)Events(\ |_)sandbox/specifications$ /PointerEvents/specifications permanent;
rewrite (?i)^/concepts/Pointer(\ |_)Events(\ |_)sandbox/test$ /PointerEvents/test permanent;
rewrite (?i)^/concepts/Pointer(\ |_)Events(\ |_)sandbox/try$ /PointerEvents/try permanent;
rewrite (?i)^/concepts/programming/javascript/LiveConnect$ /concepts/programming/javascript/liveconnect permanent;
rewrite (?i)^/concepts/programming/Programming(\ |_)basics$ /concepts/programming/programming_basics permanent;
rewrite (?i)^/concepts/programming/programming(\ |_)basics/ja$ /concepts/programming/programming_basics/langja permanent;
rewrite (?i)^/concepts/programming/programming(\ |_)basics/langja$ /ja/concepts/programming/programming_basics permanent;
rewrite (?i)^/concepts/programming/The(\ |_)principles(\ |_)of(\ |_)unobtrusive(\ |_)JavaScript$ /concepts/programming/the_principles_of_unobtrusive_javascript permanent;
rewrite (?i)^/concepts/programming/The(\ |_)purpose(\ |_)of(\ |_)JavaScript$ /concepts/programming/the_purpose_of_javascript permanent;
rewrite (?i)^/concepts/programming/Variables(\ |_)in(\ |_)JavaScript$ /concepts/programming/variables_in_javascript permanent;
rewrite (?i)^/concepts/proprietary-ie-techniques$ /concepts/proprietary_internet_explorer_techniques permanent;
rewrite (?i)^/concepts/user(\ |_)experience(\ |_)design$ /concepts/ux/user_experience_design permanent;
rewrite (?i)^/concepts/ux/user(\ |_)experience(\ |_)design(\ |_)techniques$ /concepts/ux/techniques/stakeholder_mapping permanent;
rewrite (?i)^/concepts/Web(\ |_)typography$ /concepts/web_typography permanent;
rewrite (?i)^/concepts/what(\ |_)does(\ |_)a(\ |_)good(\ |_)web(\ |_)page(\ |_)need$ /concepts/ux/What_does_a_good_web_page_need permanent;
rewrite (?i)^/concepts/Wireframing(\ |_)a(\ |_)site$ /concepts/wireframing_a_site permanent;
rewrite (?i)^/cross-fade$ /css/functions/cross-fade permanent;
rewrite (?i)^/css/atrules/-ms-viewport$ /css/atrules/viewport permanent;
rewrite (?i)^/css/color/color(\ |_)table$ /css/color/ permanent;
rewrite (?i)^/css/cross-fade$ /css/functions/cross-fade permanent;
rewrite (?i)^/css/cssom/CSSRegionStyleRule$ /OLDcss/cssom/CSSRegionStyleRule permanent;
rewrite (?i)^/css/cssom/CSSRule/CSSRule$ /css/cssom/CSSRule permanent;
rewrite (?i)^/css/cssom/methods/removeImport$ /css/cssom/styleSheet/removeImport permanent;
rewrite (?i)^/css/cssom/methods/removeProperty$ /css/cssom/CSSStyleDeclaration/removeProperty permanent;
rewrite (?i)^/css/cssom/methods/removeRule$ /css/cssom/styleSheet/removeRule permanent;
rewrite (?i)^/css/cssom/methods/setProperty$ /css/cssom/CSSStyleDeclaration/setProperty permanent;
rewrite (?i)^/css/cssom/NamedFlow$ /apis/css-regions/NamedFlow permanent;
rewrite (?i)^/css/cssom/NamedFlow/firstEmptyRegionIndex$ /apis/css-regions/NamedFlow/firstEmptyRegionIndex permanent;
rewrite (?i)^/css/cssom/NamedFlow/getContent$ /apis/css-regions/NamedFlow/getContent permanent;
rewrite (?i)^/css/cssom/NamedFlow/getNamedFlows$ /apis/css-regions/NamedFlow/getNamedFlows permanent;
rewrite (?i)^/css/cssom/NamedFlow/getRegions$ /apis/css-regions/NamedFlow/getRegions permanent;
rewrite (?i)^/css/cssom/NamedFlow/getRegionsByContent$ /apis/css-regions/NamedFlow/getRegionsByContent permanent;
rewrite (?i)^/css/cssom/NamedFlow/name$ /apis/css-regions/NamedFlow/name permanent;
rewrite (?i)^/css/cssom/NamedFlow/overset$ /apis/css-regions/NamedFlow/overset permanent;
rewrite (?i)^/css/cssom/NamedFlow/regionlayoutupdate$ /apis/css-regions/NamedFlow/regionlayoutupdate permanent;
rewrite (?i)^/css/cssom/Region$ /apis/css-regions/Region permanent;
rewrite (?i)^/css/cssom/Region/getComputedRegionStyle$ /apis/css-regions/Region/getComputedRegionStyle permanent;
rewrite (?i)^/css/cssom/Region/getRegionFlowRanges$ /apis/css-regions/Region/getRegionFlowRanges permanent;
rewrite (?i)^/css/cssom/Region/regionOverset$ /apis/css-regions/Region/regionOverset permanent;
rewrite (?i)^/css/data(\ |_)types/uri$ /css/data_types/url permanent;
rewrite (?i)^/css/flexbox$ /css/properties/flex permanent;
rewrite (?i)^/css/functions/transition-timing-function$ /css/properties/transition-timing-function permanent;
rewrite (?i)^/css/linear-gradient$ /css/functions/linear-gradient permanent;
rewrite (?i)^/css/Mediaqueries$ /css/mediaqueries permanent;
rewrite (?i)^/css/media(\ |_)queries/behavior$ /css/properties/behavior permanent;
rewrite (?i)^/css/Namespaces$ /css/namespaces permanent;
rewrite (?i)^/css/properties/-ms-block-progression$ /css/properties/block-progression permanent;
rewrite (?i)^/css/properties/-ms-box-align$ /css/properties/box-align permanent;
rewrite (?i)^/css/properties/-ms-box-direction$ /css/properties/box-direction permanent;
rewrite (?i)^/css/properties/-ms-box-flex$ /css/properties/box-flex permanent;
rewrite (?i)^/css/properties/-ms-box-line-progression$ /css/properties/box-line-progression permanent;
rewrite (?i)^/css/properties/-ms-box-lines$ /css/properties/box-lines permanent;
rewrite (?i)^/css/properties/-ms-box-ordinal-group$ /css/properties/box-ordinal-group permanent;
rewrite (?i)^/css/properties/-ms-box-pack$ /css/properties/box-pack permanent;
rewrite (?i)^/css/properties/-ms-content-zoom-factor$ /css/properties/msContentZoomFactor permanent;
rewrite (?i)^/css/properties/-ms-flex-align$ /css/properties/flex-align permanent;
rewrite (?i)^/css/properties/-ms-flex-item-align$ /css/properties/flex-item-align permanent;
rewrite (?i)^/css/properties/-ms-flex-line-pack$ /css/properties/flex-line-pack permanent;
rewrite (?i)^/css/properties/-ms-flex-order$ /css/properties/flex-order permanent;
rewrite (?i)^/css/properties/-ms-flex-pack$ /css/properties/justify-content permanent;
rewrite (?i)^/css/properties/-ms-linear-gradient$ /css/functions/linear-gradient permanent;
rewrite (?i)^/css/properties/animation/animation$ /css/properties/animation permanent;
rewrite (?i)^/css/properties/box-align$ /css/properties/align-items permanent;
rewrite (?i)^/css/Properties/color$ /css/properties/color permanent;
rewrite (?i)^/css/properties/flex-align$ /css/properties/align-items permanent;
rewrite (?i)^/css/properties/flex-item-align$ /css/properties/align-self permanent;
rewrite (?i)^/css/properties/flex-line-pack$ /css/properties/align-content permanent;
rewrite (?i)^/css/properties/flex-order$ /css/properties/order permanent;
rewrite (?i)^/css/properties/flex-pack$ /css/properties/justify-content permanent;
rewrite (?i)^/css/properties/foo$ /css/properties/grid-row permanent;
rewrite (?i)^/css/properties/mask-border-image$ /css/properties/mask-border permanent;
rewrite (?i)^/css/properties/mask-box-image$ /css/properties/mask-border-image permanent;
rewrite (?i)^/css/properties/mask-box-image-outset$ /css/properties/mask-border-outset permanent;
rewrite (?i)^/css/properties/mask-box-image-repeat$ /css/properties/mask-border-repeat permanent;
rewrite (?i)^/css/properties/mask-box-image-slice$ /css/properties/mask-border-slice permanent;
rewrite (?i)^/css/properties/mask-box-image-source$ /css/properties/mask-border-source permanent;
rewrite (?i)^/css/properties/mask-box-image-width$ /css/properties/mask-border-width permanent;
rewrite (?i)^/css/properties/mask-source-type$ /css/properties/mask-mode permanent;
rewrite (?i)^/css/properties/ms-block-progression$ /css/properties/-ms-block-progression permanent;
rewrite (?i)^/css/properties/ms-box-align$ /css/properties/-ms-box-align permanent;
rewrite (?i)^/css/properties/ms-box-direction$ /css/properties/-ms-box-direction permanent;
rewrite (?i)^/css/properties/ms-box-flex$ /css/properties/-ms-box-flex permanent;
rewrite (?i)^/css/properties/ms-box-line-progression$ /css/properties/-ms-box-line-progression permanent;
rewrite (?i)^/css/properties/ms-box-lines$ /css/properties/-ms-box-lines permanent;
rewrite (?i)^/css/properties/ms-box-ordinal-group$ /css/properties/-ms-box-ordinal-group permanent;
rewrite (?i)^/css/properties/ms-box-orient$ /css/properties/-ms-box-orient permanent;
rewrite (?i)^/css/properties/ms-box-pack$ /css/properties/-ms-box-pack permanent;
rewrite (?i)^/css/properties/ms-content-zoom-chaining$ /css/properties/-ms-content-zoom-chaining permanent;
rewrite (?i)^/css/properties/ms-content-zoom-factor$ /css/properties/msContentZoomFactor permanent;
rewrite (?i)^/css/properties/ms-content-zoom-limit$ /css/properties/-ms-content-zoom-limit permanent;
rewrite (?i)^/css/properties/ms-content-zoom-limit-max$ /css/properties/-ms-content-zoom-limit-max permanent;
rewrite (?i)^/css/properties/ms-content-zoom-limit-min$ /css/properties/-ms-content-zoom-limit-min permanent;
rewrite (?i)^/css/properties/ms-content-zoom-snap$ /css/properties/-ms-content-zoom-snap permanent;
rewrite (?i)^/css/properties/ms-content-zoom-snap-points$ /css/properties/-ms-content-zoom-snap-points permanent;
rewrite (?i)^/css/properties/ms-content-zoom-snap-type$ /css/properties/-ms-content-zoom-snap-type permanent;
rewrite (?i)^/css/properties/ms-content-zooming$ /css/properties/-ms-content-zooming permanent;
rewrite (?i)^/css/properties/ms-flex$ /css/properties/-ms-flex permanent;
rewrite (?i)^/css/properties/ms-flex-align$ /css/properties/-ms-flex-align permanent;
rewrite (?i)^/css/properties/ms-flex-direction$ /css/properties/-ms-flex-direction permanent;
rewrite (?i)^/css/properties/ms-flex-flow$ /css/properties/-ms-flex-flow permanent;
rewrite (?i)^/css/properties/ms-flex-item-align$ /css/properties/-ms-flex-item-align permanent;
rewrite (?i)^/css/properties/ms-flex-line-pack$ /css/properties/-ms-flex-line-pack permanent;
rewrite (?i)^/css/properties/ms-flex-order$ /css/properties/-ms-flex-order permanent;
rewrite (?i)^/css/properties/ms-flex-pack$ /css/properties/-ms-flex-pack permanent;
rewrite (?i)^/css/properties/ms-flex-wrap$ /css/properties/-ms-flex-wrap permanent;
rewrite (?i)^/css/properties/ms-grid-column$ /css/properties/grid-column permanent;
rewrite (?i)^/css/properties/ms-grid-column-span$ /css/properties/grid-column-span permanent;
rewrite (?i)^/css/properties/ms-hyphenate-limit-lines$ /css/properties/hyphenate-limit-lines permanent;
rewrite (?i)^/css/properties/ms-hyphens$ /css/properties/hyphens permanent;
rewrite (?i)^/css/properties/ms-touch-action$ /css/properties/-ms-touch-action permanent;
rewrite (?i)^/css/Properties/opacity$ /css/properties/opacity permanent;
rewrite (?i)^/css/properties/region-break-after$ /css/properties/break-after permanent;
rewrite (?i)^/css/properties/region-break-before$ /css/properties/break-before permanent;
rewrite (?i)^/css/properties/region-break-inside$ /css/properties/break-inside permanent;
rewrite (?i)^/css/properties/region-overflow$ /css/properties/region-fragment permanent;
rewrite (?i)^/css/properties/region-verflow$ /css/properties/region-overflow permanent;
rewrite (?i)^/css/radial-gradient$ /css/functions/radial-gradient permanent;
rewrite (?i)^/css/repeating-linear-gradient$ /css/functions/repeating-linear-gradient permanent;
rewrite (?i)^/css/repeating-radial-gradient$ /css/functions/repeating-radial-gradient permanent;
rewrite (?i)^/css/selectors/-ms-scrollbar-shadow-color$ /css/properties/-ms-scrollbar-shadow-color permanent;
rewrite (?i)^/css/selectors/border-image$ /css/properties/border-image permanent;
rewrite (?i)^/css/selectors/cursor$ /css/properties/cursor permanent;
rewrite (?i)^/css/selectors/outline$ /css/properties/outline permanent;
rewrite (?i)^/css/selectors/outline-color$ /css/properties/outline-color permanent;
rewrite (?i)^/css/selectors/outline-style$ /css/properties/outline-style permanent;
rewrite (?i)^/css/selectors/outline-width$ /css/properties/outline-width permanent;
rewrite (?i)^/css/selectors/pseudo-classes/Dynamic(\ |_)pseudo-classes$ /css/selectors/pseudo-classes permanent;
rewrite (?i)^/css/selectors/Type$ /css/selectors/type permanent;
rewrite (?i)^/css/selectors/user-select$ /css/properties/user-select permanent;
rewrite (?i)^/css/selectors/zoom$ /css/properties/zoom permanent;
rewrite (?i)^/css/text/word-spacing/word-spacing$ /css/properties/word-spacing permanent;
rewrite (?i)^/css/Training$ /css/tutorials permanent;
rewrite (?i)^/css/transforms$ /css/properties/transform permanent;
rewrite (?i)^/css/transforms/transform$ /css/properties/transform permanent;
rewrite (?i)^/css/tutorials/css-regions$ /tutorials/css-regions permanent;
rewrite (?i)^/css/units/color$ /css/data_types/color permanent;
rewrite (?i)^/css/units/text$ /css/data_types/text permanent;
rewrite (?i)^/data$ /html/elements/data permanent;
rewrite (?i)^/dom/events/DOMContentLoaded$ /dom/Event/DOMContentLoaded permanent;
rewrite (?i)^/dom/events/load$ /dom/Element/load permanent;
rewrite (?i)^/dom/images$ /dom/Image permanent;
rewrite (?i)^/dom/object/PointerEvent/pointercancel$ /dom/objects/PointerEvent/pointercancel permanent;
rewrite (?i)^/guides/css(\ |_)shorthand(\ |_)reference$ /guides/css_shorthand permanent;
rewrite (?i)^/guides/html5(\ |_)form(\ |_)features$ /tutorials/html5_form_features permanent;
rewrite (?i)^/html/attributes/BGCOLOR(\ |_)html(\ |_)attribute$ /html/attributes/BGCOLOR permanent;
rewrite (?i)^/html/attributes/dateTime$ /html/attributes/datetime permanent;
rewrite (?i)^/html/attributes/longDesc$ /html/attributes/longdesc permanent;
rewrite (?i)^/html/attributes/readOnly$ /html/attributes/readonly permanent;
rewrite (?i)^/html/attributes/STYLE(\ |_)html(\ |_)attribute$ /html/attributes/style permanent;
rewrite (?i)^/html/attributes/type(\ |_)type(\ |_)a(\ |_)link(\ |_)embed$ /html/attributes/type permanent;
rewrite (?i)^/html/elements/applets$ /html/elements/applet permanent;
rewrite (?i)^/html/elements/comment$ /html/elements/html_comment_data-type permanent;
rewrite (?i)^/html/elements/dl-test$ /html/elements/dl permanent;
rewrite (?i)^/html(\ |_)text/es$ /guides/html_text/es permanent;
rewrite (?i)^/http$ /concepts/protocols/http permanent;
rewrite (?i)^/ImageCapture$ /apis/image_capture/ImageCapture permanent;
rewrite (?i)^/javascript/regular(\ |_)expression/compile$ /javascript/RegExp/compile permanent;
rewrite (?i)^/javascript/regular(\ |_)expression/exec$ /javascript/RegExp/exec permanent;
rewrite (?i)^/javascript/regular(\ |_)expression/global$ /javascript/RegExp/global permanent;
rewrite (?i)^/javascript/regular(\ |_)expression/ignoreCase$ /javascript/RegExp/ignoreCase permanent;
rewrite (?i)^/javascript/regular(\ |_)expression/multiline$ /javascript/RegExp/multiline permanent;
rewrite (?i)^/javascript/regular(\ |_)expression/source$ /javascript/RegExp/source permanent;
rewrite (?i)^/javascript/regular(\ |_)expression/sticky$ /javascript/RegExp/sticky permanent;
rewrite (?i)^/javascript/regular(\ |_)expression/test$ /javascript/RegExp/test permanent;
rewrite (?i)^/javascript/regular(\ |_)expression/unicode$ /javascript/RegExp/unicode permanent;
rewrite (?i)^/JavaScript(\ |_)animation$ /tutorials/animation_in_javascript_2 permanent;
rewrite (?i)^/js/objects/parseFloat$ /javascript/functions/parseFloat permanent;
rewrite (?i)^/js/objects/parseInt$ /javascript/functions/parseInt permanent;
rewrite (?i)^/keygen$ /html/elements/keygen permanent;
rewrite (?i)^/Main(\ |_)Page/zh-hans$ /Main_Page/zh permanent;
rewrite (?i)^/mask-composite$ /css/properties/mask-composite permanent;
rewrite (?i)^/Proposalstest/css(\ |_)properties(\ |_)display$ /WPD/Proposals/CSS_Property_Milestone/css_prop_enhancements/test/css_properties_display permanent;
rewrite (?i)^/rb$ /html/elements/rb permanent;
rewrite (?i)^/rp$ /html/elements/rp permanent;
rewrite (?i)^/rtc$ /html/elements/rtc permanent;
rewrite (?i)^/Styling(\ |_)lists(\ |_)and(\ |_)links$ /guides/Styling_lists_and_links permanent;
rewrite (?i)^/svg/elements/feColorMix$ /svg/elements/feColorMatrix permanent;
rewrite (?i)^/svg/elements/feFuncGelement$ /svg/elements/feFuncG permanent;
rewrite (?i)^/svg/elements/patterrn$ /svg/elements/pattern permanent;
rewrite (?i)^/svg/tutorials/smarter(\ |_)svg(\ |_)basics$ /svg/tutorials/smarter_svg_shapes permanent;
rewrite (?i)^/svg/tutorials/smarter(\ |_)svg(\ |_)filter$ /svg/tutorials/smarter_svg_filters permanent;
rewrite (?i)^/svg/tutorials/smarter(\ |_)svg(\ |_)interaction$ /Meta/svg/tutorials/smarter_svg_interaction permanent;
rewrite (?i)^/svg/tutorials/smarter(\ |_)svg(\ |_)scope$ /svg/tutorials/smarter_svg_overview permanent;
rewrite (?i)^/svg/tutorials/smarter(\ |_)svg(\ |_)script$ /svg/tutorials/smarter_svg_interaction permanent;
rewrite (?i)^/sxsw(\ |_)talk(\ |_)proposal$ /WPD/sxsw_talk_proposal permanent;
rewrite (?i)^/tutorial/html(\ |_)links$ /guides/html_lists permanent;
rewrite (?i)^/tutorial/JavaScript-Statements$ /tutorials/javascript_statements permanent;
rewrite (?i)^/tutorials/Absolute(\ |_)and(\ |_)fixed(\ |_)positioning$ /tutorials/absolute_and_fixed_positioning permanent;
rewrite (?i)^/tutorials/advanced(\ |_)selectors$ /guides/advanced_selectors_guide permanent;
rewrite (?i)^/tutorials/anim(\ |_)animations$ /Meta/anim_animations permanent;
rewrite (?i)^/tutorials/Animation(\ |_)in(\ |_)JavaScript$ /tutorials/animation_in_javascript permanent;
rewrite (?i)^/tutorials/Animations(\ |_)in(\ |_)SVG$ /tutorials/animations_in_svg permanent;
rewrite (?i)^/tutorials/anim(\ |_)transforms$ /Meta/anim_transforms permanent;
rewrite (?i)^/tutorials/Audio(\ |_)and(\ |_)video$ /tutorials/audio_and_video permanent;
rewrite (?i)^/tutorials/Background(\ |_)images$ /tutorials/using_css_background_images permanent;
rewrite (?i)^/tutorials/basic(\ |_)shapes$ /tutorials/basic_svg_shapes permanent;
rewrite (?i)^/tutorials/Basic(\ |_)shapes$ /tutorials/basic_shapes permanent;
rewrite (?i)^/tutorials/Box(\ |_)model$ /tutorials/box_model permanent;
rewrite (?i)^/tutorials/Building(\ |_)SVG(\ |_)paths$ /tutorials/building_svg_paths permanent;
rewrite (?i)^/tutorials/Building(\ |_)web(\ |_)apps$ /tutorials/building_web_apps permanent;
rewrite (?i)^/tutorials/Building(\ |_)web(\ |_)games$ /tutorials/building_web_games permanent;
rewrite (?i)^/tutorials/Closures$ /tutorials/closures permanent;
rewrite (?i)^/tutorials/Color(\ |_)in(\ |_)CSS$ /tutorials/setting_color_in_css permanent;
rewrite (?i)^/tutorials/Creating(\ |_)and(\ |_)modifying(\ |_)HTML$ /tutorials/creating_and_modifying_html permanent;
rewrite (?i)^/tutorials/Creating(\ |_)basic(\ |_)navigation(\ |_)menus$ /tutorials/creating_basic_navigation_menus permanent;
rewrite (?i)^/tutorials/creating(\ |_)prototypes$ /concepts/creating_prototypes permanent;
rewrite (?i)^/tutorials/CSS3(\ |_)animations$ /tutorials/css_animations permanent;
rewrite (?i)^/tutorials/CSS3(\ |_)transforms$ /tutorials/css_transforms permanent;
rewrite (?i)^/tutorials/CSS3(\ |_)transitions$ /tutorials/css_transitions permanent;
rewrite (?i)^/tutorials/CSS(\ |_)border-image$ /tutorials/css_border_image permanent;
rewrite (?i)^/tutorials/CSS(\ |_)box-shadow$ /tutorials/css_box_shadow permanent;
rewrite (?i)^/tutorials/CSS(\ |_)gradients$ /tutorials/creating_gradients_in_css permanent;
rewrite (?i)^/tutorials/CSS(\ |_)text(\ |_)quick(\ |_)start$ /tutorials/css_text_quick_start permanent;
rewrite (?i)^/tutorials/CSS(\ |_)text(\ |_)styling(\ |_)advanced$ /guides/advanced_css_text_styling permanent;
rewrite (?i)^/tutorials/css(\ |_)text(\ |_)styling(\ |_)fundamentals$ /guides/css_text_styling_fundamentals permanent;
rewrite (?i)^/tutorials/custom(\ |_)filters$ /Meta/tutorials/custom_filters permanent;
rewrite (?i)^/tutorials/Debugging(\ |_)CSS$ /tutorials/debugging_css permanent;
rewrite (?i)^/tutorials/doctypes(\ |_)and(\ |_)markup(\ |_)styles$ /guides/doctypes_and_markup_styles permanent;
rewrite (?i)^/tutorials/Events(\ |_)in(\ |_)JavaScript$ /tutorials/events_in_javascript permanent;
rewrite (?i)^/tutorials/External(\ |_)content(\ |_)in(\ |_)SVG$ /tutorials/external_content_in_svg permanent;
rewrite (?i)^/tutorials/Fills(\ |_)and(\ |_)strokes(\ |_)in(\ |_)SVG$ /tutorials/fills_and_strokes_in_svg permanent;
rewrite (?i)^/tutorials/Floats(\ |_)and(\ |_)clearing$ /tutorials/floats_and_clearing permanent;
rewrite (?i)^/tutorials/Forms$ /tutorials/forms permanent;
rewrite (?i)^/tutorials/Generated(\ |_)content$ /tutorials/generated_content permanent;
rewrite (?i)^/tutorials/getting(\ |_)started(\ |_)with(\ |_)css$ /guides/getting_started_with_css permanent;
rewrite (?i)^/tutorials/Getting(\ |_)your(\ |_)content(\ |_)online$ /tutorials/Getting_Your_Content_Online permanent;
rewrite (?i)^/tutorials/getting(\ |_)your(\ |_)content(\ |_)online$ /tutorials/Getting_Your_Content_Online permanent;
rewrite (?i)^/tutorials/google-chrome-frame$ /tutorials/google_chrome_frame permanent;
rewrite (?i)^/tutorials/Graceful(\ |_)degradation(\ |_)versus(\ |_)progressive(\ |_)enhancement$ /tutorials/graceful_degradation_versus_progressive_enhancement permanent;
rewrite (?i)^/tutorials/how(\ |_)browsers(\ |_)work$ /concepts/Internet_and_Web/how_browsers_work permanent;
rewrite (?i)^/tutorials/html(\ |_)forms(\ |_)basics$ /guides/html_forms_basics permanent;
rewrite (?i)^/tutorials/html(\ |_)links$ /guides/html_links permanent;
rewrite (?i)^/tutorials/html(\ |_)lists$ /guides/html_lists permanent;
rewrite (?i)^/tutorials/html(\ |_)structural(\ |_)elements$ /guides/html_structural_elements permanent;
rewrite (?i)^/tutorials/html(\ |_)tables$ /guides/html_tables permanent;
rewrite (?i)^/tutorials/html(\ |_)text$ /guides/html_text permanent;
rewrite (?i)^/tutorials/html(\ |_)validation$ /guides/html_validation permanent;
rewrite (?i)^/tutorials/images(\ |_)in(\ |_)html$ /guides/images_in_html permanent;
rewrite (?i)^/tutorials/Information(\ |_)Architecture(\ |_)-(\ |_)planning(\ |_)out(\ |_)a(\ |_)web(\ |_)site$ /tutorials/information_architecture/Planning_out_a_website permanent;
rewrite (?i)^/tutorials/intro(\ |_)web(\ |_)audio(\ |_)api(\ |_)1$ /tutorials/audio/intro_web_audio_api_1 permanent;
rewrite (?i)^/tutorials/intro(\ |_)web(\ |_)audio(\ |_)api(\ |_)2$ /tutorials/audio/intro_web_audio_api_2 permanent;
rewrite (?i)^/tutorials/JavaScript-About$ /tutorials/javascript_about permanent;
rewrite (?i)^/tutorials/JavaScript(\ |_)best(\ |_)practices$ /tutorials/javascript_best_practices permanent;
rewrite (?i)^/tutorials/JavaScript(\ |_)for(\ |_)mobile/Best(\ |_)practices(\ |_)when(\ |_)writing(\ |_)for(\ |_)mobile$ /tutorials/JavaScript_for_mobile/best_practices_when_writing_for_mobile permanent;
rewrite (?i)^/tutorials/JavaScript(\ |_)functions$ /tutorials/javascript_functions permanent;
rewrite (?i)^/tutorials/Layout(\ |_)fundamentals$ /tutorials/layout_fundamentals permanent;
rewrite (?i)^/tutorials/lesser-known(\ |_)semantic(\ |_)elements$ /guides/lesser-known_semantic_elements permanent;
rewrite (?i)^/tutorials/List(\ |_)basics$ /tutorials/using_specific_list_styles permanent;
rewrite (?i)^/tutorials/Location$ /tutorials/location permanent;
rewrite (?i)^/tutorials/Making(\ |_)CSS(\ |_)easier(\ |_)to(\ |_)read$ /tutorials/making_css_easier_to_read permanent;
rewrite (?i)^/tutorials/Manipulating(\ |_)CSS(\ |_)with(\ |_)JavaScript$ /tutorials/manipulating_css_with_javascript permanent;
rewrite (?i)^/tutorials/Manipulating(\ |_)replaced(\ |_)element(\ |_)content(\ |_)with(\ |_)object-fit$ /tutorials/object_fit permanent;
rewrite (?i)^/tutorials/Media(\ |_)queries$ /tutorials/media_queries permanent;
rewrite (?i)^/tutorials/Mobile$ /tutorials/mobile_optimization_best_practices permanent;
rewrite (?i)^/tutorials/more(\ |_)about(\ |_)the(\ |_)html(\ |_)head$ /guides/more_about_the_html_head permanent;
rewrite (?i)^/tutorials/Objects(\ |_)in(\ |_)JavaScript$ /tutorials/objects_in_javascript permanent;
rewrite (?i)^/tutorials/Offline$ /tutorials/offline permanent;
rewrite (?i)^/tutorials/Optimizing(\ |_)CSS$ /tutorials/optimizing_css permanent;
rewrite (?i)^/tutorials/Position(\ |_)and(\ |_)transformation$ /tutorials/position_and_transformation permanent;
rewrite (?i)^/tutorials/Programming(\ |_)-(\ |_)the(\ |_)real(\ |_)basics$ /concepts/programming/programming_basics permanent;
rewrite (?i)^/tutorials/Responsive(\ |_)layouts$ /tutorials/responsive_layouts permanent;
rewrite (?i)^/tutorials/Scripting(\ |_)SVG$ /tutorials/scripting_svg permanent;
rewrite (?i)^/tutorials/selectors(\ |_)fundamentals$ /tutorials/using_selectors permanent;
rewrite (?i)^/tutorials/State(\ |_)in(\ |_)CSS$ /tutorials/state_in_css permanent;
rewrite (?i)^/tutorials/Static(\ |_)and(\ |_)relative(\ |_)positioning$ /tutorials/static_and_relative_positioning permanent;
rewrite (?i)^/tutorials/Styling(\ |_)forms$ /guides/styling_forms_guide permanent;
rewrite (?i)^/tutorials/Styling(\ |_)lists(\ |_)and(\ |_)links$ /tutorials/styling_lists_and_links permanent;
rewrite (?i)^/tutorials/Styling(\ |_)SVG(\ |_)with(\ |_)CSS$ /tutorials/styling_svg_with_css permanent;
rewrite (?i)^/tutorials/Styling(\ |_)tables$ /guides/styling_tables permanent;
rewrite (?i)^/tutorials/Styling(\ |_)XML(\ |_)data(\ |_)with(\ |_)CSS$ /tutorials/styling_xml_with_css permanent;
rewrite (?i)^/tutorials/SVG(\ |_)clipping(\ |_)and(\ |_)masking$ /tutorials/svg_clipping_and_masking permanent;
rewrite (?i)^/tutorials/SVG(\ |_)filters$ /tutorials/svg_filters permanent;
rewrite (?i)^/tutorials/SVG(\ |_)fonts$ /tutorials/svg_fonts permanent;
rewrite (?i)^/tutorials/SVG(\ |_)gradients$ /tutorials/svg_gradients permanent;
rewrite (?i)^/tutorials/SVG(\ |_)image(\ |_)element$ /tutorials/svg_image_element permanent;
rewrite (?i)^/tutorials/SVG(\ |_)introduction$ /tutorials/svg_introduction permanent;
rewrite (?i)^/tutorials/SVG(\ |_)links$ /tutorials/svg_links permanent;
rewrite (?i)^/tutorials/SVG(\ |_)pattern(\ |_)fills$ /tutorials/svg_pattern_fills permanent;
rewrite (?i)^/tutorials/SVG(\ |_)syntax(\ |_)and(\ |_)deployment$ /tutorials/svg_syntax_and_deployment permanent;
rewrite (?i)^/tutorials/Table(\ |_)styling(\ |_)basics$ /tutorials/table_styling_basics permanent;
rewrite (?i)^/tutorials/Targetting(\ |_)CSS(\ |_)at(\ |_)different(\ |_)media(\ |_)types$ /tutorials/targetting_css_at_different_media permanent;
rewrite (?i)^/tutorials/the(\ |_)basics(\ |_)of(\ |_)html$ /guides/the_basics_of_html permanent;
rewrite (?i)^/tutorials/the(\ |_)html(\ |_)head$ /guides/the_html_head permanent;
rewrite (?i)^/tutorials/Traversing(\ |_)the(\ |_)DOM$ /tutorials/traversing_the_dom permanent;
rewrite (?i)^/tutorials/Using(\ |_)text(\ |_)in(\ |_)SVG$ /tutorials/using_text_in_svg permanent;
rewrite (?i)^/tutorials/Using(\ |_)Web(\ |_)Audio$ /tutorials/using_web_audio permanent;
rewrite (?i)^/tutorials/using(\ |_)web(\ |_)audio(\ |_)api(\ |_)pt1$ /tutorials/intro_web_audio_api_1 permanent;
rewrite (?i)^/tutorials/what(\ |_)is(\ |_)css$ /tutorials/learning_what_css_is permanent;
rewrite (?i)^/tutorials/why(\ |_)use(\ |_)css$ /tutorials/learning_why_we_use_css permanent;
rewrite (?i)^/tutorials/Your(\ |_)first(\ |_)look(\ |_)at(\ |_)JavaScript$ /tutorials/your_first_look_at_javascript permanent;